[DATA_POINT]
1="tcp_connect"
2="tcp_connection_count"
3="ssl_session_new"
4="mic_recv"
5="HTTP_200"
6="HTTP_400"
7="HTTP_201"
8="HTTP_301"
9="tcp_shutdown"
[END_TRANSACTION]
1="vuser_init_Transaction"
2="https://dev-boomq.pflb.ru/"
3="https://dev-boomq.pflb.ru/static/media/loading.b59fa25397e07d75b9ac55ace151e625.svg"
4="https://dev-boomq.pflb.ru/static/media/logo.f5ae2890e77693e018920d4ad41c643c.svg"
5="https://dev-boomq.pflb.ru/static/media/Montserrat-Regular.3db65dc4b858f0fed4fb.woff"
6="https://dev-boomq.pflb.ru/static/media/Montserrat-SemiBold.197213592de7a2a62e06.woff"
7="https://dev-boomq.pflb.ru/static/css/main.64a4c65b.css"
8="https://dev-boomq.pflb.ru/authorize"
9="https://dev-boomq.pflb.ru/static/media/Montserrat-Bold.180ba33d8de7dcfe80a0.woff"
100="UC06_TR03_add_new_report"
101="https://dev-boomq.pflb.ru/test-srv/test"
102="test_Action_309"
103="project_2_Action_323"
104="https://dev-boomq.pflb.ru/test-srv/test/label?query="
105="label_2_Action_333"
106="https://dev-boomq.pflb.ru/test-srv/user"
107="user_4_Action_343"
108="https://dev-boomq.pflb.ru/test-srv/test?sort=createDate,desc&displayState=INITIALIZATION,WAITING,RUNNING,TEST_STOPPING"
109="test_2_Action_353"
110="https://dev-boomq.pflb.ru/test-srv/test?sort=createDate,desc&page=0&size=7"
111="test_3_Action_363"
112="UC03_TR04_start_test"
113="UC03_TR05_sign_out"
114="Action_Transaction"
115="13_2_Action_222"
116="https://dev-boomq.pflb.ru/auth-srv/teamMember?teamId=13&page=0&size=2"
117="teamMember_Action_236"
118="UC_01_TR_03_Edit_group"
119="https://dev-boomq.pflb.ru/auth-srv/teamMember?teamId=13"
120="teamMember_2_Action_282"
121="teamMember_3_Action_295"
122="UC_01_TR_05_Add_member"
123="teamMember_5_Action_312"
124="UC_01_TR_06_Copy_invite_link"
125="https://dev-boomq.pflb.ru/test-srv/test?sort=createDate,desc&size=999999&projectId=2519&state=FINISHED,FAILED,CANCELED"
126="test_Action_254"
127="UC05_TR04_Select_test"
128="UC05_TR05_Select_test_runs"
129="https://dev-boomq.pflb.ru/project-srv/project"
130="https://dev-boomq.pflb.ru/static/media/check.9725c0396328bae9471b624111fc14ca.svg"
131="project_2_Action_210"
132="UC02_TR03_create_new_test"
133="UC02_TR04_sign_out"
134="UC_01_TR_07_Exit"
135="https://dev-boomq.pflb.ru/auth-srv/invite/8h3lGYPlQPZr_EexYxs4XeHiRcQ6rDTFf6a4SiW3v7ZKddkierP7Oa4ckAwCnpKtsHReepKdjuqyVw4RlTgJEed-lujtrxvrj6a6NQaA8i4="
136="https://dev-boomq.pflb.ru/change-password"
137="YJ4JGWAnMH-JhZ5GT-gOPcA-_Action_358"
138="UC_01_TR_08_Insert_invite_link"
139="modelSchema_2_Action_381"
140="user_3_Action_397"
141="team_3_Action_411"
142="teamContext_2_Action_421"
143="testRunner_2_Action_431"
144="UC_01_TR_09_Input_password"
145="https://dev-boomq.pflb.ru/report-srv/report"
146="report_Action_258"
147="https://dev-boomq.pflb.ru/report-srv/report/1402"
148="1182_Action_271"
149="https://dev-boomq.pflb.ru/report-srv/report/1402/content"
150="content_Action_281"
151="test_2_Action_291"
152="UC06_TR05_reportname"
153="UC06_TR06_sign_out"
154="https://dev-boomq.pflb.ru/test-srv/slaReportProfile/slaTypeList"
155="slaTypeList_Action_277"
156="https://dev-boomq.pflb.ru/test-srv/slaReportProfile/previewReport"
157="previewReport_Action_292"
158="UC05_TR06_Next"
159="previewReport_2_Action_312"
160="UC_01_TR_10_Exit"
161="previewReport_3_Action_327"
162="UC05_TR07_Add_Chart"
163="previewReport_4_Action_346"
164="previewReport_5_Action_361"
165="UC05_TR08_Add_table"
166="slaReportProfile_2_Action_380"
167="UC05_TR09_Save"
168="UC05_TR10_Exit"
169="https://dev-boomq.pflb.ru/project-srv/project/2762"
170="https://dev-boomq.pflb.ru/project-srv/project/2762/version/3803"
171="https://dev-boomq.pflb.ru/project-srv/project/2762/version/3803/downloadLink"
172="https://dev-boomq.pflb.ru/minio/boomq/boomq/teams/13/projects/2762/v_3803.yaml?X-Amz-Algorithm=AWS4-HMAC-SHA256&X-Amz-Credential=AKIAIOSFODNN7EXAMPLE/20240618/us-east-1/s3/aws4_request&X-Amz-Date=20240618T165914Z&X-Amz-Expires=604800&X-Amz-SignedHeaders=host&X-Amz-Signature=281f1ce76965215f9f2130c6755ded86f0b23a7e3d13bd4a9c104e9731825271"
173="https://dev-boomq.pflb.ru/project-srv/project/2615"
174="https://dev-boomq.pflb.ru/project-srv/project/2615/version/3653"
175="https://dev-boomq.pflb.ru/project-srv/project/2615/version/3653/downloadLink"
176="https://dev-boomq.pflb.ru/minio/boomq/boomq/teams/13/projects/2615/v_3653.yaml?X-Amz-Algorithm=AWS4-HMAC-SHA256&X-Amz-Credential=AKIAIOSFODNN7EXAMPLE/20240618/us-east-1/s3/aws4_request&X-Amz-Date=20240618T165914Z&X-Amz-Expires=604800&X-Amz-SignedHeaders=host&X-Amz-Signature=281f1ce76965215f9f2130c6755ded86f0b23a7e3d13bd4a9c104e9731825271"
177="https://dev-boomq.pflb.ru/project-srv/project/2616"
178="https://dev-boomq.pflb.ru/project-srv/project/2616/version/3654"
179="https://dev-boomq.pflb.ru/project-srv/project/2616/version/3654/downloadLink"
180="https://dev-boomq.pflb.ru/minio/boomq/boomq/teams/13/projects/2616/v_3654.yaml?X-Amz-Algorithm=AWS4-HMAC-SHA256&X-Amz-Credential=AKIAIOSFODNN7EXAMPLE/20240618/us-east-1/s3/aws4_request&X-Amz-Date=20240618T165914Z&X-Amz-Expires=604800&X-Amz-SignedHeaders=host&X-Amz-Signature=281f1ce76965215f9f2130c6755ded86f0b23a7e3d13bd4a9c104e9731825271"
181="https://dev-boomq.pflb.ru/project-srv/project/2763"
182="https://dev-boomq.pflb.ru/project-srv/project/2763/version/3804"
183="https://dev-boomq.pflb.ru/project-srv/project/2763/version/3804/downloadLink"
184="https://dev-boomq.pflb.ru/minio/boomq/boomq/teams/13/projects/2763/v_3804.yaml?X-Amz-Algorithm=AWS4-HMAC-SHA256&X-Amz-Credential=AKIAIOSFODNN7EXAMPLE/20240618/us-east-1/s3/aws4_request&X-Amz-Date=20240618T165914Z&X-Amz-Expires=604800&X-Amz-SignedHeaders=host&X-Amz-Signature=281f1ce76965215f9f2130c6755ded86f0b23a7e3d13bd4a9c104e9731825271"
185="https://dev-boomq.pflb.ru/project-srv/project/2617"
186="https://dev-boomq.pflb.ru/project-srv/project/2617/version/3655"
187="https://dev-boomq.pflb.ru/project-srv/project/2617/version/3655/downloadLink"
188="https://dev-boomq.pflb.ru/minio/boomq/boomq/teams/13/projects/2617/v_3655.yaml?X-Amz-Algorithm=AWS4-HMAC-SHA256&X-Amz-Credential=AKIAIOSFODNN7EXAMPLE/20240618/us-east-1/s3/aws4_request&X-Amz-Date=20240618T165914Z&X-Amz-Expires=604800&X-Amz-SignedHeaders=host&X-Amz-Signature=281f1ce76965215f9f2130c6755ded86f0b23a7e3d13bd4a9c104e9731825271"
189="https://dev-boomq.pflb.ru/report-srv/report/1405"
190="https://dev-boomq.pflb.ru/report-srv/report/1405/content"
191="https://dev-boomq.pflb.ru/project-srv/project/2618"
192="https://dev-boomq.pflb.ru/project-srv/project/2618/version/3656"
193="https://dev-boomq.pflb.ru/project-srv/project/2618/version/3656/downloadLink"
194="https://dev-boomq.pflb.ru/minio/boomq/boomq/teams/13/projects/2618/v_3656.yaml?X-Amz-Algorithm=AWS4-HMAC-SHA256&X-Amz-Credential=AKIAIOSFODNN7EXAMPLE/20240618/us-east-1/s3/aws4_request&X-Amz-Date=20240618T165914Z&X-Amz-Expires=604800&X-Amz-SignedHeaders=host&X-Amz-Signature=281f1ce76965215f9f2130c6755ded86f0b23a7e3d13bd4a9c104e9731825271"
195="https://dev-boomq.pflb.ru/project-srv/project/2767"
196="https://dev-boomq.pflb.ru/project-srv/project/2767/version/3808"
197="https://dev-boomq.pflb.ru/project-srv/project/2767/version/3808/downloadLink"
198="https://dev-boomq.pflb.ru/minio/boomq/boomq/teams/13/projects/2767/v_3808.yaml?X-Amz-Algorithm=AWS4-HMAC-SHA256&X-Amz-Credential=AKIAIOSFODNN7EXAMPLE/20240618/us-east-1/s3/aws4_request&X-Amz-Date=20240618T165914Z&X-Amz-Expires=604800&X-Amz-SignedHeaders=host&X-Amz-Signature=281f1ce76965215f9f2130c6755ded86f0b23a7e3d13bd4a9c104e9731825271"
199="https://dev-boomq.pflb.ru/project-srv/project/2768"
200="https://dev-boomq.pflb.ru/project-srv/project/2768/version/3809"
201="https://dev-boomq.pflb.ru/project-srv/project/2768/version/3809/downloadLink"
202="https://dev-boomq.pflb.ru/minio/boomq/boomq/teams/13/projects/2768/v_3809.yaml?X-Amz-Algorithm=AWS4-HMAC-SHA256&X-Amz-Credential=AKIAIOSFODNN7EXAMPLE/20240618/us-east-1/s3/aws4_request&X-Amz-Date=20240618T165914Z&X-Amz-Expires=604800&X-Amz-SignedHeaders=host&X-Amz-Signature=281f1ce76965215f9f2130c6755ded86f0b23a7e3d13bd4a9c104e9731825271"
203="https://dev-boomq.pflb.ru/project-srv/project/2770"
204="https://dev-boomq.pflb.ru/project-srv/project/2770/version/3811"
205="https://dev-boomq.pflb.ru/project-srv/project/2770/version/3811/downloadLink"
206="https://dev-boomq.pflb.ru/minio/boomq/boomq/teams/13/projects/2770/v_3811.yaml?X-Amz-Algorithm=AWS4-HMAC-SHA256&X-Amz-Credential=AKIAIOSFODNN7EXAMPLE/20240618/us-east-1/s3/aws4_request&X-Amz-Date=20240618T165914Z&X-Amz-Expires=604800&X-Amz-SignedHeaders=host&X-Amz-Signature=281f1ce76965215f9f2130c6755ded86f0b23a7e3d13bd4a9c104e9731825271"
207="https://dev-boomq.pflb.ru/report-srv/report/1410"
208="https://dev-boomq.pflb.ru/report-srv/report/1410/content"
209="https://dev-boomq.pflb.ru/project-srv/project/2766"
210="https://dev-boomq.pflb.ru/project-srv/project/2766/version/3807"
211="https://dev-boomq.pflb.ru/project-srv/project/2766/version/3807/downloadLink"
212="https://dev-boomq.pflb.ru/minio/boomq/boomq/teams/13/projects/2766/v_3807.yaml?X-Amz-Algorithm=AWS4-HMAC-SHA256&X-Amz-Credential=AKIAIOSFODNN7EXAMPLE/20240618/us-east-1/s3/aws4_request&X-Amz-Date=20240618T165914Z&X-Amz-Expires=604800&X-Amz-SignedHeaders=host&X-Amz-Signature=281f1ce76965215f9f2130c6755ded86f0b23a7e3d13bd4a9c104e9731825271"
213="https://dev-boomq.pflb.ru/project-srv/project/2775"
214="https://dev-boomq.pflb.ru/project-srv/project/2775/version/3816"
215="https://dev-boomq.pflb.ru/project-srv/project/2775/version/3816/downloadLink"
216="https://dev-boomq.pflb.ru/minio/boomq/boomq/teams/13/projects/2775/v_3816.yaml?X-Amz-Algorithm=AWS4-HMAC-SHA256&X-Amz-Credential=AKIAIOSFODNN7EXAMPLE/20240618/us-east-1/s3/aws4_request&X-Amz-Date=20240618T165914Z&X-Amz-Expires=604800&X-Amz-SignedHeaders=host&X-Amz-Signature=281f1ce76965215f9f2130c6755ded86f0b23a7e3d13bd4a9c104e9731825271"
217="https://dev-boomq.pflb.ru/project-srv/project/2779"
218="https://dev-boomq.pflb.ru/project-srv/project/2779/version/3820"
219="https://dev-boomq.pflb.ru/project-srv/project/2779/version/3820/downloadLink"
220="https://dev-boomq.pflb.ru/minio/boomq/boomq/teams/13/projects/2779/v_3820.yaml?X-Amz-Algorithm=AWS4-HMAC-SHA256&X-Amz-Credential=AKIAIOSFODNN7EXAMPLE/20240618/us-east-1/s3/aws4_request&X-Amz-Date=20240618T165914Z&X-Amz-Expires=604800&X-Amz-SignedHeaders=host&X-Amz-Signature=281f1ce76965215f9f2130c6755ded86f0b23a7e3d13bd4a9c104e9731825271"
221="https://dev-boomq.pflb.ru/project-srv/project/2777"
222="https://dev-boomq.pflb.ru/project-srv/project/2777/version/3818"
223="https://dev-boomq.pflb.ru/project-srv/project/2777/version/3818/downloadLink"
224="https://dev-boomq.pflb.ru/minio/boomq/boomq/teams/13/projects/2777/v_3818.yaml?X-Amz-Algorithm=AWS4-HMAC-SHA256&X-Amz-Credential=AKIAIOSFODNN7EXAMPLE/20240618/us-east-1/s3/aws4_request&X-Amz-Date=20240618T165914Z&X-Amz-Expires=604800&X-Amz-SignedHeaders=host&X-Amz-Signature=281f1ce76965215f9f2130c6755ded86f0b23a7e3d13bd4a9c104e9731825271"
225="https://dev-boomq.pflb.ru/report-srv/report/1416"
226="https://dev-boomq.pflb.ru/report-srv/report/1416/content"
227="https://dev-boomq.pflb.ru/project-srv/project/2783"
228="https://dev-boomq.pflb.ru/project-srv/project/2783/version/3825"
229="https://dev-boomq.pflb.ru/project-srv/project/2783/version/3825/downloadLink"
230="https://dev-boomq.pflb.ru/minio/boomq/boomq/teams/13/projects/2783/v_3825.yaml?X-Amz-Algorithm=AWS4-HMAC-SHA256&X-Amz-Credential=AKIAIOSFODNN7EXAMPLE/20240618/us-east-1/s3/aws4_request&X-Amz-Date=20240618T165914Z&X-Amz-Expires=604800&X-Amz-SignedHeaders=host&X-Amz-Signature=281f1ce76965215f9f2130c6755ded86f0b23a7e3d13bd4a9c104e9731825271"
231="https://dev-boomq.pflb.ru/project-srv/project/2781"
232="https://dev-boomq.pflb.ru/project-srv/project/2781/version/3822"
233="https://dev-boomq.pflb.ru/project-srv/project/2781/version/3822/downloadLink"
234="https://dev-boomq.pflb.ru/minio/boomq/boomq/teams/13/projects/2781/v_3822.yaml?X-Amz-Algorithm=AWS4-HMAC-SHA256&X-Amz-Credential=AKIAIOSFODNN7EXAMPLE/20240618/us-east-1/s3/aws4_request&X-Amz-Date=20240618T165914Z&X-Amz-Expires=604800&X-Amz-SignedHeaders=host&X-Amz-Signature=281f1ce76965215f9f2130c6755ded86f0b23a7e3d13bd4a9c104e9731825271"
235="https://dev-boomq.pflb.ru/project-srv/project/2782"
236="https://dev-boomq.pflb.ru/project-srv/project/2782/version/3824"
237="https://dev-boomq.pflb.ru/project-srv/project/2782/version/3824/downloadLink"
238="https://dev-boomq.pflb.ru/minio/boomq/boomq/teams/13/projects/2782/v_3824.yaml?X-Amz-Algorithm=AWS4-HMAC-SHA256&X-Amz-Credential=AKIAIOSFODNN7EXAMPLE/20240618/us-east-1/s3/aws4_request&X-Amz-Date=20240618T165914Z&X-Amz-Expires=604800&X-Amz-SignedHeaders=host&X-Amz-Signature=281f1ce76965215f9f2130c6755ded86f0b23a7e3d13bd4a9c104e9731825271"
239="https://dev-boomq.pflb.ru/project-srv/project/2785"
240="https://dev-boomq.pflb.ru/project-srv/project/2785/version/3827"
241="https://dev-boomq.pflb.ru/project-srv/project/2785/version/3827/downloadLink"
242="https://dev-boomq.pflb.ru/minio/boomq/boomq/teams/13/projects/2785/v_3827.yaml?X-Amz-Algorithm=AWS4-HMAC-SHA256&X-Amz-Credential=AKIAIOSFODNN7EXAMPLE/20240618/us-east-1/s3/aws4_request&X-Amz-Date=20240618T165914Z&X-Amz-Expires=604800&X-Amz-SignedHeaders=host&X-Amz-Signature=281f1ce76965215f9f2130c6755ded86f0b23a7e3d13bd4a9c104e9731825271"
243="https://dev-boomq.pflb.ru/project-srv/project/2786"
244="https://dev-boomq.pflb.ru/project-srv/project/2786/version/3828"
245="https://dev-boomq.pflb.ru/project-srv/project/2786/version/3828/downloadLink"
246="https://dev-boomq.pflb.ru/minio/boomq/boomq/teams/13/projects/2786/v_3828.yaml?X-Amz-Algorithm=AWS4-HMAC-SHA256&X-Amz-Credential=AKIAIOSFODNN7EXAMPLE/20240618/us-east-1/s3/aws4_request&X-Amz-Date=20240618T165914Z&X-Amz-Expires=604800&X-Amz-SignedHeaders=host&X-Amz-Signature=281f1ce76965215f9f2130c6755ded86f0b23a7e3d13bd4a9c104e9731825271"
247="https://dev-boomq.pflb.ru/project-srv/project/2787"
248="https://dev-boomq.pflb.ru/project-srv/project/2787/version/3829"
249="https://dev-boomq.pflb.ru/project-srv/project/2787/version/3829/downloadLink"
250="https://dev-boomq.pflb.ru/minio/boomq/boomq/teams/13/projects/2787/v_3829.yaml?X-Amz-Algorithm=AWS4-HMAC-SHA256&X-Amz-Credential=AKIAIOSFODNN7EXAMPLE/20240618/us-east-1/s3/aws4_request&X-Amz-Date=20240618T165914Z&X-Amz-Expires=604800&X-Amz-SignedHeaders=host&X-Amz-Signature=281f1ce76965215f9f2130c6755ded86f0b23a7e3d13bd4a9c104e9731825271"
251="https://dev-boomq.pflb.ru/auth-srv/invite/jHOcA0LNrp7Aw135TpDHMMbNOtgpU_yqFqDRTUkJEeBOKbdO7hj21GRnAEJGbvjfI6k-FqlUVoPgy-7pYCl1h-z7fmMrorVtqO2FkgH4XJw="
252="https://dev-boomq.pflb.ru/report-srv/report/1422"
253="https://dev-boomq.pflb.ru/report-srv/report/1422/content"
254="https://dev-boomq.pflb.ru/project-srv/project/2792"
255="https://dev-boomq.pflb.ru/project-srv/project/2792/version/3834"
256="https://dev-boomq.pflb.ru/project-srv/project/2792/version/3834/downloadLink"
257="https://dev-boomq.pflb.ru/minio/boomq/boomq/teams/13/projects/2792/v_3834.yaml?X-Amz-Algorithm=AWS4-HMAC-SHA256&X-Amz-Credential=AKIAIOSFODNN7EXAMPLE/20240618/us-east-1/s3/aws4_request&X-Amz-Date=20240618T165914Z&X-Amz-Expires=604800&X-Amz-SignedHeaders=host&X-Amz-Signature=281f1ce76965215f9f2130c6755ded86f0b23a7e3d13bd4a9c104e9731825271"
258="https://dev-boomq.pflb.ru/project-srv/project/2791"
259="https://dev-boomq.pflb.ru/project-srv/project/2791/version/3833"
260="https://dev-boomq.pflb.ru/project-srv/project/2791/version/3833/downloadLink"
261="https://dev-boomq.pflb.ru/minio/boomq/boomq/teams/13/projects/2791/v_3833.yaml?X-Amz-Algorithm=AWS4-HMAC-SHA256&X-Amz-Credential=AKIAIOSFODNN7EXAMPLE/20240618/us-east-1/s3/aws4_request&X-Amz-Date=20240618T165914Z&X-Amz-Expires=604800&X-Amz-SignedHeaders=host&X-Amz-Signature=281f1ce76965215f9f2130c6755ded86f0b23a7e3d13bd4a9c104e9731825271"
262="https://dev-boomq.pflb.ru/project-srv/project/2795"
263="https://dev-boomq.pflb.ru/project-srv/project/2795/version/3837"
264="https://dev-boomq.pflb.ru/project-srv/project/2795/version/3837/downloadLink"
265="https://dev-boomq.pflb.ru/minio/boomq/boomq/teams/13/projects/2795/v_3837.yaml?X-Amz-Algorithm=AWS4-HMAC-SHA256&X-Amz-Credential=AKIAIOSFODNN7EXAMPLE/20240618/us-east-1/s3/aws4_request&X-Amz-Date=20240618T165914Z&X-Amz-Expires=604800&X-Amz-SignedHeaders=host&X-Amz-Signature=281f1ce76965215f9f2130c6755ded86f0b23a7e3d13bd4a9c104e9731825271"
266="https://dev-boomq.pflb.ru/project-srv/project/2798"
267="https://dev-boomq.pflb.ru/project-srv/project/2798/version/3840"
268="https://dev-boomq.pflb.ru/project-srv/project/2798/version/3840/downloadLink"
269="https://dev-boomq.pflb.ru/minio/boomq/boomq/teams/13/projects/2798/v_3840.yaml?X-Amz-Algorithm=AWS4-HMAC-SHA256&X-Amz-Credential=AKIAIOSFODNN7EXAMPLE/20240618/us-east-1/s3/aws4_request&X-Amz-Date=20240618T165914Z&X-Amz-Expires=604800&X-Amz-SignedHeaders=host&X-Amz-Signature=281f1ce76965215f9f2130c6755ded86f0b23a7e3d13bd4a9c104e9731825271"
270="https://dev-boomq.pflb.ru/report-srv/report/1428"
271="https://dev-boomq.pflb.ru/report-srv/report/1428/content"
272="https://dev-boomq.pflb.ru/project-srv/project/2797"
273="https://dev-boomq.pflb.ru/project-srv/project/2797/version/3839"
274="https://dev-boomq.pflb.ru/project-srv/project/2797/version/3839/downloadLink"
275="https://dev-boomq.pflb.ru/minio/boomq/boomq/teams/13/projects/2797/v_3839.yaml?X-Amz-Algorithm=AWS4-HMAC-SHA256&X-Amz-Credential=AKIAIOSFODNN7EXAMPLE/20240618/us-east-1/s3/aws4_request&X-Amz-Date=20240618T165914Z&X-Amz-Expires=604800&X-Amz-SignedHeaders=host&X-Amz-Signature=281f1ce76965215f9f2130c6755ded86f0b23a7e3d13bd4a9c104e9731825271"
276="https://dev-boomq.pflb.ru/project-srv/project/2796"
277="https://dev-boomq.pflb.ru/project-srv/project/2796/version/3838"
278="https://dev-boomq.pflb.ru/project-srv/project/2796/version/3838/downloadLink"
279="https://dev-boomq.pflb.ru/minio/boomq/boomq/teams/13/projects/2796/v_3838.yaml?X-Amz-Algorithm=AWS4-HMAC-SHA256&X-Amz-Credential=AKIAIOSFODNN7EXAMPLE/20240618/us-east-1/s3/aws4_request&X-Amz-Date=20240618T165914Z&X-Amz-Expires=604800&X-Amz-SignedHeaders=host&X-Amz-Signature=281f1ce76965215f9f2130c6755ded86f0b23a7e3d13bd4a9c104e9731825271"
280="https://dev-boomq.pflb.ru/project-srv/project/2804"
281="https://dev-boomq.pflb.ru/project-srv/project/2804/version/3848"
282="https://dev-boomq.pflb.ru/project-srv/project/2804/version/3848/downloadLink"
283="https://dev-boomq.pflb.ru/minio/boomq/boomq/teams/13/projects/2804/v_3848.yaml?X-Amz-Algorithm=AWS4-HMAC-SHA256&X-Amz-Credential=AKIAIOSFODNN7EXAMPLE/20240618/us-east-1/s3/aws4_request&X-Amz-Date=20240618T165914Z&X-Amz-Expires=604800&X-Amz-SignedHeaders=host&X-Amz-Signature=281f1ce76965215f9f2130c6755ded86f0b23a7e3d13bd4a9c104e9731825271"
284="https://dev-boomq.pflb.ru/project-srv/project/2805"
285="https://dev-boomq.pflb.ru/project-srv/project/2805/version/3849"
286="https://dev-boomq.pflb.ru/project-srv/project/2805/version/3849/downloadLink"
287="https://dev-boomq.pflb.ru/minio/boomq/boomq/teams/13/projects/2805/v_3849.yaml?X-Amz-Algorithm=AWS4-HMAC-SHA256&X-Amz-Credential=AKIAIOSFODNN7EXAMPLE/20240618/us-east-1/s3/aws4_request&X-Amz-Date=20240618T165914Z&X-Amz-Expires=604800&X-Amz-SignedHeaders=host&X-Amz-Signature=281f1ce76965215f9f2130c6755ded86f0b23a7e3d13bd4a9c104e9731825271"
288="https://dev-boomq.pflb.ru/project-srv/project/2803"
289="https://dev-boomq.pflb.ru/project-srv/project/2803/version/3846"
290="https://dev-boomq.pflb.ru/project-srv/project/2803/version/3846/downloadLink"
291="https://dev-boomq.pflb.ru/minio/boomq/boomq/teams/13/projects/2803/v_3846.yaml?X-Amz-Algorithm=AWS4-HMAC-SHA256&X-Amz-Credential=AKIAIOSFODNN7EXAMPLE/20240618/us-east-1/s3/aws4_request&X-Amz-Date=20240618T165914Z&X-Amz-Expires=604800&X-Amz-SignedHeaders=host&X-Amz-Signature=281f1ce76965215f9f2130c6755ded86f0b23a7e3d13bd4a9c104e9731825271"
292="https://dev-boomq.pflb.ru/project-srv/project/2807"
293="https://dev-boomq.pflb.ru/project-srv/project/2807/version/3851"
294="https://dev-boomq.pflb.ru/project-srv/project/2807/version/3851/downloadLink"
295="https://dev-boomq.pflb.ru/minio/boomq/boomq/teams/13/projects/2807/v_3851.yaml?X-Amz-Algorithm=AWS4-HMAC-SHA256&X-Amz-Credential=AKIAIOSFODNN7EXAMPLE/20240618/us-east-1/s3/aws4_request&X-Amz-Date=20240618T165914Z&X-Amz-Expires=604800&X-Amz-SignedHeaders=host&X-Amz-Signature=281f1ce76965215f9f2130c6755ded86f0b23a7e3d13bd4a9c104e9731825271"
296="https://dev-boomq.pflb.ru/report-srv/report/1434"
297="https://dev-boomq.pflb.ru/report-srv/report/1434/content"
298="https://dev-boomq.pflb.ru/project-srv/project/2810"
299="https://dev-boomq.pflb.ru/project-srv/project/2810/version/3854"
300="https://dev-boomq.pflb.ru/project-srv/project/2810/version/3854/downloadLink"
301="https://dev-boomq.pflb.ru/minio/boomq/boomq/teams/13/projects/2810/v_3854.yaml?X-Amz-Algorithm=AWS4-HMAC-SHA256&X-Amz-Credential=AKIAIOSFODNN7EXAMPLE/20240618/us-east-1/s3/aws4_request&X-Amz-Date=20240618T165914Z&X-Amz-Expires=604800&X-Amz-SignedHeaders=host&X-Amz-Signature=281f1ce76965215f9f2130c6755ded86f0b23a7e3d13bd4a9c104e9731825271"
302="https://dev-boomq.pflb.ru/project-srv/project/2812"
303="https://dev-boomq.pflb.ru/project-srv/project/2812/version/3856"
304="https://dev-boomq.pflb.ru/project-srv/project/2812/version/3856/downloadLink"
305="https://dev-boomq.pflb.ru/minio/boomq/boomq/teams/13/projects/2812/v_3856.yaml?X-Amz-Algorithm=AWS4-HMAC-SHA256&X-Amz-Credential=AKIAIOSFODNN7EXAMPLE/20240618/us-east-1/s3/aws4_request&X-Amz-Date=20240618T165914Z&X-Amz-Expires=604800&X-Amz-SignedHeaders=host&X-Amz-Signature=281f1ce76965215f9f2130c6755ded86f0b23a7e3d13bd4a9c104e9731825271"
306="https://dev-boomq.pflb.ru/project-srv/project/2815"
307="https://dev-boomq.pflb.ru/project-srv/project/2815/version/3859"
308="https://dev-boomq.pflb.ru/project-srv/project/2815/version/3859/downloadLink"
309="https://dev-boomq.pflb.ru/minio/boomq/boomq/teams/13/projects/2815/v_3859.yaml?X-Amz-Algorithm=AWS4-HMAC-SHA256&X-Amz-Credential=AKIAIOSFODNN7EXAMPLE/20240618/us-east-1/s3/aws4_request&X-Amz-Date=20240618T165914Z&X-Amz-Expires=604800&X-Amz-SignedHeaders=host&X-Amz-Signature=281f1ce76965215f9f2130c6755ded86f0b23a7e3d13bd4a9c104e9731825271"
310="https://dev-boomq.pflb.ru/project-srv/project/2817"
311="https://dev-boomq.pflb.ru/project-srv/project/2817/version/3861"
312="https://dev-boomq.pflb.ru/project-srv/project/2817/version/3861/downloadLink"
313="https://dev-boomq.pflb.ru/minio/boomq/boomq/teams/13/projects/2817/v_3861.yaml?X-Amz-Algorithm=AWS4-HMAC-SHA256&X-Amz-Credential=AKIAIOSFODNN7EXAMPLE/20240618/us-east-1/s3/aws4_request&X-Amz-Date=20240618T165914Z&X-Amz-Expires=604800&X-Amz-SignedHeaders=host&X-Amz-Signature=281f1ce76965215f9f2130c6755ded86f0b23a7e3d13bd4a9c104e9731825271"
314="https://dev-boomq.pflb.ru/report-srv/report/1440"
315="https://dev-boomq.pflb.ru/report-srv/report/1440/content"
316="https://dev-boomq.pflb.ru/project-srv/project/2816"
317="https://dev-boomq.pflb.ru/project-srv/project/2816/version/3860"
318="https://dev-boomq.pflb.ru/project-srv/project/2816/version/3860/downloadLink"
319="https://dev-boomq.pflb.ru/minio/boomq/boomq/teams/13/projects/2816/v_3860.yaml?X-Amz-Algorithm=AWS4-HMAC-SHA256&X-Amz-Credential=AKIAIOSFODNN7EXAMPLE/20240618/us-east-1/s3/aws4_request&X-Amz-Date=20240618T165914Z&X-Amz-Expires=604800&X-Amz-SignedHeaders=host&X-Amz-Signature=281f1ce76965215f9f2130c6755ded86f0b23a7e3d13bd4a9c104e9731825271"
320="https://dev-boomq.pflb.ru/project-srv/project/2820"
321="https://dev-boomq.pflb.ru/project-srv/project/2820/version/3864"
322="https://dev-boomq.pflb.ru/project-srv/project/2820/version/3864/downloadLink"
323="https://dev-boomq.pflb.ru/minio/boomq/boomq/teams/13/projects/2820/v_3864.yaml?X-Amz-Algorithm=AWS4-HMAC-SHA256&X-Amz-Credential=AKIAIOSFODNN7EXAMPLE/20240618/us-east-1/s3/aws4_request&X-Amz-Date=20240618T165914Z&X-Amz-Expires=604800&X-Amz-SignedHeaders=host&X-Amz-Signature=281f1ce76965215f9f2130c6755ded86f0b23a7e3d13bd4a9c104e9731825271"
324="https://dev-boomq.pflb.ru/auth-srv/invite/NH6JnSSVw0kH5JOL_r9pIx2fcdR7sc4fWqk77IIqKLuyzzT4il2sWmonSpKDtic_sHReepKdjuqyVw4RlTgJEcgmwD7IfsLywfG2MA-Exjo="
325="https://dev-boomq.pflb.ru/report-srv/report/1446"
326="https://dev-boomq.pflb.ru/report-srv/report/1446/content"
327="https://dev-boomq.pflb.ru/project-srv/project/2825"
328="https://dev-boomq.pflb.ru/project-srv/project/2825/version/3869"
329="https://dev-boomq.pflb.ru/project-srv/project/2825/version/3869/downloadLink"
330="https://dev-boomq.pflb.ru/minio/boomq/boomq/teams/13/projects/2825/v_3869.yaml?X-Amz-Algorithm=AWS4-HMAC-SHA256&X-Amz-Credential=AKIAIOSFODNN7EXAMPLE/20240618/us-east-1/s3/aws4_request&X-Amz-Date=20240618T165914Z&X-Amz-Expires=604800&X-Amz-SignedHeaders=host&X-Amz-Signature=281f1ce76965215f9f2130c6755ded86f0b23a7e3d13bd4a9c104e9731825271"
331="https://dev-boomq.pflb.ru/project-srv/project/2822"
332="https://dev-boomq.pflb.ru/project-srv/project/2822/version/3866"
333="https://dev-boomq.pflb.ru/project-srv/project/2822/version/3866/downloadLink"
334="https://dev-boomq.pflb.ru/minio/boomq/boomq/teams/13/projects/2822/v_3866.yaml?X-Amz-Algorithm=AWS4-HMAC-SHA256&X-Amz-Credential=AKIAIOSFODNN7EXAMPLE/20240618/us-east-1/s3/aws4_request&X-Amz-Date=20240618T165914Z&X-Amz-Expires=604800&X-Amz-SignedHeaders=host&X-Amz-Signature=281f1ce76965215f9f2130c6755ded86f0b23a7e3d13bd4a9c104e9731825271"
335="https://dev-boomq.pflb.ru/project-srv/project/2826"
336="https://dev-boomq.pflb.ru/project-srv/project/2826/version/3870"
337="https://dev-boomq.pflb.ru/project-srv/project/2826/version/3870/downloadLink"
338="https://dev-boomq.pflb.ru/minio/boomq/boomq/teams/13/projects/2826/v_3870.yaml?X-Amz-Algorithm=AWS4-HMAC-SHA256&X-Amz-Credential=AKIAIOSFODNN7EXAMPLE/20240618/us-east-1/s3/aws4_request&X-Amz-Date=20240618T165914Z&X-Amz-Expires=604800&X-Amz-SignedHeaders=host&X-Amz-Signature=281f1ce76965215f9f2130c6755ded86f0b23a7e3d13bd4a9c104e9731825271"
339="https://dev-boomq.pflb.ru/project-srv/project/2827"
340="https://dev-boomq.pflb.ru/project-srv/project/2827/version/3871"
341="https://dev-boomq.pflb.ru/project-srv/project/2827/version/3871/downloadLink"
342="https://dev-boomq.pflb.ru/minio/boomq/boomq/teams/13/projects/2827/v_3871.yaml?X-Amz-Algorithm=AWS4-HMAC-SHA256&X-Amz-Credential=AKIAIOSFODNN7EXAMPLE/20240618/us-east-1/s3/aws4_request&X-Amz-Date=20240618T165914Z&X-Amz-Expires=604800&X-Amz-SignedHeaders=host&X-Amz-Signature=281f1ce76965215f9f2130c6755ded86f0b23a7e3d13bd4a9c104e9731825271"
343="https://dev-boomq.pflb.ru/project-srv/project/2829"
344="https://dev-boomq.pflb.ru/project-srv/project/2829/version/3873"
345="https://dev-boomq.pflb.ru/project-srv/project/2829/version/3873/downloadLink"
346="https://dev-boomq.pflb.ru/minio/boomq/boomq/teams/13/projects/2829/v_3873.yaml?X-Amz-Algorithm=AWS4-HMAC-SHA256&X-Amz-Credential=AKIAIOSFODNN7EXAMPLE/20240618/us-east-1/s3/aws4_request&X-Amz-Date=20240618T165914Z&X-Amz-Expires=604800&X-Amz-SignedHeaders=host&X-Amz-Signature=281f1ce76965215f9f2130c6755ded86f0b23a7e3d13bd4a9c104e9731825271"
347="https://dev-boomq.pflb.ru/project-srv/project/2831"
348="https://dev-boomq.pflb.ru/project-srv/project/2831/version/3875"
349="https://dev-boomq.pflb.ru/project-srv/project/2831/version/3875/downloadLink"
350="https://dev-boomq.pflb.ru/minio/boomq/boomq/teams/13/projects/2831/v_3875.yaml?X-Amz-Algorithm=AWS4-HMAC-SHA256&X-Amz-Credential=AKIAIOSFODNN7EXAMPLE/20240618/us-east-1/s3/aws4_request&X-Amz-Date=20240618T165914Z&X-Amz-Expires=604800&X-Amz-SignedHeaders=host&X-Amz-Signature=281f1ce76965215f9f2130c6755ded86f0b23a7e3d13bd4a9c104e9731825271"
351="https://dev-boomq.pflb.ru/report-srv/report/1452"
352="https://dev-boomq.pflb.ru/report-srv/report/1452/content"
353="https://dev-boomq.pflb.ru/project-srv/project/2837"
354="https://dev-boomq.pflb.ru/project-srv/project/2837/version/3881"
355="https://dev-boomq.pflb.ru/project-srv/project/2837/version/3881/downloadLink"
356="https://dev-boomq.pflb.ru/minio/boomq/boomq/teams/13/projects/2837/v_3881.yaml?X-Amz-Algorithm=AWS4-HMAC-SHA256&X-Amz-Credential=AKIAIOSFODNN7EXAMPLE/20240618/us-east-1/s3/aws4_request&X-Amz-Date=20240618T165914Z&X-Amz-Expires=604800&X-Amz-SignedHeaders=host&X-Amz-Signature=281f1ce76965215f9f2130c6755ded86f0b23a7e3d13bd4a9c104e9731825271"
357="https://dev-boomq.pflb.ru/project-srv/project/2841"
358="https://dev-boomq.pflb.ru/project-srv/project/2841/version/3885"
359="https://dev-boomq.pflb.ru/project-srv/project/2841/version/3885/downloadLink"
360="https://dev-boomq.pflb.ru/minio/boomq/boomq/teams/13/projects/2841/v_3885.yaml?X-Amz-Algorithm=AWS4-HMAC-SHA256&X-Amz-Credential=AKIAIOSFODNN7EXAMPLE/20240618/us-east-1/s3/aws4_request&X-Amz-Date=20240618T165914Z&X-Amz-Expires=604800&X-Amz-SignedHeaders=host&X-Amz-Signature=281f1ce76965215f9f2130c6755ded86f0b23a7e3d13bd4a9c104e9731825271"
361="https://dev-boomq.pflb.ru/project-srv/project/2836"
362="https://dev-boomq.pflb.ru/project-srv/project/2836/version/3880"
363="https://dev-boomq.pflb.ru/project-srv/project/2836/version/3880/downloadLink"
364="https://dev-boomq.pflb.ru/minio/boomq/boomq/teams/13/projects/2836/v_3880.yaml?X-Amz-Algorithm=AWS4-HMAC-SHA256&X-Amz-Credential=AKIAIOSFODNN7EXAMPLE/20240618/us-east-1/s3/aws4_request&X-Amz-Date=20240618T165914Z&X-Amz-Expires=604800&X-Amz-SignedHeaders=host&X-Amz-Signature=281f1ce76965215f9f2130c6755ded86f0b23a7e3d13bd4a9c104e9731825271"
365="https://dev-boomq.pflb.ru/project-srv/project/2839"
366="https://dev-boomq.pflb.ru/project-srv/project/2839/version/3883"
367="https://dev-boomq.pflb.ru/project-srv/project/2839/version/3883/downloadLink"
368="https://dev-boomq.pflb.ru/minio/boomq/boomq/teams/13/projects/2839/v_3883.yaml?X-Amz-Algorithm=AWS4-HMAC-SHA256&X-Amz-Credential=AKIAIOSFODNN7EXAMPLE/20240618/us-east-1/s3/aws4_request&X-Amz-Date=20240618T165914Z&X-Amz-Expires=604800&X-Amz-SignedHeaders=host&X-Amz-Signature=281f1ce76965215f9f2130c6755ded86f0b23a7e3d13bd4a9c104e9731825271"
369="https://dev-boomq.pflb.ru/project-srv/project/2838"
370="https://dev-boomq.pflb.ru/project-srv/project/2838/version/3882"
371="https://dev-boomq.pflb.ru/project-srv/project/2838/version/3882/downloadLink"
372="https://dev-boomq.pflb.ru/minio/boomq/boomq/teams/13/projects/2838/v_3882.yaml?X-Amz-Algorithm=AWS4-HMAC-SHA256&X-Amz-Credential=AKIAIOSFODNN7EXAMPLE/20240618/us-east-1/s3/aws4_request&X-Amz-Date=20240618T165914Z&X-Amz-Expires=604800&X-Amz-SignedHeaders=host&X-Amz-Signature=281f1ce76965215f9f2130c6755ded86f0b23a7e3d13bd4a9c104e9731825271"
373="https://dev-boomq.pflb.ru/report-srv/report/1458"
374="https://dev-boomq.pflb.ru/report-srv/report/1458/content"
375="https://dev-boomq.pflb.ru/project-srv/project/2840"
376="https://dev-boomq.pflb.ru/project-srv/project/2840/version/3884"
377="https://dev-boomq.pflb.ru/project-srv/project/2840/version/3884/downloadLink"
378="https://dev-boomq.pflb.ru/minio/boomq/boomq/teams/13/projects/2840/v_3884.yaml?X-Amz-Algorithm=AWS4-HMAC-SHA256&X-Amz-Credential=AKIAIOSFODNN7EXAMPLE/20240618/us-east-1/s3/aws4_request&X-Amz-Date=20240618T165914Z&X-Amz-Expires=604800&X-Amz-SignedHeaders=host&X-Amz-Signature=281f1ce76965215f9f2130c6755ded86f0b23a7e3d13bd4a9c104e9731825271"
379="https://dev-boomq.pflb.ru/project-srv/project/2844"
380="https://dev-boomq.pflb.ru/project-srv/project/2844/version/3888"
381="https://dev-boomq.pflb.ru/project-srv/project/2844/version/3888/downloadLink"
382="https://dev-boomq.pflb.ru/minio/boomq/boomq/teams/13/projects/2844/v_3888.yaml?X-Amz-Algorithm=AWS4-HMAC-SHA256&X-Amz-Credential=AKIAIOSFODNN7EXAMPLE/20240618/us-east-1/s3/aws4_request&X-Amz-Date=20240618T165914Z&X-Amz-Expires=604800&X-Amz-SignedHeaders=host&X-Amz-Signature=281f1ce76965215f9f2130c6755ded86f0b23a7e3d13bd4a9c104e9731825271"
383="https://dev-boomq.pflb.ru/project-srv/project/2849"
384="https://dev-boomq.pflb.ru/project-srv/project/2849/version/3893"
385="https://dev-boomq.pflb.ru/project-srv/project/2849/version/3893/downloadLink"
386="https://dev-boomq.pflb.ru/minio/boomq/boomq/teams/13/projects/2849/v_3893.yaml?X-Amz-Algorithm=AWS4-HMAC-SHA256&X-Amz-Credential=AKIAIOSFODNN7EXAMPLE/20240618/us-east-1/s3/aws4_request&X-Amz-Date=20240618T165914Z&X-Amz-Expires=604800&X-Amz-SignedHeaders=host&X-Amz-Signature=281f1ce76965215f9f2130c6755ded86f0b23a7e3d13bd4a9c104e9731825271"
387="https://dev-boomq.pflb.ru/project-srv/project/2842"
388="https://dev-boomq.pflb.ru/project-srv/project/2842/version/3886"
389="https://dev-boomq.pflb.ru/project-srv/project/2842/version/3886/downloadLink"
390="https://dev-boomq.pflb.ru/minio/boomq/boomq/teams/13/projects/2842/v_3886.yaml?X-Amz-Algorithm=AWS4-HMAC-SHA256&X-Amz-Credential=AKIAIOSFODNN7EXAMPLE/20240618/us-east-1/s3/aws4_request&X-Amz-Date=20240618T165914Z&X-Amz-Expires=604800&X-Amz-SignedHeaders=host&X-Amz-Signature=281f1ce76965215f9f2130c6755ded86f0b23a7e3d13bd4a9c104e9731825271"
391="https://dev-boomq.pflb.ru/project-srv/project/2850"
392="https://dev-boomq.pflb.ru/project-srv/project/2850/version/3894"
393="https://dev-boomq.pflb.ru/project-srv/project/2850/version/3894/downloadLink"
394="https://dev-boomq.pflb.ru/minio/boomq/boomq/teams/13/projects/2850/v_3894.yaml?X-Amz-Algorithm=AWS4-HMAC-SHA256&X-Amz-Credential=AKIAIOSFODNN7EXAMPLE/20240618/us-east-1/s3/aws4_request&X-Amz-Date=20240618T165914Z&X-Amz-Expires=604800&X-Amz-SignedHeaders=host&X-Amz-Signature=281f1ce76965215f9f2130c6755ded86f0b23a7e3d13bd4a9c104e9731825271"
395="https://dev-boomq.pflb.ru/project-srv/project/2848"
396="https://dev-boomq.pflb.ru/project-srv/project/2848/version/3892"
397="https://dev-boomq.pflb.ru/project-srv/project/2848/version/3892/downloadLink"
398="https://dev-boomq.pflb.ru/minio/boomq/boomq/teams/13/projects/2848/v_3892.yaml?X-Amz-Algorithm=AWS4-HMAC-SHA256&X-Amz-Credential=AKIAIOSFODNN7EXAMPLE/20240618/us-east-1/s3/aws4_request&X-Amz-Date=20240618T165914Z&X-Amz-Expires=604800&X-Amz-SignedHeaders=host&X-Amz-Signature=281f1ce76965215f9f2130c6755ded86f0b23a7e3d13bd4a9c104e9731825271"
399="https://dev-boomq.pflb.ru/report-srv/report/1464"
10="https://dev-boomq.pflb.ru/static/media/Montserrat-Medium.d42dad28f6470e5162c2.woff"
11="https://dev-boomq.pflb.ru/static/js/main.cddf1824.js"
12="authorize_Action_30"
13="https://dev-boomq.pflb.ru/auth-srv/login"
14="login_Action_73"
15="https://dev-boomq.pflb.ru/config.json"
16="config.json_Action_89"
17="https://dev-boomq.pflb.ru/project-srv/modelSchema"
18="modelSchema_Action_99"
19="https://dev-boomq.pflb.ru/auth-srv/user"
20="https://dev-boomq.pflb.ru/static/media/en.b1acfc6b06bfe6e29bfbfc06d09d8177.svg"
21="user_Action_109"
22="https://dev-boomq.pflb.ru/auth-srv/identityProvider"
23="identityProvider_Action_121"
24="https://dev-boomq.pflb.ru/auth-srv/team?size=2"
25="team_Action_131"
26="user_Action_101"
400="https://dev-boomq.pflb.ru/report-srv/report/1464/content"
27="modelSchema_Action_111"
401="https://dev-boomq.pflb.ru/project-srv/project/2852"
28="https://dev-boomq.pflb.ru/auth-srv/teamMember/teamContext?teamId=13"
402="https://dev-boomq.pflb.ru/project-srv/project/2852/version/3896"
29="teamContext_Action_149"
403="https://dev-boomq.pflb.ru/project-srv/project/2852/version/3896/downloadLink"
404="https://dev-boomq.pflb.ru/minio/boomq/boomq/teams/13/projects/2852/v_3896.yaml?X-Amz-Algorithm=AWS4-HMAC-SHA256&X-Amz-Credential=AKIAIOSFODNN7EXAMPLE/20240618/us-east-1/s3/aws4_request&X-Amz-Date=20240618T165914Z&X-Amz-Expires=604800&X-Amz-SignedHeaders=host&X-Amz-Signature=281f1ce76965215f9f2130c6755ded86f0b23a7e3d13bd4a9c104e9731825271"
405="https://dev-boomq.pflb.ru/project-srv/project/2855"
406="https://dev-boomq.pflb.ru/project-srv/project/2855/version/3899"
407="https://dev-boomq.pflb.ru/project-srv/project/2855/version/3899/downloadLink"
408="https://dev-boomq.pflb.ru/minio/boomq/boomq/teams/13/projects/2855/v_3899.yaml?X-Amz-Algorithm=AWS4-HMAC-SHA256&X-Amz-Credential=AKIAIOSFODNN7EXAMPLE/20240618/us-east-1/s3/aws4_request&X-Amz-Date=20240618T165914Z&X-Amz-Expires=604800&X-Amz-SignedHeaders=host&X-Amz-Signature=281f1ce76965215f9f2130c6755ded86f0b23a7e3d13bd4a9c104e9731825271"
409="https://dev-boomq.pflb.ru/project-srv/project/2859"
30="https://dev-boomq.pflb.ru/test-runner-srv/testRunner?sort=id,desc"
31="testRunner_Action_162"
32="https://dev-boomq.pflb.ru/auth-srv/team/13"
33="13_Action_187"
34="UC03_TR01_login"
35="UC02_TR01_login"
36="dev-boomq.pflb.ru_Action_40"
410="https://dev-boomq.pflb.ru/project-srv/project/2859/version/3903"
37="login_Action_94"
411="https://dev-boomq.pflb.ru/project-srv/project/2859/version/3903/downloadLink"
38="config.json_Action_110"
412="https://dev-boomq.pflb.ru/minio/boomq/boomq/teams/13/projects/2859/v_3903.yaml?X-Amz-Algorithm=AWS4-HMAC-SHA256&X-Amz-Credential=AKIAIOSFODNN7EXAMPLE/20240618/us-east-1/s3/aws4_request&X-Amz-Date=20240618T165914Z&X-Amz-Expires=604800&X-Amz-SignedHeaders=host&X-Amz-Signature=281f1ce76965215f9f2130c6755ded86f0b23a7e3d13bd4a9c104e9731825271"
39="modelSchema_Action_120"
413="https://dev-boomq.pflb.ru/project-srv/project/2861"
414="https://dev-boomq.pflb.ru/project-srv/project/2861/version/3905"
415="https://dev-boomq.pflb.ru/project-srv/project/2861/version/3905/downloadLink"
416="https://dev-boomq.pflb.ru/minio/boomq/boomq/teams/13/projects/2861/v_3905.yaml?X-Amz-Algorithm=AWS4-HMAC-SHA256&X-Amz-Credential=AKIAIOSFODNN7EXAMPLE/20240618/us-east-1/s3/aws4_request&X-Amz-Date=20240618T165914Z&X-Amz-Expires=604800&X-Amz-SignedHeaders=host&X-Amz-Signature=281f1ce76965215f9f2130c6755ded86f0b23a7e3d13bd4a9c104e9731825271"
417="https://dev-boomq.pflb.ru/auth-srv/invite/WE3neWuqE4K3rAnnK6j6G4LfNoyv-reEiuOBRqO2IqG16ioxdQu_Qw9_OSxE8qZZbJpE_gu_JTTzuSX3SQxuW-AIN8oV8yCia4P2gvaPkGI="
418="https://dev-boomq.pflb.ru/report-srv/report/1470"
419="https://dev-boomq.pflb.ru/report-srv/report/1470/content"
40="user_Action_133"
41="identityProvider_Action_143"
42="team_Action_157"
43="teamContext_Action_174"
44="testRunner_Action_187"
45="UC_01_TR_01_Sign_in"
46="dev-boomq.pflb.ru_Action_29"
420="https://dev-boomq.pflb.ru/project-srv/project/2857"
47="https://4aavslhx.791095574.xyz/"
421="https://dev-boomq.pflb.ru/project-srv/project/2857/version/3901"
48="4aavslhx.791095574.xyz_Action_64"
422="https://dev-boomq.pflb.ru/project-srv/project/2857/version/3901/downloadLink"
49="https://4aavslhx.791095574.xyz/v2/network/info/leading/extensive"
423="https://dev-boomq.pflb.ru/minio/boomq/boomq/teams/13/projects/2857/v_3901.yaml?X-Amz-Algorithm=AWS4-HMAC-SHA256&X-Amz-Credential=AKIAIOSFODNN7EXAMPLE/20240618/us-east-1/s3/aws4_request&X-Amz-Date=20240618T165914Z&X-Amz-Expires=604800&X-Amz-SignedHeaders=host&X-Amz-Signature=281f1ce76965215f9f2130c6755ded86f0b23a7e3d13bd4a9c104e9731825271"
424="https://dev-boomq.pflb.ru/project-srv/project/2858"
425="https://dev-boomq.pflb.ru/project-srv/project/2858/version/3902"
426="https://dev-boomq.pflb.ru/project-srv/project/2858/version/3902/downloadLink"
427="https://dev-boomq.pflb.ru/minio/boomq/boomq/teams/13/projects/2858/v_3902.yaml?X-Amz-Algorithm=AWS4-HMAC-SHA256&X-Amz-Credential=AKIAIOSFODNN7EXAMPLE/20240618/us-east-1/s3/aws4_request&X-Amz-Date=20240618T165914Z&X-Amz-Expires=604800&X-Amz-SignedHeaders=host&X-Amz-Signature=281f1ce76965215f9f2130c6755ded86f0b23a7e3d13bd4a9c104e9731825271"
428="https://dev-boomq.pflb.ru/project-srv/project/2862"
429="https://dev-boomq.pflb.ru/project-srv/project/2862/version/3906"
50="extensive_Action_74"
51="user_Action_89"
52="modelSchema_Action_101"
53="identityProvider_Action_111"
54="team_Action_121"
55="teamContext_Action_139"
56="testRunner_Action_151"
430="https://dev-boomq.pflb.ru/project-srv/project/2862/version/3906/downloadLink"
57="13_Action_177"
431="https://dev-boomq.pflb.ru/minio/boomq/boomq/teams/13/projects/2862/v_3906.yaml?X-Amz-Algorithm=AWS4-HMAC-SHA256&X-Amz-Credential=AKIAIOSFODNN7EXAMPLE/20240618/us-east-1/s3/aws4_request&X-Amz-Date=20240618T165914Z&X-Amz-Expires=604800&X-Amz-SignedHeaders=host&X-Amz-Signature=281f1ce76965215f9f2130c6755ded86f0b23a7e3d13bd4a9c104e9731825271"
58="config.json_Action_187"
432="vuser_end_Transaction"
59="UC06_TR01_login"
60="login_Action_111"
61="config.json_Action_127"
62="modelSchema_Action_137"
63="user_Action_150"
64="identityProvider_Action_160"
65="team_Action_170"
66="teamContext_Action_188"
67="testRunner_Action_201"
68="UC05_TR01_Login"
69="https://dev-boomq.pflb.ru/project-srv/project/label?query="
70="label_Action_178"
71="https://dev-boomq.pflb.ru/project-srv/project?sort=lastModified,desc&page=0&size=9"
72="project_Action_188"
73="UC02_TR02_tests"
74="label_Action_221"
75="project_Action_238"
76="UC03_TR02_tests"
77="https://dev-boomq.pflb.ru/auth-srv/team?page=0&size=4"
78="team_2_Action_206"
79="UC_01_TR_02_Going_to_group"
80="https://dev-boomq.pflb.ru/static/media/arrow_down.6be88730f13ef3a159f4ef4438670da1.svg"
81="https://dev-boomq.pflb.ru/static/media/arrow.659530470e6be7b696f0d3d15a3179f5.svg"
82="https://dev-boomq.pflb.ru/test-srv/slaReportProfile"
83="slaReportProfile_Action_221"
84="UC05_TR02_Go_Trending"
85="https://dev-boomq.pflb.ru/project-srv/project?sort=lastModified,desc&size=999"
86="UC05_TR03_Add_new_trend_report"
87="https://dev-boomq.pflb.ru/project-srv/project/2620"
88="2754_Action_263"
89="https://dev-boomq.pflb.ru/project-srv/project/2620/version/3658"
90="3840_Action_273"
91="https://dev-boomq.pflb.ru/project-srv/project/2620/version/3658/downloadLink"
92="https://dev-boomq.pflb.ru/minio/boomq/boomq/teams/13/projects/2620/v_3658.yaml?X-Amz-Algorithm=AWS4-HMAC-SHA256&X-Amz-Credential=AKIAIOSFODNN7EXAMPLE/20240618/us-east-1/s3/aws4_request&X-Amz-Date=20240618T165914Z&X-Amz-Expires=604800&X-Amz-SignedHeaders=host&X-Amz-Signature=281f1ce76965215f9f2130c6755ded86f0b23a7e3d13bd4a9c104e9731825271"
93="downloadLink_Action_286"
94="UC03_TR03_choose_test"
95="https://dev-boomq.pflb.ru/report-srv/report/search"
96="search_Action_215"
97="UC06_TR02_reports"
98="https://dev-boomq.pflb.ru/test-srv/test?sort=createDate,desc&displayState=FINISHED"
99="test_Action_232"
