[DATA_POINT]
1="tcp_connect"
2="tcp_connection_count"
3="ssl_session_new"
4="mic_recv"
5="HTTP_200"
6="HTTP_201"
7="HTTP_400"
8="HTTP_301"
10="HTTP_403"
9="tcp_shutdown"
11="HTTP_409"
[END_TRANSACTION]
1="vuser_init_Transaction"
2="https://dev-boomq.pflb.ru/"
3="https://dev-boomq.pflb.ru/static/media/loading.b59fa25397e07d75b9ac55ace151e625.svg"
4="https://dev-boomq.pflb.ru/static/media/logo.f5ae2890e77693e018920d4ad41c643c.svg"
5="https://dev-boomq.pflb.ru/static/media/Montserrat-Regular.3db65dc4b858f0fed4fb.woff"
6="https://dev-boomq.pflb.ru/static/media/Montserrat-SemiBold.197213592de7a2a62e06.woff"
7="https://dev-boomq.pflb.ru/authorize"
8="https://dev-boomq.pflb.ru/static/media/Montserrat-Bold.180ba33d8de7dcfe80a0.woff"
9="https://dev-boomq.pflb.ru/static/media/Montserrat-Medium.d42dad28f6470e5162c2.woff"
100="teamMember_3_Action_295"
101="UC_01_TR_05_Add_member"
102="teamMember_5_Action_312"
103="UC_01_TR_06_Copy_invite_link"
104="https://dev-boomq.pflb.ru/project-srv/project/2662"
105="2754_Action_263"
106="https://dev-boomq.pflb.ru/project-srv/project/2662/version/3717"
107="3840_Action_273"
108="https://dev-boomq.pflb.ru/project-srv/project/2662/version/3717/downloadLink"
109="https://dev-boomq.pflb.ru/minio/boomq/boomq/teams/13/projects/2662/v_3717.yaml?X-Amz-Algorithm=AWS4-HMAC-SHA256&X-Amz-Credential=AKIAIOSFODNN7EXAMPLE/20240618/us-east-1/s3/aws4_request&X-Amz-Date=20240618T165914Z&X-Amz-Expires=604800&X-Amz-SignedHeaders=host&X-Amz-Signature=281f1ce76965215f9f2130c6755ded86f0b23a7e3d13bd4a9c104e9731825271"
110="downloadLink_Action_286"
111="UC03_TR03_choose_test"
112="UC_01_TR_07_Exit"
113="https://dev-boomq.pflb.ru/auth-srv/invite/H3cibpP4E4RXcekhdn8LKVMCJNJx9IOijT9FPjh4Q9f-hiRYvVK8m0pm-fLbn2QnIF_TaohPOhan9Fh7MlTXYi3ynrQB970k0YJ_Zesg0d1r7v5fKbwfTeDUpXmTdhXI"
114="https://dev-boomq.pflb.ru/change-password"
115="YJ4JGWAnMH-JhZ5GT-gOPcA-_Action_358"
116="UC_01_TR_08_Insert_invite_link"
117="modelSchema_2_Action_381"
118="user_3_Action_397"
119="team_3_Action_411"
120="teamContext_2_Action_421"
121="testRunner_2_Action_431"
122="UC_01_TR_09_Input_password"
123="https://dev-boomq.pflb.ru/project-srv/project"
124="https://dev-boomq.pflb.ru/static/media/check.9725c0396328bae9471b624111fc14ca.svg"
125="project_2_Action_210"
126="UC02_TR03_create_new_test"
127="UC02_TR04_sign_out"
128="Action_Transaction"
129="https://dev-boomq.pflb.ru/report-srv/report"
130="report_Action_258"
131="https://dev-boomq.pflb.ru/report-srv/report/1304"
132="1182_Action_271"
133="https://dev-boomq.pflb.ru/report-srv/report/1304/content"
134="content_Action_281"
135="test_2_Action_291"
136="UC06_TR05_reportname"
137="UC06_TR06_sign_out"
138="UC_01_TR_10_Exit"
139="https://dev-boomq.pflb.ru/test-srv/test?sort=createDate,desc&size=999999&projectId=2519&state=FINISHED,FAILED,CANCELED"
140="test_Action_253"
141="UC_05_TR_04_Select_test"
142="UC_05_TR_05_Select_test_runs"
143="https://dev-boomq.pflb.ru/test-srv/slaReportProfile/slaTypeList"
144="slaTypeList_Action_274"
145="https://dev-boomq.pflb.ru/test-srv/slaReportProfile/previewReport"
146="previewReport_Action_289"
147="UC_05_TR_06_Next"
148="https://dev-boomq.pflb.ru/test-srv/test"
149="test_Action_309"
150="project_2_Action_323"
151="https://dev-boomq.pflb.ru/test-srv/test/label?query="
152="label_2_Action_333"
153="https://dev-boomq.pflb.ru/test-srv/user"
154="user_4_Action_343"
155="https://dev-boomq.pflb.ru/test-srv/test?sort=createDate,desc&displayState=INITIALIZATION,WAITING,RUNNING,TEST_STOPPING"
156="test_2_Action_353"
157="https://dev-boomq.pflb.ru/test-srv/test?sort=createDate,desc&page=0&size=7"
158="test_3_Action_363"
159="UC03_TR04_start_test"
160="UC03_TR05_sign_out"
161="previewReport_2_Action_311"
162="previewReport_3_Action_324"
163="UC_05_TR_07_Add_chart"
164="previewReport_4_Action_341"
165="previewReport_5_Action_356"
166="previewReport_6_Action_371"
167="previewReport_7_Action_385"
168="previewReport_8_Action_399"
169="previewReport_9_Action_413"
170="UC_05_TR_08_Add_table"
171="slaReportProfile_2_Action_433"
172="UC_05_TR_09_Save"
173="UC_05_TR_Exit"
174="https://dev-boomq.pflb.ru/project-srv/project/2780"
175="https://dev-boomq.pflb.ru/project-srv/project/2780/version/3838"
176="https://dev-boomq.pflb.ru/project-srv/project/2780/version/3838/downloadLink"
177="https://dev-boomq.pflb.ru/minio/boomq/boomq/teams/13/projects/2780/v_3838.yaml?X-Amz-Algorithm=AWS4-HMAC-SHA256&X-Amz-Credential=AKIAIOSFODNN7EXAMPLE/20240618/us-east-1/s3/aws4_request&X-Amz-Date=20240618T165914Z&X-Amz-Expires=604800&X-Amz-SignedHeaders=host&X-Amz-Signature=281f1ce76965215f9f2130c6755ded86f0b23a7e3d13bd4a9c104e9731825271"
178="https://dev-boomq.pflb.ru/project-srv/project/2663"
179="https://dev-boomq.pflb.ru/project-srv/project/2663/version/3718"
180="https://dev-boomq.pflb.ru/project-srv/project/2663/version/3718/downloadLink"
181="https://dev-boomq.pflb.ru/minio/boomq/boomq/teams/13/projects/2663/v_3718.yaml?X-Amz-Algorithm=AWS4-HMAC-SHA256&X-Amz-Credential=AKIAIOSFODNN7EXAMPLE/20240618/us-east-1/s3/aws4_request&X-Amz-Date=20240618T165914Z&X-Amz-Expires=604800&X-Amz-SignedHeaders=host&X-Amz-Signature=281f1ce76965215f9f2130c6755ded86f0b23a7e3d13bd4a9c104e9731825271"
182="https://dev-boomq.pflb.ru/project-srv/project/2665"
183="https://dev-boomq.pflb.ru/project-srv/project/2665/version/3720"
184="https://dev-boomq.pflb.ru/project-srv/project/2665/version/3720/downloadLink"
185="https://dev-boomq.pflb.ru/minio/boomq/boomq/teams/13/projects/2665/v_3720.yaml?X-Amz-Algorithm=AWS4-HMAC-SHA256&X-Amz-Credential=AKIAIOSFODNN7EXAMPLE/20240618/us-east-1/s3/aws4_request&X-Amz-Date=20240618T165914Z&X-Amz-Expires=604800&X-Amz-SignedHeaders=host&X-Amz-Signature=281f1ce76965215f9f2130c6755ded86f0b23a7e3d13bd4a9c104e9731825271"
186="https://dev-boomq.pflb.ru/project-srv/project/2783"
187="https://dev-boomq.pflb.ru/project-srv/project/2783/version/3841"
188="https://dev-boomq.pflb.ru/project-srv/project/2783/version/3841/downloadLink"
189="https://dev-boomq.pflb.ru/minio/boomq/boomq/teams/13/projects/2783/v_3841.yaml?X-Amz-Algorithm=AWS4-HMAC-SHA256&X-Amz-Credential=AKIAIOSFODNN7EXAMPLE/20240618/us-east-1/s3/aws4_request&X-Amz-Date=20240618T165914Z&X-Amz-Expires=604800&X-Amz-SignedHeaders=host&X-Amz-Signature=281f1ce76965215f9f2130c6755ded86f0b23a7e3d13bd4a9c104e9731825271"
190="https://dev-boomq.pflb.ru/project-srv/project/2784"
191="https://dev-boomq.pflb.ru/project-srv/project/2784/version/3842"
192="https://dev-boomq.pflb.ru/project-srv/project/2784/version/3842/downloadLink"
193="https://dev-boomq.pflb.ru/minio/boomq/boomq/teams/13/projects/2784/v_3842.yaml?X-Amz-Algorithm=AWS4-HMAC-SHA256&X-Amz-Credential=AKIAIOSFODNN7EXAMPLE/20240618/us-east-1/s3/aws4_request&X-Amz-Date=20240618T165914Z&X-Amz-Expires=604800&X-Amz-SignedHeaders=host&X-Amz-Signature=281f1ce76965215f9f2130c6755ded86f0b23a7e3d13bd4a9c104e9731825271"
194="https://dev-boomq.pflb.ru/project-srv/project/2666"
195="https://dev-boomq.pflb.ru/project-srv/project/2666/version/3721"
196="https://dev-boomq.pflb.ru/project-srv/project/2666/version/3721/downloadLink"
197="https://dev-boomq.pflb.ru/minio/boomq/boomq/teams/13/projects/2666/v_3721.yaml?X-Amz-Algorithm=AWS4-HMAC-SHA256&X-Amz-Credential=AKIAIOSFODNN7EXAMPLE/20240618/us-east-1/s3/aws4_request&X-Amz-Date=20240618T165914Z&X-Amz-Expires=604800&X-Amz-SignedHeaders=host&X-Amz-Signature=281f1ce76965215f9f2130c6755ded86f0b23a7e3d13bd4a9c104e9731825271"
198="https://dev-boomq.pflb.ru/report-srv/report/1309"
199="https://dev-boomq.pflb.ru/report-srv/report/1309/content"
200="https://dev-boomq.pflb.ru/project-srv/project/2787"
201="https://dev-boomq.pflb.ru/project-srv/project/2787/version/3845"
202="https://dev-boomq.pflb.ru/project-srv/project/2787/version/3845/downloadLink"
203="https://dev-boomq.pflb.ru/minio/boomq/boomq/teams/13/projects/2787/v_3845.yaml?X-Amz-Algorithm=AWS4-HMAC-SHA256&X-Amz-Credential=AKIAIOSFODNN7EXAMPLE/20240618/us-east-1/s3/aws4_request&X-Amz-Date=20240618T165914Z&X-Amz-Expires=604800&X-Amz-SignedHeaders=host&X-Amz-Signature=281f1ce76965215f9f2130c6755ded86f0b23a7e3d13bd4a9c104e9731825271"
204="https://dev-boomq.pflb.ru/project-srv/project/2786"
205="https://dev-boomq.pflb.ru/project-srv/project/2786/version/3844"
206="https://dev-boomq.pflb.ru/project-srv/project/2786/version/3844/downloadLink"
207="https://dev-boomq.pflb.ru/minio/boomq/boomq/teams/13/projects/2786/v_3844.yaml?X-Amz-Algorithm=AWS4-HMAC-SHA256&X-Amz-Credential=AKIAIOSFODNN7EXAMPLE/20240618/us-east-1/s3/aws4_request&X-Amz-Date=20240618T165914Z&X-Amz-Expires=604800&X-Amz-SignedHeaders=host&X-Amz-Signature=281f1ce76965215f9f2130c6755ded86f0b23a7e3d13bd4a9c104e9731825271"
208="https://dev-boomq.pflb.ru/project-srv/project/2785"
209="https://dev-boomq.pflb.ru/project-srv/project/2785/version/3843"
210="https://dev-boomq.pflb.ru/project-srv/project/2785/version/3843/downloadLink"
211="https://dev-boomq.pflb.ru/minio/boomq/boomq/teams/13/projects/2785/v_3843.yaml?X-Amz-Algorithm=AWS4-HMAC-SHA256&X-Amz-Credential=AKIAIOSFODNN7EXAMPLE/20240618/us-east-1/s3/aws4_request&X-Amz-Date=20240618T165914Z&X-Amz-Expires=604800&X-Amz-SignedHeaders=host&X-Amz-Signature=281f1ce76965215f9f2130c6755ded86f0b23a7e3d13bd4a9c104e9731825271"
212="https://dev-boomq.pflb.ru/project-srv/project/2793"
213="https://dev-boomq.pflb.ru/project-srv/project/2793/version/3851"
214="https://dev-boomq.pflb.ru/project-srv/project/2793/version/3851/downloadLink"
215="https://dev-boomq.pflb.ru/minio/boomq/boomq/teams/13/projects/2793/v_3851.yaml?X-Amz-Algorithm=AWS4-HMAC-SHA256&X-Amz-Credential=AKIAIOSFODNN7EXAMPLE/20240618/us-east-1/s3/aws4_request&X-Amz-Date=20240618T165914Z&X-Amz-Expires=604800&X-Amz-SignedHeaders=host&X-Amz-Signature=281f1ce76965215f9f2130c6755ded86f0b23a7e3d13bd4a9c104e9731825271"
216="https://dev-boomq.pflb.ru/project-srv/project/2788"
217="https://dev-boomq.pflb.ru/project-srv/project/2788/version/3846"
218="https://dev-boomq.pflb.ru/project-srv/project/2788/version/3846/downloadLink"
219="https://dev-boomq.pflb.ru/minio/boomq/boomq/teams/13/projects/2788/v_3846.yaml?X-Amz-Algorithm=AWS4-HMAC-SHA256&X-Amz-Credential=AKIAIOSFODNN7EXAMPLE/20240618/us-east-1/s3/aws4_request&X-Amz-Date=20240618T165914Z&X-Amz-Expires=604800&X-Amz-SignedHeaders=host&X-Amz-Signature=281f1ce76965215f9f2130c6755ded86f0b23a7e3d13bd4a9c104e9731825271"
220="https://dev-boomq.pflb.ru/project-srv/project/2790"
221="https://dev-boomq.pflb.ru/project-srv/project/2790/version/3848"
222="https://dev-boomq.pflb.ru/project-srv/project/2790/version/3848/downloadLink"
223="https://dev-boomq.pflb.ru/minio/boomq/boomq/teams/13/projects/2790/v_3848.yaml?X-Amz-Algorithm=AWS4-HMAC-SHA256&X-Amz-Credential=AKIAIOSFODNN7EXAMPLE/20240618/us-east-1/s3/aws4_request&X-Amz-Date=20240618T165914Z&X-Amz-Expires=604800&X-Amz-SignedHeaders=host&X-Amz-Signature=281f1ce76965215f9f2130c6755ded86f0b23a7e3d13bd4a9c104e9731825271"
224="https://dev-boomq.pflb.ru/project-srv/project/2799"
225="https://dev-boomq.pflb.ru/project-srv/project/2799/version/3857"
226="https://dev-boomq.pflb.ru/project-srv/project/2799/version/3857/downloadLink"
227="https://dev-boomq.pflb.ru/minio/boomq/boomq/teams/13/projects/2799/v_3857.yaml?X-Amz-Algorithm=AWS4-HMAC-SHA256&X-Amz-Credential=AKIAIOSFODNN7EXAMPLE/20240618/us-east-1/s3/aws4_request&X-Amz-Date=20240618T165914Z&X-Amz-Expires=604800&X-Amz-SignedHeaders=host&X-Amz-Signature=281f1ce76965215f9f2130c6755ded86f0b23a7e3d13bd4a9c104e9731825271"
228="https://dev-boomq.pflb.ru/project-srv/project/2804"
229="https://dev-boomq.pflb.ru/project-srv/project/2804/version/3862"
230="https://dev-boomq.pflb.ru/project-srv/project/2804/version/3862/downloadLink"
231="https://dev-boomq.pflb.ru/minio/boomq/boomq/teams/13/projects/2804/v_3862.yaml?X-Amz-Algorithm=AWS4-HMAC-SHA256&X-Amz-Credential=AKIAIOSFODNN7EXAMPLE/20240618/us-east-1/s3/aws4_request&X-Amz-Date=20240618T165914Z&X-Amz-Expires=604800&X-Amz-SignedHeaders=host&X-Amz-Signature=281f1ce76965215f9f2130c6755ded86f0b23a7e3d13bd4a9c104e9731825271"
232="https://dev-boomq.pflb.ru/project-srv/project/2798"
233="https://dev-boomq.pflb.ru/project-srv/project/2798/version/3856"
234="https://dev-boomq.pflb.ru/project-srv/project/2798/version/3856/downloadLink"
235="https://dev-boomq.pflb.ru/minio/boomq/boomq/teams/13/projects/2798/v_3856.yaml?X-Amz-Algorithm=AWS4-HMAC-SHA256&X-Amz-Credential=AKIAIOSFODNN7EXAMPLE/20240618/us-east-1/s3/aws4_request&X-Amz-Date=20240618T165914Z&X-Amz-Expires=604800&X-Amz-SignedHeaders=host&X-Amz-Signature=281f1ce76965215f9f2130c6755ded86f0b23a7e3d13bd4a9c104e9731825271"
236="https://dev-boomq.pflb.ru/report-srv/report/1317"
237="https://dev-boomq.pflb.ru/report-srv/report/1317/content"
238="https://dev-boomq.pflb.ru/project-srv/project/2806"
239="https://dev-boomq.pflb.ru/project-srv/project/2806/version/3864"
240="https://dev-boomq.pflb.ru/project-srv/project/2806/version/3864/downloadLink"
241="https://dev-boomq.pflb.ru/minio/boomq/boomq/teams/13/projects/2806/v_3864.yaml?X-Amz-Algorithm=AWS4-HMAC-SHA256&X-Amz-Credential=AKIAIOSFODNN7EXAMPLE/20240618/us-east-1/s3/aws4_request&X-Amz-Date=20240618T165914Z&X-Amz-Expires=604800&X-Amz-SignedHeaders=host&X-Amz-Signature=281f1ce76965215f9f2130c6755ded86f0b23a7e3d13bd4a9c104e9731825271"
242="https://dev-boomq.pflb.ru/project-srv/project/2807"
243="https://dev-boomq.pflb.ru/project-srv/project/2807/version/3865"
244="https://dev-boomq.pflb.ru/project-srv/project/2807/version/3865/downloadLink"
245="https://dev-boomq.pflb.ru/minio/boomq/boomq/teams/13/projects/2807/v_3865.yaml?X-Amz-Algorithm=AWS4-HMAC-SHA256&X-Amz-Credential=AKIAIOSFODNN7EXAMPLE/20240618/us-east-1/s3/aws4_request&X-Amz-Date=20240618T165914Z&X-Amz-Expires=604800&X-Amz-SignedHeaders=host&X-Amz-Signature=281f1ce76965215f9f2130c6755ded86f0b23a7e3d13bd4a9c104e9731825271"
246="https://dev-boomq.pflb.ru/project-srv/project/2811"
247="https://dev-boomq.pflb.ru/project-srv/project/2811/version/3869"
248="https://dev-boomq.pflb.ru/project-srv/project/2811/version/3869/downloadLink"
249="https://dev-boomq.pflb.ru/minio/boomq/boomq/teams/13/projects/2811/v_3869.yaml?X-Amz-Algorithm=AWS4-HMAC-SHA256&X-Amz-Credential=AKIAIOSFODNN7EXAMPLE/20240618/us-east-1/s3/aws4_request&X-Amz-Date=20240618T165914Z&X-Amz-Expires=604800&X-Amz-SignedHeaders=host&X-Amz-Signature=281f1ce76965215f9f2130c6755ded86f0b23a7e3d13bd4a9c104e9731825271"
250="https://dev-boomq.pflb.ru/project-srv/project/2814"
251="https://dev-boomq.pflb.ru/project-srv/project/2814/version/3872"
252="https://dev-boomq.pflb.ru/project-srv/project/2814/version/3872/downloadLink"
253="https://dev-boomq.pflb.ru/minio/boomq/boomq/teams/13/projects/2814/v_3872.yaml?X-Amz-Algorithm=AWS4-HMAC-SHA256&X-Amz-Credential=AKIAIOSFODNN7EXAMPLE/20240618/us-east-1/s3/aws4_request&X-Amz-Date=20240618T165914Z&X-Amz-Expires=604800&X-Amz-SignedHeaders=host&X-Amz-Signature=281f1ce76965215f9f2130c6755ded86f0b23a7e3d13bd4a9c104e9731825271"
254="https://dev-boomq.pflb.ru/project-srv/project/2810"
255="https://dev-boomq.pflb.ru/project-srv/project/2810/version/3868"
256="https://dev-boomq.pflb.ru/project-srv/project/2810/version/3868/downloadLink"
257="https://dev-boomq.pflb.ru/minio/boomq/boomq/teams/13/projects/2810/v_3868.yaml?X-Amz-Algorithm=AWS4-HMAC-SHA256&X-Amz-Credential=AKIAIOSFODNN7EXAMPLE/20240618/us-east-1/s3/aws4_request&X-Amz-Date=20240618T165914Z&X-Amz-Expires=604800&X-Amz-SignedHeaders=host&X-Amz-Signature=281f1ce76965215f9f2130c6755ded86f0b23a7e3d13bd4a9c104e9731825271"
258="https://dev-boomq.pflb.ru/auth-srv/invite/5_FYzHDevespWPmiVrFgT7DMVjh4xhP63H-Zh99WDcO14YpSV5LBJBa23-KD1aVGbJpE_gu_JTTzuSX3SQxuW-jLWlKGKEyHeX5mWbnedwc="
259="https://dev-boomq.pflb.ru/report-srv/report/1324"
260="https://dev-boomq.pflb.ru/report-srv/report/1324/content"
261="https://dev-boomq.pflb.ru/project-srv/project/2812"
262="https://dev-boomq.pflb.ru/project-srv/project/2812/version/3870"
263="https://dev-boomq.pflb.ru/project-srv/project/2812/version/3870/downloadLink"
264="https://dev-boomq.pflb.ru/minio/boomq/boomq/teams/13/projects/2812/v_3870.yaml?X-Amz-Algorithm=AWS4-HMAC-SHA256&X-Amz-Credential=AKIAIOSFODNN7EXAMPLE/20240618/us-east-1/s3/aws4_request&X-Amz-Date=20240618T165914Z&X-Amz-Expires=604800&X-Amz-SignedHeaders=host&X-Amz-Signature=281f1ce76965215f9f2130c6755ded86f0b23a7e3d13bd4a9c104e9731825271"
265="https://dev-boomq.pflb.ru/project-srv/project/2819"
266="https://dev-boomq.pflb.ru/project-srv/project/2819/version/3877"
267="https://dev-boomq.pflb.ru/project-srv/project/2819/version/3877/downloadLink"
268="https://dev-boomq.pflb.ru/minio/boomq/boomq/teams/13/projects/2819/v_3877.yaml?X-Amz-Algorithm=AWS4-HMAC-SHA256&X-Amz-Credential=AKIAIOSFODNN7EXAMPLE/20240618/us-east-1/s3/aws4_request&X-Amz-Date=20240618T165914Z&X-Amz-Expires=604800&X-Amz-SignedHeaders=host&X-Amz-Signature=281f1ce76965215f9f2130c6755ded86f0b23a7e3d13bd4a9c104e9731825271"
269="https://dev-boomq.pflb.ru/project-srv/project/2822"
270="https://dev-boomq.pflb.ru/project-srv/project/2822/version/3880"
271="https://dev-boomq.pflb.ru/project-srv/project/2822/version/3880/downloadLink"
272="https://dev-boomq.pflb.ru/minio/boomq/boomq/teams/13/projects/2822/v_3880.yaml?X-Amz-Algorithm=AWS4-HMAC-SHA256&X-Amz-Credential=AKIAIOSFODNN7EXAMPLE/20240618/us-east-1/s3/aws4_request&X-Amz-Date=20240618T165914Z&X-Amz-Expires=604800&X-Amz-SignedHeaders=host&X-Amz-Signature=281f1ce76965215f9f2130c6755ded86f0b23a7e3d13bd4a9c104e9731825271"
273="https://dev-boomq.pflb.ru/project-srv/project/2820"
274="https://dev-boomq.pflb.ru/project-srv/project/2820/version/3878"
275="https://dev-boomq.pflb.ru/project-srv/project/2820/version/3878/downloadLink"
276="https://dev-boomq.pflb.ru/minio/boomq/boomq/teams/13/projects/2820/v_3878.yaml?X-Amz-Algorithm=AWS4-HMAC-SHA256&X-Amz-Credential=AKIAIOSFODNN7EXAMPLE/20240618/us-east-1/s3/aws4_request&X-Amz-Date=20240618T165914Z&X-Amz-Expires=604800&X-Amz-SignedHeaders=host&X-Amz-Signature=281f1ce76965215f9f2130c6755ded86f0b23a7e3d13bd4a9c104e9731825271"
277="https://dev-boomq.pflb.ru/project-srv/project/2826"
278="https://dev-boomq.pflb.ru/project-srv/project/2826/version/3884"
279="https://dev-boomq.pflb.ru/project-srv/project/2826/version/3884/downloadLink"
280="https://dev-boomq.pflb.ru/minio/boomq/boomq/teams/13/projects/2826/v_3884.yaml?X-Amz-Algorithm=AWS4-HMAC-SHA256&X-Amz-Credential=AKIAIOSFODNN7EXAMPLE/20240618/us-east-1/s3/aws4_request&X-Amz-Date=20240618T165914Z&X-Amz-Expires=604800&X-Amz-SignedHeaders=host&X-Amz-Signature=281f1ce76965215f9f2130c6755ded86f0b23a7e3d13bd4a9c104e9731825271"
281="https://dev-boomq.pflb.ru/project-srv/project/2825"
282="https://dev-boomq.pflb.ru/project-srv/project/2825/version/3883"
283="https://dev-boomq.pflb.ru/project-srv/project/2825/version/3883/downloadLink"
284="https://dev-boomq.pflb.ru/minio/boomq/boomq/teams/13/projects/2825/v_3883.yaml?X-Amz-Algorithm=AWS4-HMAC-SHA256&X-Amz-Credential=AKIAIOSFODNN7EXAMPLE/20240618/us-east-1/s3/aws4_request&X-Amz-Date=20240618T165914Z&X-Amz-Expires=604800&X-Amz-SignedHeaders=host&X-Amz-Signature=281f1ce76965215f9f2130c6755ded86f0b23a7e3d13bd4a9c104e9731825271"
285="https://dev-boomq.pflb.ru/project-srv/project/2831"
286="https://dev-boomq.pflb.ru/project-srv/project/2831/version/3889"
287="https://dev-boomq.pflb.ru/project-srv/project/2831/version/3889/downloadLink"
288="https://dev-boomq.pflb.ru/minio/boomq/boomq/teams/13/projects/2831/v_3889.yaml?X-Amz-Algorithm=AWS4-HMAC-SHA256&X-Amz-Credential=AKIAIOSFODNN7EXAMPLE/20240618/us-east-1/s3/aws4_request&X-Amz-Date=20240618T165914Z&X-Amz-Expires=604800&X-Amz-SignedHeaders=host&X-Amz-Signature=281f1ce76965215f9f2130c6755ded86f0b23a7e3d13bd4a9c104e9731825271"
289="https://dev-boomq.pflb.ru/project-srv/project/2839"
290="https://dev-boomq.pflb.ru/project-srv/project/2839/version/3897"
291="https://dev-boomq.pflb.ru/project-srv/project/2839/version/3897/downloadLink"
292="https://dev-boomq.pflb.ru/minio/boomq/boomq/teams/13/projects/2839/v_3897.yaml?X-Amz-Algorithm=AWS4-HMAC-SHA256&X-Amz-Credential=AKIAIOSFODNN7EXAMPLE/20240618/us-east-1/s3/aws4_request&X-Amz-Date=20240618T165914Z&X-Amz-Expires=604800&X-Amz-SignedHeaders=host&X-Amz-Signature=281f1ce76965215f9f2130c6755ded86f0b23a7e3d13bd4a9c104e9731825271"
293="https://dev-boomq.pflb.ru/project-srv/project/2841"
294="https://dev-boomq.pflb.ru/project-srv/project/2841/version/3899"
295="https://dev-boomq.pflb.ru/project-srv/project/2841/version/3899/downloadLink"
296="https://dev-boomq.pflb.ru/minio/boomq/boomq/teams/13/projects/2841/v_3899.yaml?X-Amz-Algorithm=AWS4-HMAC-SHA256&X-Amz-Credential=AKIAIOSFODNN7EXAMPLE/20240618/us-east-1/s3/aws4_request&X-Amz-Date=20240618T165914Z&X-Amz-Expires=604800&X-Amz-SignedHeaders=host&X-Amz-Signature=281f1ce76965215f9f2130c6755ded86f0b23a7e3d13bd4a9c104e9731825271"
297="https://dev-boomq.pflb.ru/project-srv/project/2846"
298="https://dev-boomq.pflb.ru/project-srv/project/2846/version/3904"
299="https://dev-boomq.pflb.ru/project-srv/project/2846/version/3904/downloadLink"
300="https://dev-boomq.pflb.ru/minio/boomq/boomq/teams/13/projects/2846/v_3904.yaml?X-Amz-Algorithm=AWS4-HMAC-SHA256&X-Amz-Credential=AKIAIOSFODNN7EXAMPLE/20240618/us-east-1/s3/aws4_request&X-Amz-Date=20240618T165914Z&X-Amz-Expires=604800&X-Amz-SignedHeaders=host&X-Amz-Signature=281f1ce76965215f9f2130c6755ded86f0b23a7e3d13bd4a9c104e9731825271"
301="https://dev-boomq.pflb.ru/report-srv/report/1338"
302="https://dev-boomq.pflb.ru/report-srv/report/1338/content"
303="https://dev-boomq.pflb.ru/project-srv/project/2844"
304="https://dev-boomq.pflb.ru/project-srv/project/2844/version/3902"
305="https://dev-boomq.pflb.ru/project-srv/project/2844/version/3902/downloadLink"
306="https://dev-boomq.pflb.ru/minio/boomq/boomq/teams/13/projects/2844/v_3902.yaml?X-Amz-Algorithm=AWS4-HMAC-SHA256&X-Amz-Credential=AKIAIOSFODNN7EXAMPLE/20240618/us-east-1/s3/aws4_request&X-Amz-Date=20240618T165914Z&X-Amz-Expires=604800&X-Amz-SignedHeaders=host&X-Amz-Signature=281f1ce76965215f9f2130c6755ded86f0b23a7e3d13bd4a9c104e9731825271"
307="vuser_end_Transaction"
10="https://dev-boomq.pflb.ru/static/css/main.64a4c65b.css"
11="https://dev-boomq.pflb.ru/static/js/main.cddf1824.js"
12="dev-boomq.pflb.ru_Action_40"
13="https://dev-boomq.pflb.ru/auth-srv/login"
14="https://dev-boomq.pflb.ru/static/media/en.b1acfc6b06bfe6e29bfbfc06d09d8177.svg"
15="login_Action_94"
16="https://dev-boomq.pflb.ru/config.json"
17="config.json_Action_110"
18="https://dev-boomq.pflb.ru/project-srv/modelSchema"
19="modelSchema_Action_120"
20="https://dev-boomq.pflb.ru/auth-srv/user"
21="user_Action_133"
22="https://dev-boomq.pflb.ru/auth-srv/identityProvider"
23="identityProvider_Action_143"
24="https://dev-boomq.pflb.ru/auth-srv/team?size=2"
25="team_Action_157"
26="https://dev-boomq.pflb.ru/auth-srv/teamMember/teamContext?teamId=13"
27="teamContext_Action_174"
28="https://dev-boomq.pflb.ru/test-runner-srv/testRunner?sort=id,desc"
29="testRunner_Action_187"
30="UC_01_TR_01_Sign_in"
31="authorize_Action_30"
32="login_Action_73"
33="config.json_Action_89"
34="modelSchema_Action_99"
35="user_Action_109"
36="identityProvider_Action_121"
37="team_Action_131"
38="teamContext_Action_149"
39="testRunner_Action_162"
40="UC02_TR01_login"
41="dev-boomq.pflb.ru_Action_29"
42="https://4aavslhx.791095574.xyz/"
43="4aavslhx.791095574.xyz_Action_64"
44="https://4aavslhx.791095574.xyz/v2/network/info/leading/extensive"
45="extensive_Action_74"
46="user_Action_101"
47="modelSchema_Action_111"
48="https://dev-boomq.pflb.ru/auth-srv/team/13"
49="13_Action_187"
50="UC03_TR01_login"
51="user_Action_89"
52="modelSchema_Action_101"
53="identityProvider_Action_111"
54="team_Action_121"
55="teamContext_Action_139"
56="testRunner_Action_151"
57="13_Action_177"
58="config.json_Action_187"
59="UC06_TR01_login"
60="login_Action_111"
61="config.json_Action_127"
62="modelSchema_Action_137"
63="user_Action_150"
64="identityProvider_Action_160"
65="team_Action_170"
66="teamContext_Action_188"
67="testRunner_Action_201"
68="UC_05_TR_01_Login"
69="https://dev-boomq.pflb.ru/project-srv/project/label?query="
70="label_Action_178"
71="https://dev-boomq.pflb.ru/project-srv/project?sort=lastModified,desc&page=0&size=9"
72="project_Action_188"
73="UC02_TR02_tests"
74="label_Action_221"
75="project_Action_238"
76="UC03_TR02_tests"
77="https://dev-boomq.pflb.ru/report-srv/report/search"
78="search_Action_215"
79="UC06_TR02_reports"
80="https://dev-boomq.pflb.ru/test-srv/test?sort=createDate,desc&displayState=FINISHED"
81="test_Action_232"
82="UC06_TR03_add_new_report"
83="https://dev-boomq.pflb.ru/auth-srv/team?page=0&size=4"
84="team_2_Action_206"
85="UC_01_TR_02_Going_to_group"
86="https://dev-boomq.pflb.ru/test-srv/slaReportProfile"
87="https://dev-boomq.pflb.ru/static/media/arrow_down.6be88730f13ef3a159f4ef4438670da1.svg"
88="https://dev-boomq.pflb.ru/static/media/arrow.659530470e6be7b696f0d3d15a3179f5.svg"
89="slaReportProfile_Action_220"
90="UC_05_TR_02_Go_Trending"
91="https://dev-boomq.pflb.ru/project-srv/project?sort=lastModified,desc&size=999"
92="project_Action_237"
93="UC_05_TR_03_Add_new_trend_report"
94="13_2_Action_222"
95="https://dev-boomq.pflb.ru/auth-srv/teamMember?teamId=13&page=0&size=2"
96="teamMember_Action_236"
97="UC_01_TR_03_Edit_group"
98="https://dev-boomq.pflb.ru/auth-srv/teamMember?teamId=13"
99="teamMember_2_Action_282"
