[DATA_POINT]
1="tcp_connect"
2="tcp_connection_count"
3="ssl_session_new"
4="mic_recv"
5="HTTP_200"
6="HTTP_400"
7="HTTP_201"
8="HTTP_301"
10="HTTP_500"
9="tcp_shutdown"
11="HTTP_403"
[END_TRANSACTION]
1="vuser_init_Transaction"
2="https://dev-boomq.pflb.ru/"
3="https://dev-boomq.pflb.ru/static/media/loading.b59fa25397e07d75b9ac55ace151e625.svg"
4="https://dev-boomq.pflb.ru/static/media/logo.f5ae2890e77693e018920d4ad41c643c.svg"
5="https://dev-boomq.pflb.ru/static/media/Montserrat-Regular.3db65dc4b858f0fed4fb.woff"
6="https://dev-boomq.pflb.ru/static/media/Montserrat-SemiBold.197213592de7a2a62e06.woff"
7="https://dev-boomq.pflb.ru/authorize"
8="https://dev-boomq.pflb.ru/static/media/Montserrat-Medium.d42dad28f6470e5162c2.woff"
9="https://dev-boomq.pflb.ru/static/media/Montserrat-Bold.180ba33d8de7dcfe80a0.woff"
100="UC03_TR03_choose_test"
101="https://dev-boomq.pflb.ru/test-srv/test"
102="test_Action_309"
103="project_2_Action_323"
104="https://dev-boomq.pflb.ru/test-srv/test/label?query="
105="label_2_Action_333"
106="https://dev-boomq.pflb.ru/test-srv/user"
107="user_4_Action_343"
108="https://dev-boomq.pflb.ru/test-srv/test?sort=createDate,desc&displayState=INITIALIZATION,WAITING,RUNNING,TEST_STOPPING"
109="test_2_Action_353"
110="https://dev-boomq.pflb.ru/test-srv/test?sort=createDate,desc&page=0&size=7"
111="test_3_Action_363"
112="UC03_TR04_start_test"
113="UC03_TR05_sign_out"
114="Action_Transaction"
115="https://dev-boomq.pflb.ru/test-srv/test?sort=createDate,desc&size=999999&projectId=2519&state=FINISHED,FAILED,CANCELED"
116="test_Action_254"
117="UC05_TR04_Select_test"
118="UC05_TR05_Select_test_runs"
119="13_2_Action_222"
120="https://dev-boomq.pflb.ru/auth-srv/teamMember?teamId=13&page=0&size=2"
121="teamMember_Action_236"
122="UC_01_TR_03_Edit_group"
123="https://dev-boomq.pflb.ru/auth-srv/teamMember?teamId=13"
124="teamMember_2_Action_282"
125="teamMember_3_Action_295"
126="UC_01_TR_05_Add_member"
127="teamMember_5_Action_312"
128="UC_01_TR_06_Copy_invite_link"
129="https://dev-boomq.pflb.ru/project-srv/project"
130="https://dev-boomq.pflb.ru/static/media/check.9725c0396328bae9471b624111fc14ca.svg"
131="project_2_Action_210"
132="UC02_TR03_create_new_test"
133="UC02_TR04_sign_out"
134="https://dev-boomq.pflb.ru/report-srv/report"
135="report_Action_258"
136="https://dev-boomq.pflb.ru/report-srv/report/1656"
137="1182_Action_271"
138="https://dev-boomq.pflb.ru/report-srv/report/1656/content"
139="content_Action_281"
140="test_2_Action_291"
141="UC06_TR05_reportname"
142="UC06_TR06_sign_out"
143="UC_01_TR_07_Exit"
144="https://dev-boomq.pflb.ru/auth-srv/invite/_6tHYyFtEeTRXnm-a27K3_1j86lFXbTwjnDpOmicCwSMsF7fNbQmYHX3EtdjVyx16wGK5_69_UMkmfreuv-3dyRkxeyPQYW6ddrkdervfmM="
145="https://dev-boomq.pflb.ru/change-password"
146="YJ4JGWAnMH-JhZ5GT-gOPcA-_Action_358"
147="UC_01_TR_08_Insert_invite_link"
148="modelSchema_2_Action_381"
149="user_3_Action_397"
150="team_3_Action_411"
151="teamContext_2_Action_421"
152="testRunner_2_Action_431"
153="UC_01_TR_09_Input_password"
154="https://dev-boomq.pflb.ru/test-srv/slaReportProfile/slaTypeList"
155="slaTypeList_Action_277"
156="https://dev-boomq.pflb.ru/test-srv/slaReportProfile/previewReport"
157="previewReport_Action_292"
158="UC05_TR06_Next"
159="previewReport_2_Action_312"
160="UC_01_TR_10_Exit"
161="previewReport_3_Action_327"
162="UC05_TR07_Add_Chart"
163="previewReport_4_Action_346"
164="previewReport_5_Action_361"
165="UC05_TR08_Add_table"
166="slaReportProfile_2_Action_380"
167="UC05_TR09_Save"
168="UC05_TR10_Exit"
169="https://dev-boomq.pflb.ru/project-srv/project/2972"
170="https://dev-boomq.pflb.ru/project-srv/project/2972/version/4013"
171="https://dev-boomq.pflb.ru/project-srv/project/2972/version/4013/downloadLink"
172="https://dev-boomq.pflb.ru/minio/boomq/boomq/teams/13/projects/2972/v_4013.yaml?X-Amz-Algorithm=AWS4-HMAC-SHA256&X-Amz-Credential=AKIAIOSFODNN7EXAMPLE/20240618/us-east-1/s3/aws4_request&X-Amz-Date=20240618T165914Z&X-Amz-Expires=604800&X-Amz-SignedHeaders=host&X-Amz-Signature=281f1ce76965215f9f2130c6755ded86f0b23a7e3d13bd4a9c104e9731825271"
173="https://dev-boomq.pflb.ru/project-srv/project/2971"
174="https://dev-boomq.pflb.ru/project-srv/project/2971/version/4012"
175="https://dev-boomq.pflb.ru/project-srv/project/2971/version/4012/downloadLink"
176="https://dev-boomq.pflb.ru/minio/boomq/boomq/teams/13/projects/2971/v_4012.yaml?X-Amz-Algorithm=AWS4-HMAC-SHA256&X-Amz-Credential=AKIAIOSFODNN7EXAMPLE/20240618/us-east-1/s3/aws4_request&X-Amz-Date=20240618T165914Z&X-Amz-Expires=604800&X-Amz-SignedHeaders=host&X-Amz-Signature=281f1ce76965215f9f2130c6755ded86f0b23a7e3d13bd4a9c104e9731825271"
177="https://dev-boomq.pflb.ru/project-srv/project/3013"
178="https://dev-boomq.pflb.ru/project-srv/project/3013/version/4054"
179="https://dev-boomq.pflb.ru/project-srv/project/3013/version/4054/downloadLink"
180="https://dev-boomq.pflb.ru/minio/boomq/boomq/teams/13/projects/3013/v_4054.yaml?X-Amz-Algorithm=AWS4-HMAC-SHA256&X-Amz-Credential=AKIAIOSFODNN7EXAMPLE/20240618/us-east-1/s3/aws4_request&X-Amz-Date=20240618T165914Z&X-Amz-Expires=604800&X-Amz-SignedHeaders=host&X-Amz-Signature=281f1ce76965215f9f2130c6755ded86f0b23a7e3d13bd4a9c104e9731825271"
181="https://dev-boomq.pflb.ru/report-srv/report/1665"
182="https://dev-boomq.pflb.ru/report-srv/report/1665/content"
183="https://dev-boomq.pflb.ru/project-srv/project/3019"
184="https://dev-boomq.pflb.ru/project-srv/project/3019/version/4060"
185="https://dev-boomq.pflb.ru/project-srv/project/3019/version/4060/downloadLink"
186="https://dev-boomq.pflb.ru/minio/boomq/boomq/teams/13/projects/3019/v_4060.yaml?X-Amz-Algorithm=AWS4-HMAC-SHA256&X-Amz-Credential=AKIAIOSFODNN7EXAMPLE/20240618/us-east-1/s3/aws4_request&X-Amz-Date=20240618T165914Z&X-Amz-Expires=604800&X-Amz-SignedHeaders=host&X-Amz-Signature=281f1ce76965215f9f2130c6755ded86f0b23a7e3d13bd4a9c104e9731825271"
187="https://dev-boomq.pflb.ru/project-srv/project/3020"
188="https://dev-boomq.pflb.ru/project-srv/project/3020/version/4061"
189="https://dev-boomq.pflb.ru/project-srv/project/3020/version/4061/downloadLink"
190="https://dev-boomq.pflb.ru/minio/boomq/boomq/teams/13/projects/3020/v_4061.yaml?X-Amz-Algorithm=AWS4-HMAC-SHA256&X-Amz-Credential=AKIAIOSFODNN7EXAMPLE/20240618/us-east-1/s3/aws4_request&X-Amz-Date=20240618T165914Z&X-Amz-Expires=604800&X-Amz-SignedHeaders=host&X-Amz-Signature=281f1ce76965215f9f2130c6755ded86f0b23a7e3d13bd4a9c104e9731825271"
191="https://dev-boomq.pflb.ru/project-srv/project/3028"
192="https://dev-boomq.pflb.ru/project-srv/project/3028/version/4069"
193="https://dev-boomq.pflb.ru/project-srv/project/3028/version/4069/downloadLink"
194="https://dev-boomq.pflb.ru/minio/boomq/boomq/teams/13/projects/3028/v_4069.yaml?X-Amz-Algorithm=AWS4-HMAC-SHA256&X-Amz-Credential=AKIAIOSFODNN7EXAMPLE/20240618/us-east-1/s3/aws4_request&X-Amz-Date=20240618T165914Z&X-Amz-Expires=604800&X-Amz-SignedHeaders=host&X-Amz-Signature=281f1ce76965215f9f2130c6755ded86f0b23a7e3d13bd4a9c104e9731825271"
195="https://dev-boomq.pflb.ru/project-srv/project/3024"
196="https://dev-boomq.pflb.ru/project-srv/project/3024/version/4065"
197="https://dev-boomq.pflb.ru/project-srv/project/3024/version/4065/downloadLink"
198="https://dev-boomq.pflb.ru/minio/boomq/boomq/teams/13/projects/3024/v_4065.yaml?X-Amz-Algorithm=AWS4-HMAC-SHA256&X-Amz-Credential=AKIAIOSFODNN7EXAMPLE/20240618/us-east-1/s3/aws4_request&X-Amz-Date=20240618T165914Z&X-Amz-Expires=604800&X-Amz-SignedHeaders=host&X-Amz-Signature=281f1ce76965215f9f2130c6755ded86f0b23a7e3d13bd4a9c104e9731825271"
199="https://dev-boomq.pflb.ru/report-srv/report/1680"
200="https://dev-boomq.pflb.ru/report-srv/report/1680/content"
201="https://dev-boomq.pflb.ru/project-srv/project/3033"
202="https://dev-boomq.pflb.ru/project-srv/project/3033/version/4074"
203="https://dev-boomq.pflb.ru/project-srv/project/3033/version/4074/downloadLink"
204="https://dev-boomq.pflb.ru/minio/boomq/boomq/teams/13/projects/3033/v_4074.yaml?X-Amz-Algorithm=AWS4-HMAC-SHA256&X-Amz-Credential=AKIAIOSFODNN7EXAMPLE/20240618/us-east-1/s3/aws4_request&X-Amz-Date=20240618T165914Z&X-Amz-Expires=604800&X-Amz-SignedHeaders=host&X-Amz-Signature=281f1ce76965215f9f2130c6755ded86f0b23a7e3d13bd4a9c104e9731825271"
205="https://dev-boomq.pflb.ru/project-srv/project/3035"
206="https://dev-boomq.pflb.ru/project-srv/project/3035/version/4076"
207="https://dev-boomq.pflb.ru/project-srv/project/3035/version/4076/downloadLink"
208="https://dev-boomq.pflb.ru/minio/boomq/boomq/teams/13/projects/3035/v_4076.yaml?X-Amz-Algorithm=AWS4-HMAC-SHA256&X-Amz-Credential=AKIAIOSFODNN7EXAMPLE/20240618/us-east-1/s3/aws4_request&X-Amz-Date=20240618T165914Z&X-Amz-Expires=604800&X-Amz-SignedHeaders=host&X-Amz-Signature=281f1ce76965215f9f2130c6755ded86f0b23a7e3d13bd4a9c104e9731825271"
209="https://dev-boomq.pflb.ru/project-srv/project/3039"
210="https://dev-boomq.pflb.ru/project-srv/project/3039/version/4080"
211="https://dev-boomq.pflb.ru/project-srv/project/3039/version/4080/downloadLink"
212="https://dev-boomq.pflb.ru/minio/boomq/boomq/teams/13/projects/3039/v_4080.yaml?X-Amz-Algorithm=AWS4-HMAC-SHA256&X-Amz-Credential=AKIAIOSFODNN7EXAMPLE/20240618/us-east-1/s3/aws4_request&X-Amz-Date=20240618T165914Z&X-Amz-Expires=604800&X-Amz-SignedHeaders=host&X-Amz-Signature=281f1ce76965215f9f2130c6755ded86f0b23a7e3d13bd4a9c104e9731825271"
213="https://dev-boomq.pflb.ru/project-srv/project/3041"
214="https://dev-boomq.pflb.ru/project-srv/project/3041/version/4082"
215="https://dev-boomq.pflb.ru/project-srv/project/3041/version/4082/downloadLink"
216="https://dev-boomq.pflb.ru/minio/boomq/boomq/teams/13/projects/3041/v_4082.yaml?X-Amz-Algorithm=AWS4-HMAC-SHA256&X-Amz-Credential=AKIAIOSFODNN7EXAMPLE/20240618/us-east-1/s3/aws4_request&X-Amz-Date=20240618T165914Z&X-Amz-Expires=604800&X-Amz-SignedHeaders=host&X-Amz-Signature=281f1ce76965215f9f2130c6755ded86f0b23a7e3d13bd4a9c104e9731825271"
217="https://dev-boomq.pflb.ru/project-srv/project/3045"
218="https://dev-boomq.pflb.ru/project-srv/project/3045/version/4086"
219="https://dev-boomq.pflb.ru/project-srv/project/3045/version/4086/downloadLink"
220="https://dev-boomq.pflb.ru/minio/boomq/boomq/teams/13/projects/3045/v_4086.yaml?X-Amz-Algorithm=AWS4-HMAC-SHA256&X-Amz-Credential=AKIAIOSFODNN7EXAMPLE/20240618/us-east-1/s3/aws4_request&X-Amz-Date=20240618T165914Z&X-Amz-Expires=604800&X-Amz-SignedHeaders=host&X-Amz-Signature=281f1ce76965215f9f2130c6755ded86f0b23a7e3d13bd4a9c104e9731825271"
221="https://dev-boomq.pflb.ru/report-srv/report/1690"
222="https://dev-boomq.pflb.ru/report-srv/report/1690/content"
223="https://dev-boomq.pflb.ru/project-srv/project/3049"
224="https://dev-boomq.pflb.ru/project-srv/project/3049/version/4090"
225="https://dev-boomq.pflb.ru/project-srv/project/3049/version/4090/downloadLink"
226="https://dev-boomq.pflb.ru/minio/boomq/boomq/teams/13/projects/3049/v_4090.yaml?X-Amz-Algorithm=AWS4-HMAC-SHA256&X-Amz-Credential=AKIAIOSFODNN7EXAMPLE/20240618/us-east-1/s3/aws4_request&X-Amz-Date=20240618T165914Z&X-Amz-Expires=604800&X-Amz-SignedHeaders=host&X-Amz-Signature=281f1ce76965215f9f2130c6755ded86f0b23a7e3d13bd4a9c104e9731825271"
227="https://dev-boomq.pflb.ru/project-srv/project/3051"
228="https://dev-boomq.pflb.ru/project-srv/project/3051/version/4092"
229="https://dev-boomq.pflb.ru/project-srv/project/3051/version/4092/downloadLink"
230="https://dev-boomq.pflb.ru/minio/boomq/boomq/teams/13/projects/3051/v_4092.yaml?X-Amz-Algorithm=AWS4-HMAC-SHA256&X-Amz-Credential=AKIAIOSFODNN7EXAMPLE/20240618/us-east-1/s3/aws4_request&X-Amz-Date=20240618T165914Z&X-Amz-Expires=604800&X-Amz-SignedHeaders=host&X-Amz-Signature=281f1ce76965215f9f2130c6755ded86f0b23a7e3d13bd4a9c104e9731825271"
231="https://dev-boomq.pflb.ru/project-srv/project/3056"
232="https://dev-boomq.pflb.ru/project-srv/project/3056/version/4097"
233="https://dev-boomq.pflb.ru/project-srv/project/3056/version/4097/downloadLink"
234="https://dev-boomq.pflb.ru/minio/boomq/boomq/teams/13/projects/3056/v_4097.yaml?X-Amz-Algorithm=AWS4-HMAC-SHA256&X-Amz-Credential=AKIAIOSFODNN7EXAMPLE/20240618/us-east-1/s3/aws4_request&X-Amz-Date=20240618T165914Z&X-Amz-Expires=604800&X-Amz-SignedHeaders=host&X-Amz-Signature=281f1ce76965215f9f2130c6755ded86f0b23a7e3d13bd4a9c104e9731825271"
235="https://dev-boomq.pflb.ru/project-srv/project/3061"
236="https://dev-boomq.pflb.ru/project-srv/project/3061/version/4102"
237="https://dev-boomq.pflb.ru/project-srv/project/3061/version/4102/downloadLink"
238="https://dev-boomq.pflb.ru/minio/boomq/boomq/teams/13/projects/3061/v_4102.yaml?X-Amz-Algorithm=AWS4-HMAC-SHA256&X-Amz-Credential=AKIAIOSFODNN7EXAMPLE/20240618/us-east-1/s3/aws4_request&X-Amz-Date=20240618T165914Z&X-Amz-Expires=604800&X-Amz-SignedHeaders=host&X-Amz-Signature=281f1ce76965215f9f2130c6755ded86f0b23a7e3d13bd4a9c104e9731825271"
239="https://dev-boomq.pflb.ru/project-srv/project/3054"
240="https://dev-boomq.pflb.ru/project-srv/project/3054/version/4095"
241="https://dev-boomq.pflb.ru/project-srv/project/3054/version/4095/downloadLink"
242="https://dev-boomq.pflb.ru/minio/boomq/boomq/teams/13/projects/3054/v_4095.yaml?X-Amz-Algorithm=AWS4-HMAC-SHA256&X-Amz-Credential=AKIAIOSFODNN7EXAMPLE/20240618/us-east-1/s3/aws4_request&X-Amz-Date=20240618T165914Z&X-Amz-Expires=604800&X-Amz-SignedHeaders=host&X-Amz-Signature=281f1ce76965215f9f2130c6755ded86f0b23a7e3d13bd4a9c104e9731825271"
243="https://dev-boomq.pflb.ru/report-srv/report/1706"
244="https://dev-boomq.pflb.ru/report-srv/report/1706/content"
245="https://dev-boomq.pflb.ru/auth-srv/invite/_qBU--TvCJbqsIkknzgSiURkLlEaFTLATmxizRoZjAvSJ5Vh_mwUUZhbZeD0Gqf1JF7kBCgPDXbUp7yL-StP1ZCY6NPkNJi0CkFzLwuHzK8="
246="https://dev-boomq.pflb.ru/project-srv/project/3059"
247="https://dev-boomq.pflb.ru/project-srv/project/3059/version/4100"
248="https://dev-boomq.pflb.ru/project-srv/project/3059/version/4100/downloadLink"
249="https://dev-boomq.pflb.ru/minio/boomq/boomq/teams/13/projects/3059/v_4100.yaml?X-Amz-Algorithm=AWS4-HMAC-SHA256&X-Amz-Credential=AKIAIOSFODNN7EXAMPLE/20240618/us-east-1/s3/aws4_request&X-Amz-Date=20240618T165914Z&X-Amz-Expires=604800&X-Amz-SignedHeaders=host&X-Amz-Signature=281f1ce76965215f9f2130c6755ded86f0b23a7e3d13bd4a9c104e9731825271"
250="https://dev-boomq.pflb.ru/project-srv/project/3067"
251="https://dev-boomq.pflb.ru/project-srv/project/3067/version/4108"
252="https://dev-boomq.pflb.ru/project-srv/project/3067/version/4108/downloadLink"
253="https://dev-boomq.pflb.ru/minio/boomq/boomq/teams/13/projects/3067/v_4108.yaml?X-Amz-Algorithm=AWS4-HMAC-SHA256&X-Amz-Credential=AKIAIOSFODNN7EXAMPLE/20240618/us-east-1/s3/aws4_request&X-Amz-Date=20240618T165914Z&X-Amz-Expires=604800&X-Amz-SignedHeaders=host&X-Amz-Signature=281f1ce76965215f9f2130c6755ded86f0b23a7e3d13bd4a9c104e9731825271"
254="https://dev-boomq.pflb.ru/project-srv/project/3063"
255="https://dev-boomq.pflb.ru/project-srv/project/3063/version/4104"
256="https://dev-boomq.pflb.ru/project-srv/project/3063/version/4104/downloadLink"
257="https://dev-boomq.pflb.ru/minio/boomq/boomq/teams/13/projects/3063/v_4104.yaml?X-Amz-Algorithm=AWS4-HMAC-SHA256&X-Amz-Credential=AKIAIOSFODNN7EXAMPLE/20240618/us-east-1/s3/aws4_request&X-Amz-Date=20240618T165914Z&X-Amz-Expires=604800&X-Amz-SignedHeaders=host&X-Amz-Signature=281f1ce76965215f9f2130c6755ded86f0b23a7e3d13bd4a9c104e9731825271"
258="https://dev-boomq.pflb.ru/project-srv/project/3068"
259="https://dev-boomq.pflb.ru/project-srv/project/3068/version/4109"
260="https://dev-boomq.pflb.ru/project-srv/project/3068/version/4109/downloadLink"
261="https://dev-boomq.pflb.ru/minio/boomq/boomq/teams/13/projects/3068/v_4109.yaml?X-Amz-Algorithm=AWS4-HMAC-SHA256&X-Amz-Credential=AKIAIOSFODNN7EXAMPLE/20240618/us-east-1/s3/aws4_request&X-Amz-Date=20240618T165914Z&X-Amz-Expires=604800&X-Amz-SignedHeaders=host&X-Amz-Signature=281f1ce76965215f9f2130c6755ded86f0b23a7e3d13bd4a9c104e9731825271"
262="https://dev-boomq.pflb.ru/project-srv/project/3070"
263="https://dev-boomq.pflb.ru/project-srv/project/3070/version/4111"
264="https://dev-boomq.pflb.ru/project-srv/project/3070/version/4111/downloadLink"
265="https://dev-boomq.pflb.ru/minio/boomq/boomq/teams/13/projects/3070/v_4111.yaml?X-Amz-Algorithm=AWS4-HMAC-SHA256&X-Amz-Credential=AKIAIOSFODNN7EXAMPLE/20240618/us-east-1/s3/aws4_request&X-Amz-Date=20240618T165914Z&X-Amz-Expires=604800&X-Amz-SignedHeaders=host&X-Amz-Signature=281f1ce76965215f9f2130c6755ded86f0b23a7e3d13bd4a9c104e9731825271"
266="https://dev-boomq.pflb.ru/project-srv/project/3072"
267="https://dev-boomq.pflb.ru/project-srv/project/3072/version/4113"
268="https://dev-boomq.pflb.ru/project-srv/project/3072/version/4113/downloadLink"
269="https://dev-boomq.pflb.ru/minio/boomq/boomq/teams/13/projects/3072/v_4113.yaml?X-Amz-Algorithm=AWS4-HMAC-SHA256&X-Amz-Credential=AKIAIOSFODNN7EXAMPLE/20240618/us-east-1/s3/aws4_request&X-Amz-Date=20240618T165914Z&X-Amz-Expires=604800&X-Amz-SignedHeaders=host&X-Amz-Signature=281f1ce76965215f9f2130c6755ded86f0b23a7e3d13bd4a9c104e9731825271"
270="https://dev-boomq.pflb.ru/report-srv/report/1727"
271="https://dev-boomq.pflb.ru/report-srv/report/1727/content"
272="https://dev-boomq.pflb.ru/project-srv/project/3077"
273="https://dev-boomq.pflb.ru/project-srv/project/3077/version/4118"
274="https://dev-boomq.pflb.ru/project-srv/project/3077/version/4118/downloadLink"
275="https://dev-boomq.pflb.ru/minio/boomq/boomq/teams/13/projects/3077/v_4118.yaml?X-Amz-Algorithm=AWS4-HMAC-SHA256&X-Amz-Credential=AKIAIOSFODNN7EXAMPLE/20240618/us-east-1/s3/aws4_request&X-Amz-Date=20240618T165914Z&X-Amz-Expires=604800&X-Amz-SignedHeaders=host&X-Amz-Signature=281f1ce76965215f9f2130c6755ded86f0b23a7e3d13bd4a9c104e9731825271"
276="https://dev-boomq.pflb.ru/project-srv/project/3082"
277="https://dev-boomq.pflb.ru/project-srv/project/3082/version/4123"
278="https://dev-boomq.pflb.ru/project-srv/project/3082/version/4123/downloadLink"
279="https://dev-boomq.pflb.ru/minio/boomq/boomq/teams/13/projects/3082/v_4123.yaml?X-Amz-Algorithm=AWS4-HMAC-SHA256&X-Amz-Credential=AKIAIOSFODNN7EXAMPLE/20240618/us-east-1/s3/aws4_request&X-Amz-Date=20240618T165914Z&X-Amz-Expires=604800&X-Amz-SignedHeaders=host&X-Amz-Signature=281f1ce76965215f9f2130c6755ded86f0b23a7e3d13bd4a9c104e9731825271"
280="https://dev-boomq.pflb.ru/project-srv/project/3078"
281="https://dev-boomq.pflb.ru/project-srv/project/3078/version/4119"
282="https://dev-boomq.pflb.ru/project-srv/project/3078/version/4119/downloadLink"
283="https://dev-boomq.pflb.ru/minio/boomq/boomq/teams/13/projects/3078/v_4119.yaml?X-Amz-Algorithm=AWS4-HMAC-SHA256&X-Amz-Credential=AKIAIOSFODNN7EXAMPLE/20240618/us-east-1/s3/aws4_request&X-Amz-Date=20240618T165914Z&X-Amz-Expires=604800&X-Amz-SignedHeaders=host&X-Amz-Signature=281f1ce76965215f9f2130c6755ded86f0b23a7e3d13bd4a9c104e9731825271"
284="https://dev-boomq.pflb.ru/project-srv/project/3083"
285="https://dev-boomq.pflb.ru/project-srv/project/3083/version/4124"
286="https://dev-boomq.pflb.ru/project-srv/project/3083/version/4124/downloadLink"
287="https://dev-boomq.pflb.ru/minio/boomq/boomq/teams/13/projects/3083/v_4124.yaml?X-Amz-Algorithm=AWS4-HMAC-SHA256&X-Amz-Credential=AKIAIOSFODNN7EXAMPLE/20240618/us-east-1/s3/aws4_request&X-Amz-Date=20240618T165914Z&X-Amz-Expires=604800&X-Amz-SignedHeaders=host&X-Amz-Signature=281f1ce76965215f9f2130c6755ded86f0b23a7e3d13bd4a9c104e9731825271"
288="https://dev-boomq.pflb.ru/project-srv/project/3081"
289="https://dev-boomq.pflb.ru/project-srv/project/3081/version/4122"
290="https://dev-boomq.pflb.ru/project-srv/project/3081/version/4122/downloadLink"
291="https://dev-boomq.pflb.ru/minio/boomq/boomq/teams/13/projects/3081/v_4122.yaml?X-Amz-Algorithm=AWS4-HMAC-SHA256&X-Amz-Credential=AKIAIOSFODNN7EXAMPLE/20240618/us-east-1/s3/aws4_request&X-Amz-Date=20240618T165914Z&X-Amz-Expires=604800&X-Amz-SignedHeaders=host&X-Amz-Signature=281f1ce76965215f9f2130c6755ded86f0b23a7e3d13bd4a9c104e9731825271"
292="https://dev-boomq.pflb.ru/project-srv/project/3087"
293="https://dev-boomq.pflb.ru/project-srv/project/3087/version/4128"
294="https://dev-boomq.pflb.ru/project-srv/project/3087/version/4128/downloadLink"
295="https://dev-boomq.pflb.ru/minio/boomq/boomq/teams/13/projects/3087/v_4128.yaml?X-Amz-Algorithm=AWS4-HMAC-SHA256&X-Amz-Credential=AKIAIOSFODNN7EXAMPLE/20240618/us-east-1/s3/aws4_request&X-Amz-Date=20240618T165914Z&X-Amz-Expires=604800&X-Amz-SignedHeaders=host&X-Amz-Signature=281f1ce76965215f9f2130c6755ded86f0b23a7e3d13bd4a9c104e9731825271"
296="https://dev-boomq.pflb.ru/project-srv/project/3086"
297="https://dev-boomq.pflb.ru/project-srv/project/3086/version/4127"
298="https://dev-boomq.pflb.ru/project-srv/project/3086/version/4127/downloadLink"
299="https://dev-boomq.pflb.ru/minio/boomq/boomq/teams/13/projects/3086/v_4127.yaml?X-Amz-Algorithm=AWS4-HMAC-SHA256&X-Amz-Credential=AKIAIOSFODNN7EXAMPLE/20240618/us-east-1/s3/aws4_request&X-Amz-Date=20240618T165914Z&X-Amz-Expires=604800&X-Amz-SignedHeaders=host&X-Amz-Signature=281f1ce76965215f9f2130c6755ded86f0b23a7e3d13bd4a9c104e9731825271"
300="https://dev-boomq.pflb.ru/report-srv/report/1736"
301="https://dev-boomq.pflb.ru/report-srv/report/1736/content"
302="https://dev-boomq.pflb.ru/project-srv/project/3094"
303="https://dev-boomq.pflb.ru/project-srv/project/3094/version/4135"
304="https://dev-boomq.pflb.ru/project-srv/project/3094/version/4135/downloadLink"
305="https://dev-boomq.pflb.ru/minio/boomq/boomq/teams/13/projects/3094/v_4135.yaml?X-Amz-Algorithm=AWS4-HMAC-SHA256&X-Amz-Credential=AKIAIOSFODNN7EXAMPLE/20240618/us-east-1/s3/aws4_request&X-Amz-Date=20240618T165914Z&X-Amz-Expires=604800&X-Amz-SignedHeaders=host&X-Amz-Signature=281f1ce76965215f9f2130c6755ded86f0b23a7e3d13bd4a9c104e9731825271"
306="https://dev-boomq.pflb.ru/project-srv/project/3097"
307="https://dev-boomq.pflb.ru/project-srv/project/3097/version/4138"
308="https://dev-boomq.pflb.ru/project-srv/project/3097/version/4138/downloadLink"
309="https://dev-boomq.pflb.ru/minio/boomq/boomq/teams/13/projects/3097/v_4138.yaml?X-Amz-Algorithm=AWS4-HMAC-SHA256&X-Amz-Credential=AKIAIOSFODNN7EXAMPLE/20240618/us-east-1/s3/aws4_request&X-Amz-Date=20240618T165914Z&X-Amz-Expires=604800&X-Amz-SignedHeaders=host&X-Amz-Signature=281f1ce76965215f9f2130c6755ded86f0b23a7e3d13bd4a9c104e9731825271"
310="https://dev-boomq.pflb.ru/project-srv/project/3095"
311="https://dev-boomq.pflb.ru/project-srv/project/3095/version/4136"
312="https://dev-boomq.pflb.ru/project-srv/project/3095/version/4136/downloadLink"
313="https://dev-boomq.pflb.ru/minio/boomq/boomq/teams/13/projects/3095/v_4136.yaml?X-Amz-Algorithm=AWS4-HMAC-SHA256&X-Amz-Credential=AKIAIOSFODNN7EXAMPLE/20240618/us-east-1/s3/aws4_request&X-Amz-Date=20240618T165914Z&X-Amz-Expires=604800&X-Amz-SignedHeaders=host&X-Amz-Signature=281f1ce76965215f9f2130c6755ded86f0b23a7e3d13bd4a9c104e9731825271"
314="https://dev-boomq.pflb.ru/project-srv/project/3096"
315="https://dev-boomq.pflb.ru/project-srv/project/3096/version/4137"
316="https://dev-boomq.pflb.ru/project-srv/project/3096/version/4137/downloadLink"
317="https://dev-boomq.pflb.ru/minio/boomq/boomq/teams/13/projects/3096/v_4137.yaml?X-Amz-Algorithm=AWS4-HMAC-SHA256&X-Amz-Credential=AKIAIOSFODNN7EXAMPLE/20240618/us-east-1/s3/aws4_request&X-Amz-Date=20240618T165914Z&X-Amz-Expires=604800&X-Amz-SignedHeaders=host&X-Amz-Signature=281f1ce76965215f9f2130c6755ded86f0b23a7e3d13bd4a9c104e9731825271"
318="https://dev-boomq.pflb.ru/project-srv/project/3105"
319="https://dev-boomq.pflb.ru/project-srv/project/3105/version/4146"
320="https://dev-boomq.pflb.ru/project-srv/project/3105/version/4146/downloadLink"
321="https://dev-boomq.pflb.ru/minio/boomq/boomq/teams/13/projects/3105/v_4146.yaml?X-Amz-Algorithm=AWS4-HMAC-SHA256&X-Amz-Credential=AKIAIOSFODNN7EXAMPLE/20240618/us-east-1/s3/aws4_request&X-Amz-Date=20240618T165914Z&X-Amz-Expires=604800&X-Amz-SignedHeaders=host&X-Amz-Signature=281f1ce76965215f9f2130c6755ded86f0b23a7e3d13bd4a9c104e9731825271"
322="https://dev-boomq.pflb.ru/report-srv/report/1751"
323="https://dev-boomq.pflb.ru/report-srv/report/1751/content"
324="https://dev-boomq.pflb.ru/project-srv/project/3110"
325="https://dev-boomq.pflb.ru/project-srv/project/3110/version/4151"
326="https://dev-boomq.pflb.ru/project-srv/project/3110/version/4151/downloadLink"
327="https://dev-boomq.pflb.ru/minio/boomq/boomq/teams/13/projects/3110/v_4151.yaml?X-Amz-Algorithm=AWS4-HMAC-SHA256&X-Amz-Credential=AKIAIOSFODNN7EXAMPLE/20240618/us-east-1/s3/aws4_request&X-Amz-Date=20240618T165914Z&X-Amz-Expires=604800&X-Amz-SignedHeaders=host&X-Amz-Signature=281f1ce76965215f9f2130c6755ded86f0b23a7e3d13bd4a9c104e9731825271"
328="https://dev-boomq.pflb.ru/project-srv/project/3109"
329="https://dev-boomq.pflb.ru/project-srv/project/3109/version/4150"
330="https://dev-boomq.pflb.ru/project-srv/project/3109/version/4150/downloadLink"
331="https://dev-boomq.pflb.ru/minio/boomq/boomq/teams/13/projects/3109/v_4150.yaml?X-Amz-Algorithm=AWS4-HMAC-SHA256&X-Amz-Credential=AKIAIOSFODNN7EXAMPLE/20240618/us-east-1/s3/aws4_request&X-Amz-Date=20240618T165914Z&X-Amz-Expires=604800&X-Amz-SignedHeaders=host&X-Amz-Signature=281f1ce76965215f9f2130c6755ded86f0b23a7e3d13bd4a9c104e9731825271"
332="https://dev-boomq.pflb.ru/project-srv/project/3113"
333="https://dev-boomq.pflb.ru/project-srv/project/3113/version/4154"
334="https://dev-boomq.pflb.ru/project-srv/project/3113/version/4154/downloadLink"
335="https://dev-boomq.pflb.ru/minio/boomq/boomq/teams/13/projects/3113/v_4154.yaml?X-Amz-Algorithm=AWS4-HMAC-SHA256&X-Amz-Credential=AKIAIOSFODNN7EXAMPLE/20240618/us-east-1/s3/aws4_request&X-Amz-Date=20240618T165914Z&X-Amz-Expires=604800&X-Amz-SignedHeaders=host&X-Amz-Signature=281f1ce76965215f9f2130c6755ded86f0b23a7e3d13bd4a9c104e9731825271"
336="https://dev-boomq.pflb.ru/project-srv/project/3108"
337="https://dev-boomq.pflb.ru/project-srv/project/3108/version/4149"
338="https://dev-boomq.pflb.ru/project-srv/project/3108/version/4149/downloadLink"
339="https://dev-boomq.pflb.ru/minio/boomq/boomq/teams/13/projects/3108/v_4149.yaml?X-Amz-Algorithm=AWS4-HMAC-SHA256&X-Amz-Credential=AKIAIOSFODNN7EXAMPLE/20240618/us-east-1/s3/aws4_request&X-Amz-Date=20240618T165914Z&X-Amz-Expires=604800&X-Amz-SignedHeaders=host&X-Amz-Signature=281f1ce76965215f9f2130c6755ded86f0b23a7e3d13bd4a9c104e9731825271"
340="https://dev-boomq.pflb.ru/project-srv/project/3115"
341="https://dev-boomq.pflb.ru/project-srv/project/3115/version/4156"
342="https://dev-boomq.pflb.ru/project-srv/project/3115/version/4156/downloadLink"
343="https://dev-boomq.pflb.ru/minio/boomq/boomq/teams/13/projects/3115/v_4156.yaml?X-Amz-Algorithm=AWS4-HMAC-SHA256&X-Amz-Credential=AKIAIOSFODNN7EXAMPLE/20240618/us-east-1/s3/aws4_request&X-Amz-Date=20240618T165914Z&X-Amz-Expires=604800&X-Amz-SignedHeaders=host&X-Amz-Signature=281f1ce76965215f9f2130c6755ded86f0b23a7e3d13bd4a9c104e9731825271"
344="https://dev-boomq.pflb.ru/project-srv/project/3118"
345="https://dev-boomq.pflb.ru/project-srv/project/3118/version/4159"
346="https://dev-boomq.pflb.ru/project-srv/project/3118/version/4159/downloadLink"
347="https://dev-boomq.pflb.ru/minio/boomq/boomq/teams/13/projects/3118/v_4159.yaml?X-Amz-Algorithm=AWS4-HMAC-SHA256&X-Amz-Credential=AKIAIOSFODNN7EXAMPLE/20240618/us-east-1/s3/aws4_request&X-Amz-Date=20240618T165914Z&X-Amz-Expires=604800&X-Amz-SignedHeaders=host&X-Amz-Signature=281f1ce76965215f9f2130c6755ded86f0b23a7e3d13bd4a9c104e9731825271"
348="https://dev-boomq.pflb.ru/report-srv/report/1765"
349="https://dev-boomq.pflb.ru/report-srv/report/1765/content"
350="https://dev-boomq.pflb.ru/auth-srv/invite/0LGqU0j3A2Sc7i_kRH0-Hr8thHFQhGStmweyjXfiLHQBl3b50EpR8So8TWGUymNfsHReepKdjuqyVw4RlTgJEV0SoOQrcG3U-6Pmz8bNleE="
351="https://dev-boomq.pflb.ru/project-srv/project/3126"
352="https://dev-boomq.pflb.ru/project-srv/project/3126/version/4167"
353="https://dev-boomq.pflb.ru/project-srv/project/3126/version/4167/downloadLink"
354="https://dev-boomq.pflb.ru/minio/boomq/boomq/teams/13/projects/3126/v_4167.yaml?X-Amz-Algorithm=AWS4-HMAC-SHA256&X-Amz-Credential=AKIAIOSFODNN7EXAMPLE/20240618/us-east-1/s3/aws4_request&X-Amz-Date=20240618T165914Z&X-Amz-Expires=604800&X-Amz-SignedHeaders=host&X-Amz-Signature=281f1ce76965215f9f2130c6755ded86f0b23a7e3d13bd4a9c104e9731825271"
355="https://dev-boomq.pflb.ru/project-srv/project/3124"
356="https://dev-boomq.pflb.ru/project-srv/project/3124/version/4165"
357="https://dev-boomq.pflb.ru/project-srv/project/3124/version/4165/downloadLink"
358="https://dev-boomq.pflb.ru/minio/boomq/boomq/teams/13/projects/3124/v_4165.yaml?X-Amz-Algorithm=AWS4-HMAC-SHA256&X-Amz-Credential=AKIAIOSFODNN7EXAMPLE/20240618/us-east-1/s3/aws4_request&X-Amz-Date=20240618T165914Z&X-Amz-Expires=604800&X-Amz-SignedHeaders=host&X-Amz-Signature=281f1ce76965215f9f2130c6755ded86f0b23a7e3d13bd4a9c104e9731825271"
359="https://dev-boomq.pflb.ru/project-srv/project/3132"
360="https://dev-boomq.pflb.ru/project-srv/project/3132/version/4173"
361="https://dev-boomq.pflb.ru/project-srv/project/3132/version/4173/downloadLink"
362="https://dev-boomq.pflb.ru/minio/boomq/boomq/teams/13/projects/3132/v_4173.yaml?X-Amz-Algorithm=AWS4-HMAC-SHA256&X-Amz-Credential=AKIAIOSFODNN7EXAMPLE/20240618/us-east-1/s3/aws4_request&X-Amz-Date=20240618T165914Z&X-Amz-Expires=604800&X-Amz-SignedHeaders=host&X-Amz-Signature=281f1ce76965215f9f2130c6755ded86f0b23a7e3d13bd4a9c104e9731825271"
363="https://dev-boomq.pflb.ru/project-srv/project/3129"
364="https://dev-boomq.pflb.ru/project-srv/project/3129/version/4170"
365="https://dev-boomq.pflb.ru/project-srv/project/3129/version/4170/downloadLink"
366="https://dev-boomq.pflb.ru/minio/boomq/boomq/teams/13/projects/3129/v_4170.yaml?X-Amz-Algorithm=AWS4-HMAC-SHA256&X-Amz-Credential=AKIAIOSFODNN7EXAMPLE/20240618/us-east-1/s3/aws4_request&X-Amz-Date=20240618T165914Z&X-Amz-Expires=604800&X-Amz-SignedHeaders=host&X-Amz-Signature=281f1ce76965215f9f2130c6755ded86f0b23a7e3d13bd4a9c104e9731825271"
367="https://dev-boomq.pflb.ru/project-srv/project/3135"
368="https://dev-boomq.pflb.ru/project-srv/project/3135/version/4176"
369="https://dev-boomq.pflb.ru/project-srv/project/3135/version/4176/downloadLink"
370="https://dev-boomq.pflb.ru/minio/boomq/boomq/teams/13/projects/3135/v_4176.yaml?X-Amz-Algorithm=AWS4-HMAC-SHA256&X-Amz-Credential=AKIAIOSFODNN7EXAMPLE/20240618/us-east-1/s3/aws4_request&X-Amz-Date=20240618T165914Z&X-Amz-Expires=604800&X-Amz-SignedHeaders=host&X-Amz-Signature=281f1ce76965215f9f2130c6755ded86f0b23a7e3d13bd4a9c104e9731825271"
371="https://dev-boomq.pflb.ru/project-srv/project/3138"
372="https://dev-boomq.pflb.ru/project-srv/project/3138/version/4179"
373="https://dev-boomq.pflb.ru/project-srv/project/3138/version/4179/downloadLink"
374="https://dev-boomq.pflb.ru/minio/boomq/boomq/teams/13/projects/3138/v_4179.yaml?X-Amz-Algorithm=AWS4-HMAC-SHA256&X-Amz-Credential=AKIAIOSFODNN7EXAMPLE/20240618/us-east-1/s3/aws4_request&X-Amz-Date=20240618T165914Z&X-Amz-Expires=604800&X-Amz-SignedHeaders=host&X-Amz-Signature=281f1ce76965215f9f2130c6755ded86f0b23a7e3d13bd4a9c104e9731825271"
375="https://dev-boomq.pflb.ru/report-srv/report/1776"
376="https://dev-boomq.pflb.ru/report-srv/report/1776/content"
377="https://dev-boomq.pflb.ru/project-srv/project/3144"
378="https://dev-boomq.pflb.ru/project-srv/project/3144/version/4185"
379="https://dev-boomq.pflb.ru/project-srv/project/3144/version/4185/downloadLink"
380="https://dev-boomq.pflb.ru/minio/boomq/boomq/teams/13/projects/3144/v_4185.yaml?X-Amz-Algorithm=AWS4-HMAC-SHA256&X-Amz-Credential=AKIAIOSFODNN7EXAMPLE/20240618/us-east-1/s3/aws4_request&X-Amz-Date=20240618T165914Z&X-Amz-Expires=604800&X-Amz-SignedHeaders=host&X-Amz-Signature=281f1ce76965215f9f2130c6755ded86f0b23a7e3d13bd4a9c104e9731825271"
381="https://dev-boomq.pflb.ru/project-srv/project/3150"
382="https://dev-boomq.pflb.ru/project-srv/project/3150/version/4191"
383="https://dev-boomq.pflb.ru/project-srv/project/3150/version/4191/downloadLink"
384="https://dev-boomq.pflb.ru/minio/boomq/boomq/teams/13/projects/3150/v_4191.yaml?X-Amz-Algorithm=AWS4-HMAC-SHA256&X-Amz-Credential=AKIAIOSFODNN7EXAMPLE/20240618/us-east-1/s3/aws4_request&X-Amz-Date=20240618T165914Z&X-Amz-Expires=604800&X-Amz-SignedHeaders=host&X-Amz-Signature=281f1ce76965215f9f2130c6755ded86f0b23a7e3d13bd4a9c104e9731825271"
385="https://dev-boomq.pflb.ru/project-srv/project/3149"
386="https://dev-boomq.pflb.ru/project-srv/project/3149/version/4190"
387="https://dev-boomq.pflb.ru/project-srv/project/3149/version/4190/downloadLink"
388="https://dev-boomq.pflb.ru/minio/boomq/boomq/teams/13/projects/3149/v_4190.yaml?X-Amz-Algorithm=AWS4-HMAC-SHA256&X-Amz-Credential=AKIAIOSFODNN7EXAMPLE/20240618/us-east-1/s3/aws4_request&X-Amz-Date=20240618T165914Z&X-Amz-Expires=604800&X-Amz-SignedHeaders=host&X-Amz-Signature=281f1ce76965215f9f2130c6755ded86f0b23a7e3d13bd4a9c104e9731825271"
389="https://dev-boomq.pflb.ru/project-srv/project/3155"
390="https://dev-boomq.pflb.ru/project-srv/project/3155/version/4196"
391="https://dev-boomq.pflb.ru/project-srv/project/3155/version/4196/downloadLink"
392="https://dev-boomq.pflb.ru/minio/boomq/boomq/teams/13/projects/3155/v_4196.yaml?X-Amz-Algorithm=AWS4-HMAC-SHA256&X-Amz-Credential=AKIAIOSFODNN7EXAMPLE/20240618/us-east-1/s3/aws4_request&X-Amz-Date=20240618T165914Z&X-Amz-Expires=604800&X-Amz-SignedHeaders=host&X-Amz-Signature=281f1ce76965215f9f2130c6755ded86f0b23a7e3d13bd4a9c104e9731825271"
393="https://dev-boomq.pflb.ru/project-srv/project/3160"
394="https://dev-boomq.pflb.ru/project-srv/project/3160/version/4201"
395="https://dev-boomq.pflb.ru/project-srv/project/3160/version/4201/downloadLink"
396="https://dev-boomq.pflb.ru/minio/boomq/boomq/teams/13/projects/3160/v_4201.yaml?X-Amz-Algorithm=AWS4-HMAC-SHA256&X-Amz-Credential=AKIAIOSFODNN7EXAMPLE/20240618/us-east-1/s3/aws4_request&X-Amz-Date=20240618T165914Z&X-Amz-Expires=604800&X-Amz-SignedHeaders=host&X-Amz-Signature=281f1ce76965215f9f2130c6755ded86f0b23a7e3d13bd4a9c104e9731825271"
397="https://dev-boomq.pflb.ru/report-srv/report/1787"
398="https://dev-boomq.pflb.ru/report-srv/report/1787/content"
399="https://dev-boomq.pflb.ru/project-srv/project/3162"
10="https://dev-boomq.pflb.ru/static/css/main.64a4c65b.css"
11="https://dev-boomq.pflb.ru/static/js/main.cddf1824.js"
12="dev-boomq.pflb.ru_Action_40"
13="https://dev-boomq.pflb.ru/auth-srv/login"
14="https://dev-boomq.pflb.ru/static/media/en.b1acfc6b06bfe6e29bfbfc06d09d8177.svg"
15="login_Action_94"
16="https://dev-boomq.pflb.ru/config.json"
17="config.json_Action_110"
18="https://dev-boomq.pflb.ru/project-srv/modelSchema"
19="modelSchema_Action_120"
20="https://dev-boomq.pflb.ru/auth-srv/user"
21="user_Action_133"
22="https://dev-boomq.pflb.ru/auth-srv/identityProvider"
23="identityProvider_Action_143"
24="https://dev-boomq.pflb.ru/auth-srv/team?size=2"
25="team_Action_157"
26="https://dev-boomq.pflb.ru/auth-srv/teamMember/teamContext?teamId=13"
400="https://dev-boomq.pflb.ru/project-srv/project/3162/version/4203"
27="teamContext_Action_174"
401="https://dev-boomq.pflb.ru/project-srv/project/3162/version/4203/downloadLink"
28="https://dev-boomq.pflb.ru/test-runner-srv/testRunner?sort=id,desc"
402="https://dev-boomq.pflb.ru/minio/boomq/boomq/teams/13/projects/3162/v_4203.yaml?X-Amz-Algorithm=AWS4-HMAC-SHA256&X-Amz-Credential=AKIAIOSFODNN7EXAMPLE/20240618/us-east-1/s3/aws4_request&X-Amz-Date=20240618T165914Z&X-Amz-Expires=604800&X-Amz-SignedHeaders=host&X-Amz-Signature=281f1ce76965215f9f2130c6755ded86f0b23a7e3d13bd4a9c104e9731825271"
29="testRunner_Action_187"
403="https://dev-boomq.pflb.ru/project-srv/project/3165"
404="https://dev-boomq.pflb.ru/project-srv/project/3165/version/4206"
405="https://dev-boomq.pflb.ru/project-srv/project/3165/version/4206/downloadLink"
406="https://dev-boomq.pflb.ru/minio/boomq/boomq/teams/13/projects/3165/v_4206.yaml?X-Amz-Algorithm=AWS4-HMAC-SHA256&X-Amz-Credential=AKIAIOSFODNN7EXAMPLE/20240618/us-east-1/s3/aws4_request&X-Amz-Date=20240618T165914Z&X-Amz-Expires=604800&X-Amz-SignedHeaders=host&X-Amz-Signature=281f1ce76965215f9f2130c6755ded86f0b23a7e3d13bd4a9c104e9731825271"
407="https://dev-boomq.pflb.ru/project-srv/project/3163"
408="https://dev-boomq.pflb.ru/project-srv/project/3163/version/4204"
409="https://dev-boomq.pflb.ru/project-srv/project/3163/version/4204/downloadLink"
30="UC_01_TR_01_Sign_in"
31="authorize_Action_30"
32="login_Action_73"
33="config.json_Action_89"
34="user_Action_101"
35="modelSchema_Action_111"
36="identityProvider_Action_121"
410="https://dev-boomq.pflb.ru/minio/boomq/boomq/teams/13/projects/3163/v_4204.yaml?X-Amz-Algorithm=AWS4-HMAC-SHA256&X-Amz-Credential=AKIAIOSFODNN7EXAMPLE/20240618/us-east-1/s3/aws4_request&X-Amz-Date=20240618T165914Z&X-Amz-Expires=604800&X-Amz-SignedHeaders=host&X-Amz-Signature=281f1ce76965215f9f2130c6755ded86f0b23a7e3d13bd4a9c104e9731825271"
37="team_Action_131"
411="https://dev-boomq.pflb.ru/project-srv/project/3173"
38="teamContext_Action_149"
412="https://dev-boomq.pflb.ru/project-srv/project/3173/version/4214"
39="testRunner_Action_162"
413="https://dev-boomq.pflb.ru/project-srv/project/3173/version/4214/downloadLink"
414="https://dev-boomq.pflb.ru/minio/boomq/boomq/teams/13/projects/3173/v_4214.yaml?X-Amz-Algorithm=AWS4-HMAC-SHA256&X-Amz-Credential=AKIAIOSFODNN7EXAMPLE/20240618/us-east-1/s3/aws4_request&X-Amz-Date=20240618T165914Z&X-Amz-Expires=604800&X-Amz-SignedHeaders=host&X-Amz-Signature=281f1ce76965215f9f2130c6755ded86f0b23a7e3d13bd4a9c104e9731825271"
415="https://dev-boomq.pflb.ru/project-srv/project/3170"
416="https://dev-boomq.pflb.ru/project-srv/project/3170/version/4211"
417="https://dev-boomq.pflb.ru/project-srv/project/3170/version/4211/downloadLink"
418="https://dev-boomq.pflb.ru/minio/boomq/boomq/teams/13/projects/3170/v_4211.yaml?X-Amz-Algorithm=AWS4-HMAC-SHA256&X-Amz-Credential=AKIAIOSFODNN7EXAMPLE/20240618/us-east-1/s3/aws4_request&X-Amz-Date=20240618T165914Z&X-Amz-Expires=604800&X-Amz-SignedHeaders=host&X-Amz-Signature=281f1ce76965215f9f2130c6755ded86f0b23a7e3d13bd4a9c104e9731825271"
419="https://dev-boomq.pflb.ru/project-srv/project/3169"
40="https://dev-boomq.pflb.ru/auth-srv/team/13"
41="13_Action_187"
42="UC03_TR01_login"
43="modelSchema_Action_99"
44="user_Action_109"
45="UC02_TR01_login"
46="dev-boomq.pflb.ru_Action_29"
420="https://dev-boomq.pflb.ru/project-srv/project/3169/version/4210"
47="https://4aavslhx.791095574.xyz/"
421="https://dev-boomq.pflb.ru/project-srv/project/3169/version/4210/downloadLink"
48="4aavslhx.791095574.xyz_Action_64"
422="https://dev-boomq.pflb.ru/minio/boomq/boomq/teams/13/projects/3169/v_4210.yaml?X-Amz-Algorithm=AWS4-HMAC-SHA256&X-Amz-Credential=AKIAIOSFODNN7EXAMPLE/20240618/us-east-1/s3/aws4_request&X-Amz-Date=20240618T165914Z&X-Amz-Expires=604800&X-Amz-SignedHeaders=host&X-Amz-Signature=281f1ce76965215f9f2130c6755ded86f0b23a7e3d13bd4a9c104e9731825271"
49="https://4aavslhx.791095574.xyz/v2/network/info/leading/extensive"
423="https://dev-boomq.pflb.ru/report-srv/report/1797"
424="https://dev-boomq.pflb.ru/report-srv/report/1797/content"
425="https://dev-boomq.pflb.ru/project-srv/project/3180"
426="https://dev-boomq.pflb.ru/project-srv/project/3180/version/4221"
427="https://dev-boomq.pflb.ru/project-srv/project/3180/version/4221/downloadLink"
428="https://dev-boomq.pflb.ru/minio/boomq/boomq/teams/13/projects/3180/v_4221.yaml?X-Amz-Algorithm=AWS4-HMAC-SHA256&X-Amz-Credential=AKIAIOSFODNN7EXAMPLE/20240618/us-east-1/s3/aws4_request&X-Amz-Date=20240618T165914Z&X-Amz-Expires=604800&X-Amz-SignedHeaders=host&X-Amz-Signature=281f1ce76965215f9f2130c6755ded86f0b23a7e3d13bd4a9c104e9731825271"
429="https://dev-boomq.pflb.ru/project-srv/project/3178"
50="extensive_Action_74"
51="user_Action_89"
52="modelSchema_Action_101"
53="identityProvider_Action_111"
54="team_Action_121"
55="teamContext_Action_139"
56="testRunner_Action_151"
430="https://dev-boomq.pflb.ru/project-srv/project/3178/version/4219"
57="13_Action_177"
431="https://dev-boomq.pflb.ru/project-srv/project/3178/version/4219/downloadLink"
58="config.json_Action_187"
432="https://dev-boomq.pflb.ru/minio/boomq/boomq/teams/13/projects/3178/v_4219.yaml?X-Amz-Algorithm=AWS4-HMAC-SHA256&X-Amz-Credential=AKIAIOSFODNN7EXAMPLE/20240618/us-east-1/s3/aws4_request&X-Amz-Date=20240618T165914Z&X-Amz-Expires=604800&X-Amz-SignedHeaders=host&X-Amz-Signature=281f1ce76965215f9f2130c6755ded86f0b23a7e3d13bd4a9c104e9731825271"
59="UC06_TR01_login"
433="https://dev-boomq.pflb.ru/project-srv/project/3184"
434="https://dev-boomq.pflb.ru/project-srv/project/3184/version/4225"
435="https://dev-boomq.pflb.ru/project-srv/project/3184/version/4225/downloadLink"
436="https://dev-boomq.pflb.ru/minio/boomq/boomq/teams/13/projects/3184/v_4225.yaml?X-Amz-Algorithm=AWS4-HMAC-SHA256&X-Amz-Credential=AKIAIOSFODNN7EXAMPLE/20240618/us-east-1/s3/aws4_request&X-Amz-Date=20240618T165914Z&X-Amz-Expires=604800&X-Amz-SignedHeaders=host&X-Amz-Signature=281f1ce76965215f9f2130c6755ded86f0b23a7e3d13bd4a9c104e9731825271"
437="https://dev-boomq.pflb.ru/project-srv/project/3183"
438="https://dev-boomq.pflb.ru/project-srv/project/3183/version/4224"
439="https://dev-boomq.pflb.ru/project-srv/project/3183/version/4224/downloadLink"
60="login_Action_111"
61="config.json_Action_127"
62="modelSchema_Action_137"
63="user_Action_150"
64="identityProvider_Action_160"
65="team_Action_170"
66="teamContext_Action_188"
440="https://dev-boomq.pflb.ru/minio/boomq/boomq/teams/13/projects/3183/v_4224.yaml?X-Amz-Algorithm=AWS4-HMAC-SHA256&X-Amz-Credential=AKIAIOSFODNN7EXAMPLE/20240618/us-east-1/s3/aws4_request&X-Amz-Date=20240618T165914Z&X-Amz-Expires=604800&X-Amz-SignedHeaders=host&X-Amz-Signature=281f1ce76965215f9f2130c6755ded86f0b23a7e3d13bd4a9c104e9731825271"
67="testRunner_Action_201"
441="https://dev-boomq.pflb.ru/project-srv/project/3187"
68="UC05_TR01_Login"
442="https://dev-boomq.pflb.ru/project-srv/project/3187/version/4228"
69="https://dev-boomq.pflb.ru/project-srv/project/label?query="
443="https://dev-boomq.pflb.ru/project-srv/project/3187/version/4228/downloadLink"
444="https://dev-boomq.pflb.ru/minio/boomq/boomq/teams/13/projects/3187/v_4228.yaml?X-Amz-Algorithm=AWS4-HMAC-SHA256&X-Amz-Credential=AKIAIOSFODNN7EXAMPLE/20240618/us-east-1/s3/aws4_request&X-Amz-Date=20240618T165914Z&X-Amz-Expires=604800&X-Amz-SignedHeaders=host&X-Amz-Signature=281f1ce76965215f9f2130c6755ded86f0b23a7e3d13bd4a9c104e9731825271"
445="vuser_end_Transaction"
70="label_Action_178"
71="https://dev-boomq.pflb.ru/project-srv/project?sort=lastModified,desc&page=0&size=9"
72="project_Action_188"
73="UC02_TR02_tests"
74="label_Action_221"
75="project_Action_238"
76="UC03_TR02_tests"
77="https://dev-boomq.pflb.ru/static/media/arrow_down.6be88730f13ef3a159f4ef4438670da1.svg"
78="https://dev-boomq.pflb.ru/static/media/arrow.659530470e6be7b696f0d3d15a3179f5.svg"
79="https://dev-boomq.pflb.ru/test-srv/slaReportProfile"
80="slaReportProfile_Action_221"
81="UC05_TR02_Go_Trending"
82="https://dev-boomq.pflb.ru/project-srv/project?sort=lastModified,desc&size=999"
83="UC05_TR03_Add_new_trend_report"
84="https://dev-boomq.pflb.ru/report-srv/report/search"
85="search_Action_215"
86="UC06_TR02_reports"
87="https://dev-boomq.pflb.ru/test-srv/test?sort=createDate,desc&displayState=FINISHED"
88="test_Action_232"
89="UC06_TR03_add_new_report"
90="https://dev-boomq.pflb.ru/auth-srv/team?page=0&size=4"
91="team_2_Action_206"
92="UC_01_TR_02_Going_to_group"
93="https://dev-boomq.pflb.ru/project-srv/project/2968"
94="2754_Action_263"
95="https://dev-boomq.pflb.ru/project-srv/project/2968/version/4009"
96="3840_Action_273"
97="https://dev-boomq.pflb.ru/project-srv/project/2968/version/4009/downloadLink"
98="https://dev-boomq.pflb.ru/minio/boomq/boomq/teams/13/projects/2968/v_4009.yaml?X-Amz-Algorithm=AWS4-HMAC-SHA256&X-Amz-Credential=AKIAIOSFODNN7EXAMPLE/20240618/us-east-1/s3/aws4_request&X-Amz-Date=20240618T165914Z&X-Amz-Expires=604800&X-Amz-SignedHeaders=host&X-Amz-Signature=281f1ce76965215f9f2130c6755ded86f0b23a7e3d13bd4a9c104e9731825271"
99="downloadLink_Action_286"
