[DATA_POINT]
1="tcp_connect"
2="tcp_connection_count"
3="ssl_session_new"
4="mic_recv"
5="HTTP_200"
6="HTTP_400"
7="HTTP_201"
8="HTTP_301"
10="HTTP_403"
9="tcp_shutdown"
[END_TRANSACTION]
491="https://dev-boomq.pflb.ru/project-srv/project/2896/version/3937"
492="https://dev-boomq.pflb.ru/project-srv/project/2896/version/3937/downloadLink"
493="https://dev-boomq.pflb.ru/minio/boomq/boomq/teams/13/projects/2896/v_3937.yaml?X-Amz-Algorithm=AWS4-HMAC-SHA256&X-Amz-Credential=AKIAIOSFODNN7EXAMPLE/20240618/us-east-1/s3/aws4_request&X-Amz-Date=20240618T165914Z&X-Amz-Expires=604800&X-Amz-SignedHeaders=host&X-Amz-Signature=281f1ce76965215f9f2130c6755ded86f0b23a7e3d13bd4a9c104e9731825271"
494="https://dev-boomq.pflb.ru/report-srv/report/1568"
495="https://dev-boomq.pflb.ru/report-srv/report/1568/content"
496="https://dev-boomq.pflb.ru/project-srv/project/2901"
497="https://dev-boomq.pflb.ru/project-srv/project/2901/version/3942"
498="https://dev-boomq.pflb.ru/project-srv/project/2901/version/3942/downloadLink"
499="https://dev-boomq.pflb.ru/minio/boomq/boomq/teams/13/projects/2901/v_3942.yaml?X-Amz-Algorithm=AWS4-HMAC-SHA256&X-Amz-Credential=AKIAIOSFODNN7EXAMPLE/20240618/us-east-1/s3/aws4_request&X-Amz-Date=20240618T165914Z&X-Amz-Expires=604800&X-Amz-SignedHeaders=host&X-Amz-Signature=281f1ce76965215f9f2130c6755ded86f0b23a7e3d13bd4a9c104e9731825271"
1="vuser_init_Transaction"
2="https://dev-boomq.pflb.ru/"
3="https://dev-boomq.pflb.ru/static/media/loading.b59fa25397e07d75b9ac55ace151e625.svg"
4="https://dev-boomq.pflb.ru/static/media/logo.f5ae2890e77693e018920d4ad41c643c.svg"
5="https://dev-boomq.pflb.ru/static/media/Montserrat-Regular.3db65dc4b858f0fed4fb.woff"
6="https://dev-boomq.pflb.ru/static/media/Montserrat-SemiBold.197213592de7a2a62e06.woff"
7="https://dev-boomq.pflb.ru/static/media/Montserrat-Medium.d42dad28f6470e5162c2.woff"
8="https://dev-boomq.pflb.ru/authorize"
9="https://dev-boomq.pflb.ru/static/media/Montserrat-Bold.180ba33d8de7dcfe80a0.woff"
500="https://dev-boomq.pflb.ru/project-srv/project/2903"
501="https://dev-boomq.pflb.ru/project-srv/project/2903/version/3944"
502="https://dev-boomq.pflb.ru/project-srv/project/2903/version/3944/downloadLink"
503="https://dev-boomq.pflb.ru/minio/boomq/boomq/teams/13/projects/2903/v_3944.yaml?X-Amz-Algorithm=AWS4-HMAC-SHA256&X-Amz-Credential=AKIAIOSFODNN7EXAMPLE/20240618/us-east-1/s3/aws4_request&X-Amz-Date=20240618T165914Z&X-Amz-Expires=604800&X-Amz-SignedHeaders=host&X-Amz-Signature=281f1ce76965215f9f2130c6755ded86f0b23a7e3d13bd4a9c104e9731825271"
504="https://dev-boomq.pflb.ru/project-srv/project/2902"
505="https://dev-boomq.pflb.ru/project-srv/project/2902/version/3943"
506="https://dev-boomq.pflb.ru/project-srv/project/2902/version/3943/downloadLink"
507="https://dev-boomq.pflb.ru/minio/boomq/boomq/teams/13/projects/2902/v_3943.yaml?X-Amz-Algorithm=AWS4-HMAC-SHA256&X-Amz-Credential=AKIAIOSFODNN7EXAMPLE/20240618/us-east-1/s3/aws4_request&X-Amz-Date=20240618T165914Z&X-Amz-Expires=604800&X-Amz-SignedHeaders=host&X-Amz-Signature=281f1ce76965215f9f2130c6755ded86f0b23a7e3d13bd4a9c104e9731825271"
508="https://dev-boomq.pflb.ru/project-srv/project/2908"
509="https://dev-boomq.pflb.ru/project-srv/project/2908/version/3949"
510="https://dev-boomq.pflb.ru/project-srv/project/2908/version/3949/downloadLink"
511="https://dev-boomq.pflb.ru/minio/boomq/boomq/teams/13/projects/2908/v_3949.yaml?X-Amz-Algorithm=AWS4-HMAC-SHA256&X-Amz-Credential=AKIAIOSFODNN7EXAMPLE/20240618/us-east-1/s3/aws4_request&X-Amz-Date=20240618T165914Z&X-Amz-Expires=604800&X-Amz-SignedHeaders=host&X-Amz-Signature=281f1ce76965215f9f2130c6755ded86f0b23a7e3d13bd4a9c104e9731825271"
512="https://dev-boomq.pflb.ru/project-srv/project/2910"
513="https://dev-boomq.pflb.ru/project-srv/project/2910/version/3951"
514="https://dev-boomq.pflb.ru/project-srv/project/2910/version/3951/downloadLink"
515="https://dev-boomq.pflb.ru/minio/boomq/boomq/teams/13/projects/2910/v_3951.yaml?X-Amz-Algorithm=AWS4-HMAC-SHA256&X-Amz-Credential=AKIAIOSFODNN7EXAMPLE/20240618/us-east-1/s3/aws4_request&X-Amz-Date=20240618T165914Z&X-Amz-Expires=604800&X-Amz-SignedHeaders=host&X-Amz-Signature=281f1ce76965215f9f2130c6755ded86f0b23a7e3d13bd4a9c104e9731825271"
516="https://dev-boomq.pflb.ru/report-srv/report/1576"
517="https://dev-boomq.pflb.ru/report-srv/report/1576/content"
518="https://dev-boomq.pflb.ru/project-srv/project/2914"
519="https://dev-boomq.pflb.ru/project-srv/project/2914/version/3955"
520="https://dev-boomq.pflb.ru/project-srv/project/2914/version/3955/downloadLink"
521="https://dev-boomq.pflb.ru/minio/boomq/boomq/teams/13/projects/2914/v_3955.yaml?X-Amz-Algorithm=AWS4-HMAC-SHA256&X-Amz-Credential=AKIAIOSFODNN7EXAMPLE/20240618/us-east-1/s3/aws4_request&X-Amz-Date=20240618T165914Z&X-Amz-Expires=604800&X-Amz-SignedHeaders=host&X-Amz-Signature=281f1ce76965215f9f2130c6755ded86f0b23a7e3d13bd4a9c104e9731825271"
522="https://dev-boomq.pflb.ru/project-srv/project/2913"
523="https://dev-boomq.pflb.ru/project-srv/project/2913/version/3954"
524="https://dev-boomq.pflb.ru/project-srv/project/2913/version/3954/downloadLink"
525="https://dev-boomq.pflb.ru/minio/boomq/boomq/teams/13/projects/2913/v_3954.yaml?X-Amz-Algorithm=AWS4-HMAC-SHA256&X-Amz-Credential=AKIAIOSFODNN7EXAMPLE/20240618/us-east-1/s3/aws4_request&X-Amz-Date=20240618T165914Z&X-Amz-Expires=604800&X-Amz-SignedHeaders=host&X-Amz-Signature=281f1ce76965215f9f2130c6755ded86f0b23a7e3d13bd4a9c104e9731825271"
526="https://dev-boomq.pflb.ru/project-srv/project/2924"
527="https://dev-boomq.pflb.ru/project-srv/project/2924/version/3965"
528="https://dev-boomq.pflb.ru/project-srv/project/2924/version/3965/downloadLink"
529="https://dev-boomq.pflb.ru/minio/boomq/boomq/teams/13/projects/2924/v_3965.yaml?X-Amz-Algorithm=AWS4-HMAC-SHA256&X-Amz-Credential=AKIAIOSFODNN7EXAMPLE/20240618/us-east-1/s3/aws4_request&X-Amz-Date=20240618T165914Z&X-Amz-Expires=604800&X-Amz-SignedHeaders=host&X-Amz-Signature=281f1ce76965215f9f2130c6755ded86f0b23a7e3d13bd4a9c104e9731825271"
530="https://dev-boomq.pflb.ru/project-srv/project/2921"
531="https://dev-boomq.pflb.ru/project-srv/project/2921/version/3962"
532="https://dev-boomq.pflb.ru/project-srv/project/2921/version/3962/downloadLink"
533="https://dev-boomq.pflb.ru/minio/boomq/boomq/teams/13/projects/2921/v_3962.yaml?X-Amz-Algorithm=AWS4-HMAC-SHA256&X-Amz-Credential=AKIAIOSFODNN7EXAMPLE/20240618/us-east-1/s3/aws4_request&X-Amz-Date=20240618T165914Z&X-Amz-Expires=604800&X-Amz-SignedHeaders=host&X-Amz-Signature=281f1ce76965215f9f2130c6755ded86f0b23a7e3d13bd4a9c104e9731825271"
534="https://dev-boomq.pflb.ru/project-srv/project/2923"
535="https://dev-boomq.pflb.ru/project-srv/project/2923/version/3964"
536="https://dev-boomq.pflb.ru/project-srv/project/2923/version/3964/downloadLink"
537="https://dev-boomq.pflb.ru/minio/boomq/boomq/teams/13/projects/2923/v_3964.yaml?X-Amz-Algorithm=AWS4-HMAC-SHA256&X-Amz-Credential=AKIAIOSFODNN7EXAMPLE/20240618/us-east-1/s3/aws4_request&X-Amz-Date=20240618T165914Z&X-Amz-Expires=604800&X-Amz-SignedHeaders=host&X-Amz-Signature=281f1ce76965215f9f2130c6755ded86f0b23a7e3d13bd4a9c104e9731825271"
538="https://dev-boomq.pflb.ru/report-srv/report/1586"
539="https://dev-boomq.pflb.ru/report-srv/report/1586/content"
540="https://dev-boomq.pflb.ru/auth-srv/invite/QwYoEMOMu_nyi1Rxdb0eRnMWlTva18yvOZ5jlSYlmMDfrvRC2Ib27ZK0nPUgeIkXsHReepKdjuqyVw4RlTgJEQLDS3LotRTHJdjG8amkr5I="
541="https://dev-boomq.pflb.ru/project-srv/project/2927"
542="https://dev-boomq.pflb.ru/project-srv/project/2927/version/3968"
543="https://dev-boomq.pflb.ru/project-srv/project/2927/version/3968/downloadLink"
544="https://dev-boomq.pflb.ru/minio/boomq/boomq/teams/13/projects/2927/v_3968.yaml?X-Amz-Algorithm=AWS4-HMAC-SHA256&X-Amz-Credential=AKIAIOSFODNN7EXAMPLE/20240618/us-east-1/s3/aws4_request&X-Amz-Date=20240618T165914Z&X-Amz-Expires=604800&X-Amz-SignedHeaders=host&X-Amz-Signature=281f1ce76965215f9f2130c6755ded86f0b23a7e3d13bd4a9c104e9731825271"
545="https://dev-boomq.pflb.ru/project-srv/project/2935"
546="https://dev-boomq.pflb.ru/project-srv/project/2935/version/3976"
547="https://dev-boomq.pflb.ru/project-srv/project/2935/version/3976/downloadLink"
548="https://dev-boomq.pflb.ru/minio/boomq/boomq/teams/13/projects/2935/v_3976.yaml?X-Amz-Algorithm=AWS4-HMAC-SHA256&X-Amz-Credential=AKIAIOSFODNN7EXAMPLE/20240618/us-east-1/s3/aws4_request&X-Amz-Date=20240618T165914Z&X-Amz-Expires=604800&X-Amz-SignedHeaders=host&X-Amz-Signature=281f1ce76965215f9f2130c6755ded86f0b23a7e3d13bd4a9c104e9731825271"
549="https://dev-boomq.pflb.ru/project-srv/project/2937"
550="https://dev-boomq.pflb.ru/project-srv/project/2937/version/3978"
551="https://dev-boomq.pflb.ru/project-srv/project/2937/version/3978/downloadLink"
552="https://dev-boomq.pflb.ru/minio/boomq/boomq/teams/13/projects/2937/v_3978.yaml?X-Amz-Algorithm=AWS4-HMAC-SHA256&X-Amz-Credential=AKIAIOSFODNN7EXAMPLE/20240618/us-east-1/s3/aws4_request&X-Amz-Date=20240618T165914Z&X-Amz-Expires=604800&X-Amz-SignedHeaders=host&X-Amz-Signature=281f1ce76965215f9f2130c6755ded86f0b23a7e3d13bd4a9c104e9731825271"
553="https://dev-boomq.pflb.ru/project-srv/project/2932"
554="https://dev-boomq.pflb.ru/project-srv/project/2932/version/3973"
555="https://dev-boomq.pflb.ru/project-srv/project/2932/version/3973/downloadLink"
556="https://dev-boomq.pflb.ru/minio/boomq/boomq/teams/13/projects/2932/v_3973.yaml?X-Amz-Algorithm=AWS4-HMAC-SHA256&X-Amz-Credential=AKIAIOSFODNN7EXAMPLE/20240618/us-east-1/s3/aws4_request&X-Amz-Date=20240618T165914Z&X-Amz-Expires=604800&X-Amz-SignedHeaders=host&X-Amz-Signature=281f1ce76965215f9f2130c6755ded86f0b23a7e3d13bd4a9c104e9731825271"
557="https://dev-boomq.pflb.ru/project-srv/project/2942"
558="https://dev-boomq.pflb.ru/project-srv/project/2942/version/3983"
559="https://dev-boomq.pflb.ru/project-srv/project/2942/version/3983/downloadLink"
560="https://dev-boomq.pflb.ru/minio/boomq/boomq/teams/13/projects/2942/v_3983.yaml?X-Amz-Algorithm=AWS4-HMAC-SHA256&X-Amz-Credential=AKIAIOSFODNN7EXAMPLE/20240618/us-east-1/s3/aws4_request&X-Amz-Date=20240618T165914Z&X-Amz-Expires=604800&X-Amz-SignedHeaders=host&X-Amz-Signature=281f1ce76965215f9f2130c6755ded86f0b23a7e3d13bd4a9c104e9731825271"
561="https://dev-boomq.pflb.ru/project-srv/project/2938"
562="https://dev-boomq.pflb.ru/project-srv/project/2938/version/3979"
563="https://dev-boomq.pflb.ru/project-srv/project/2938/version/3979/downloadLink"
564="https://dev-boomq.pflb.ru/minio/boomq/boomq/teams/13/projects/2938/v_3979.yaml?X-Amz-Algorithm=AWS4-HMAC-SHA256&X-Amz-Credential=AKIAIOSFODNN7EXAMPLE/20240618/us-east-1/s3/aws4_request&X-Amz-Date=20240618T165914Z&X-Amz-Expires=604800&X-Amz-SignedHeaders=host&X-Amz-Signature=281f1ce76965215f9f2130c6755ded86f0b23a7e3d13bd4a9c104e9731825271"
565="https://dev-boomq.pflb.ru/report-srv/report/1595"
566="https://dev-boomq.pflb.ru/report-srv/report/1595/content"
567="https://dev-boomq.pflb.ru/project-srv/project/2947"
568="https://dev-boomq.pflb.ru/project-srv/project/2947/version/3988"
569="https://dev-boomq.pflb.ru/project-srv/project/2947/version/3988/downloadLink"
570="https://dev-boomq.pflb.ru/minio/boomq/boomq/teams/13/projects/2947/v_3988.yaml?X-Amz-Algorithm=AWS4-HMAC-SHA256&X-Amz-Credential=AKIAIOSFODNN7EXAMPLE/20240618/us-east-1/s3/aws4_request&X-Amz-Date=20240618T165914Z&X-Amz-Expires=604800&X-Amz-SignedHeaders=host&X-Amz-Signature=281f1ce76965215f9f2130c6755ded86f0b23a7e3d13bd4a9c104e9731825271"
571="https://dev-boomq.pflb.ru/project-srv/project/2954"
572="https://dev-boomq.pflb.ru/project-srv/project/2954/version/3995"
573="https://dev-boomq.pflb.ru/project-srv/project/2954/version/3995/downloadLink"
574="https://dev-boomq.pflb.ru/minio/boomq/boomq/teams/13/projects/2954/v_3995.yaml?X-Amz-Algorithm=AWS4-HMAC-SHA256&X-Amz-Credential=AKIAIOSFODNN7EXAMPLE/20240618/us-east-1/s3/aws4_request&X-Amz-Date=20240618T165914Z&X-Amz-Expires=604800&X-Amz-SignedHeaders=host&X-Amz-Signature=281f1ce76965215f9f2130c6755ded86f0b23a7e3d13bd4a9c104e9731825271"
575="https://dev-boomq.pflb.ru/project-srv/project/2951"
576="https://dev-boomq.pflb.ru/project-srv/project/2951/version/3992"
577="https://dev-boomq.pflb.ru/project-srv/project/2951/version/3992/downloadLink"
578="https://dev-boomq.pflb.ru/minio/boomq/boomq/teams/13/projects/2951/v_3992.yaml?X-Amz-Algorithm=AWS4-HMAC-SHA256&X-Amz-Credential=AKIAIOSFODNN7EXAMPLE/20240618/us-east-1/s3/aws4_request&X-Amz-Date=20240618T165914Z&X-Amz-Expires=604800&X-Amz-SignedHeaders=host&X-Amz-Signature=281f1ce76965215f9f2130c6755ded86f0b23a7e3d13bd4a9c104e9731825271"
579="https://dev-boomq.pflb.ru/project-srv/project/2950"
580="https://dev-boomq.pflb.ru/project-srv/project/2950/version/3991"
581="https://dev-boomq.pflb.ru/project-srv/project/2950/version/3991/downloadLink"
582="https://dev-boomq.pflb.ru/minio/boomq/boomq/teams/13/projects/2950/v_3991.yaml?X-Amz-Algorithm=AWS4-HMAC-SHA256&X-Amz-Credential=AKIAIOSFODNN7EXAMPLE/20240618/us-east-1/s3/aws4_request&X-Amz-Date=20240618T165914Z&X-Amz-Expires=604800&X-Amz-SignedHeaders=host&X-Amz-Signature=281f1ce76965215f9f2130c6755ded86f0b23a7e3d13bd4a9c104e9731825271"
583="https://dev-boomq.pflb.ru/project-srv/project/2949"
584="https://dev-boomq.pflb.ru/project-srv/project/2949/version/3990"
585="https://dev-boomq.pflb.ru/project-srv/project/2949/version/3990/downloadLink"
586="https://dev-boomq.pflb.ru/minio/boomq/boomq/teams/13/projects/2949/v_3990.yaml?X-Amz-Algorithm=AWS4-HMAC-SHA256&X-Amz-Credential=AKIAIOSFODNN7EXAMPLE/20240618/us-east-1/s3/aws4_request&X-Amz-Date=20240618T165914Z&X-Amz-Expires=604800&X-Amz-SignedHeaders=host&X-Amz-Signature=281f1ce76965215f9f2130c6755ded86f0b23a7e3d13bd4a9c104e9731825271"
587="https://dev-boomq.pflb.ru/project-srv/project/2953"
588="https://dev-boomq.pflb.ru/project-srv/project/2953/version/3994"
589="https://dev-boomq.pflb.ru/project-srv/project/2953/version/3994/downloadLink"
590="https://dev-boomq.pflb.ru/minio/boomq/boomq/teams/13/projects/2953/v_3994.yaml?X-Amz-Algorithm=AWS4-HMAC-SHA256&X-Amz-Credential=AKIAIOSFODNN7EXAMPLE/20240618/us-east-1/s3/aws4_request&X-Amz-Date=20240618T165914Z&X-Amz-Expires=604800&X-Amz-SignedHeaders=host&X-Amz-Signature=281f1ce76965215f9f2130c6755ded86f0b23a7e3d13bd4a9c104e9731825271"
591="https://dev-boomq.pflb.ru/report-srv/report/1605"
592="https://dev-boomq.pflb.ru/report-srv/report/1605/content"
593="https://dev-boomq.pflb.ru/project-srv/project/2965"
594="https://dev-boomq.pflb.ru/project-srv/project/2965/version/4006"
595="https://dev-boomq.pflb.ru/project-srv/project/2965/version/4006/downloadLink"
596="https://dev-boomq.pflb.ru/minio/boomq/boomq/teams/13/projects/2965/v_4006.yaml?X-Amz-Algorithm=AWS4-HMAC-SHA256&X-Amz-Credential=AKIAIOSFODNN7EXAMPLE/20240618/us-east-1/s3/aws4_request&X-Amz-Date=20240618T165914Z&X-Amz-Expires=604800&X-Amz-SignedHeaders=host&X-Amz-Signature=281f1ce76965215f9f2130c6755ded86f0b23a7e3d13bd4a9c104e9731825271"
597="https://dev-boomq.pflb.ru/project-srv/project/2961"
598="https://dev-boomq.pflb.ru/project-srv/project/2961/version/4002"
599="https://dev-boomq.pflb.ru/project-srv/project/2961/version/4002/downloadLink"
600="https://dev-boomq.pflb.ru/minio/boomq/boomq/teams/13/projects/2961/v_4002.yaml?X-Amz-Algorithm=AWS4-HMAC-SHA256&X-Amz-Credential=AKIAIOSFODNN7EXAMPLE/20240618/us-east-1/s3/aws4_request&X-Amz-Date=20240618T165914Z&X-Amz-Expires=604800&X-Amz-SignedHeaders=host&X-Amz-Signature=281f1ce76965215f9f2130c6755ded86f0b23a7e3d13bd4a9c104e9731825271"
601="https://dev-boomq.pflb.ru/project-srv/project/2967"
602="https://dev-boomq.pflb.ru/project-srv/project/2967/version/4008"
603="https://dev-boomq.pflb.ru/project-srv/project/2967/version/4008/downloadLink"
604="https://dev-boomq.pflb.ru/minio/boomq/boomq/teams/13/projects/2967/v_4008.yaml?X-Amz-Algorithm=AWS4-HMAC-SHA256&X-Amz-Credential=AKIAIOSFODNN7EXAMPLE/20240618/us-east-1/s3/aws4_request&X-Amz-Date=20240618T165914Z&X-Amz-Expires=604800&X-Amz-SignedHeaders=host&X-Amz-Signature=281f1ce76965215f9f2130c6755ded86f0b23a7e3d13bd4a9c104e9731825271"
605="https://dev-boomq.pflb.ru/project-srv/project/2966"
606="https://dev-boomq.pflb.ru/project-srv/project/2966/version/4007"
607="https://dev-boomq.pflb.ru/project-srv/project/2966/version/4007/downloadLink"
608="https://dev-boomq.pflb.ru/minio/boomq/boomq/teams/13/projects/2966/v_4007.yaml?X-Amz-Algorithm=AWS4-HMAC-SHA256&X-Amz-Credential=AKIAIOSFODNN7EXAMPLE/20240618/us-east-1/s3/aws4_request&X-Amz-Date=20240618T165914Z&X-Amz-Expires=604800&X-Amz-SignedHeaders=host&X-Amz-Signature=281f1ce76965215f9f2130c6755ded86f0b23a7e3d13bd4a9c104e9731825271"
609="vuser_end_Transaction"
10="https://dev-boomq.pflb.ru/static/css/main.64a4c65b.css"
11="https://dev-boomq.pflb.ru/static/js/main.cddf1824.js"
12="dev-boomq.pflb.ru_Action_40"
13="https://dev-boomq.pflb.ru/auth-srv/login"
14="https://dev-boomq.pflb.ru/static/media/en.b1acfc6b06bfe6e29bfbfc06d09d8177.svg"
15="login_Action_94"
16="https://dev-boomq.pflb.ru/config.json"
17="config.json_Action_110"
18="https://dev-boomq.pflb.ru/project-srv/modelSchema"
19="modelSchema_Action_120"
20="https://dev-boomq.pflb.ru/auth-srv/user"
21="user_Action_133"
22="https://dev-boomq.pflb.ru/auth-srv/identityProvider"
23="identityProvider_Action_143"
24="https://dev-boomq.pflb.ru/auth-srv/team?size=2"
25="team_Action_157"
26="https://dev-boomq.pflb.ru/auth-srv/teamMember/teamContext?teamId=13"
27="teamContext_Action_174"
28="https://dev-boomq.pflb.ru/test-runner-srv/testRunner?sort=id,desc"
29="testRunner_Action_187"
30="UC_01_TR_01_Sign_in"
31="authorize_Action_30"
32="login_Action_73"
33="config.json_Action_89"
34="modelSchema_Action_99"
35="user_Action_109"
36="identityProvider_Action_121"
37="team_Action_131"
38="teamContext_Action_149"
39="testRunner_Action_162"
40="UC02_TR01_login"
41="user_Action_101"
42="modelSchema_Action_111"
43="https://dev-boomq.pflb.ru/auth-srv/team/13"
44="13_Action_187"
45="UC03_TR01_login"
46="dev-boomq.pflb.ru_Action_29"
47="https://4aavslhx.791095574.xyz/"
48="4aavslhx.791095574.xyz_Action_64"
49="https://4aavslhx.791095574.xyz/v2/network/info/leading/extensive"
50="extensive_Action_74"
51="login_Action_111"
52="config.json_Action_127"
53="modelSchema_Action_137"
54="user_Action_150"
55="user_Action_89"
56="modelSchema_Action_101"
57="identityProvider_Action_111"
58="team_Action_121"
59="teamContext_Action_139"
60="testRunner_Action_151"
61="13_Action_177"
62="config.json_Action_187"
63="UC06_TR01_login"
64="identityProvider_Action_160"
65="team_Action_170"
66="teamContext_Action_188"
67="testRunner_Action_201"
68="UC05_TR01_Login"
69="https://dev-boomq.pflb.ru/project-srv/project/label?query="
70="label_Action_221"
71="https://dev-boomq.pflb.ru/project-srv/project?sort=lastModified,desc&page=0&size=9"
72="project_Action_238"
73="UC03_TR02_tests"
74="label_Action_178"
75="project_Action_188"
76="UC02_TR02_tests"
77="https://dev-boomq.pflb.ru/report-srv/report/search"
78="search_Action_215"
79="UC06_TR02_reports"
80="https://dev-boomq.pflb.ru/test-srv/test?sort=createDate,desc&displayState=FINISHED"
81="test_Action_232"
82="UC06_TR03_add_new_report"
83="https://dev-boomq.pflb.ru/static/media/arrow_down.6be88730f13ef3a159f4ef4438670da1.svg"
84="https://dev-boomq.pflb.ru/static/media/arrow.659530470e6be7b696f0d3d15a3179f5.svg"
85="https://dev-boomq.pflb.ru/test-srv/slaReportProfile"
86="slaReportProfile_Action_221"
87="UC05_TR02_Go_Trending"
88="https://dev-boomq.pflb.ru/project-srv/project?sort=lastModified,desc&size=999"
89="UC05_TR03_Add_new_trend_report"
90="https://dev-boomq.pflb.ru/project-srv/project/2594"
91="2754_Action_263"
92="https://dev-boomq.pflb.ru/project-srv/project/2594/version/3632"
93="3840_Action_273"
94="https://dev-boomq.pflb.ru/project-srv/project/2594/version/3632/downloadLink"
95="https://dev-boomq.pflb.ru/minio/boomq/boomq/teams/13/projects/2594/v_3632.yaml?X-Amz-Algorithm=AWS4-HMAC-SHA256&X-Amz-Credential=AKIAIOSFODNN7EXAMPLE/20240618/us-east-1/s3/aws4_request&X-Amz-Date=20240618T165914Z&X-Amz-Expires=604800&X-Amz-SignedHeaders=host&X-Amz-Signature=281f1ce76965215f9f2130c6755ded86f0b23a7e3d13bd4a9c104e9731825271"
96="downloadLink_Action_286"
97="UC03_TR03_choose_test"
98="https://dev-boomq.pflb.ru/auth-srv/team?page=0&size=4"
99="team_2_Action_206"
100="UC_01_TR_02_Going_to_group"
101="https://dev-boomq.pflb.ru/test-srv/test"
102="test_Action_309"
103="project_2_Action_323"
104="https://dev-boomq.pflb.ru/test-srv/test/label?query="
105="label_2_Action_333"
106="https://dev-boomq.pflb.ru/test-srv/user"
107="user_4_Action_343"
108="https://dev-boomq.pflb.ru/test-srv/test?sort=createDate,desc&displayState=INITIALIZATION,WAITING,RUNNING,TEST_STOPPING"
109="test_2_Action_353"
110="https://dev-boomq.pflb.ru/test-srv/test?sort=createDate,desc&page=0&size=7"
111="test_3_Action_363"
112="UC03_TR04_start_test"
113="UC03_TR05_sign_out"
114="Action_Transaction"
115="https://dev-boomq.pflb.ru/test-srv/test?sort=createDate,desc&size=999999&projectId=2519&state=FINISHED,FAILED,CANCELED"
116="test_Action_254"
117="UC05_TR04_Select_test"
118="UC05_TR05_Select_test_runs"
119="13_2_Action_222"
120="https://dev-boomq.pflb.ru/auth-srv/teamMember?teamId=13&page=0&size=2"
121="teamMember_Action_236"
122="UC_01_TR_03_Edit_group"
123="https://dev-boomq.pflb.ru/auth-srv/teamMember?teamId=13"
124="teamMember_2_Action_282"
125="teamMember_3_Action_295"
126="UC_01_TR_05_Add_member"
127="teamMember_5_Action_312"
128="UC_01_TR_06_Copy_invite_link"
129="https://dev-boomq.pflb.ru/project-srv/project"
130="https://dev-boomq.pflb.ru/static/media/check.9725c0396328bae9471b624111fc14ca.svg"
131="project_2_Action_210"
132="UC02_TR03_create_new_test"
133="UC02_TR04_sign_out"
134="https://dev-boomq.pflb.ru/report-srv/report"
135="report_Action_258"
136="https://dev-boomq.pflb.ru/report-srv/report/1478"
137="1182_Action_271"
138="https://dev-boomq.pflb.ru/report-srv/report/1478/content"
139="content_Action_281"
140="test_2_Action_291"
141="UC06_TR05_reportname"
142="UC06_TR06_sign_out"
143="UC_01_TR_07_Exit"
144="https://dev-boomq.pflb.ru/auth-srv/invite/6UKK-ys6NGiDJFjxRoPHStUBIx6RfvWq185oSMtCb2qoHa8uqv4YWALj2oTld8onsHReepKdjuqyVw4RlTgJEfiVaueJS5y3M5btvORNUEo="
145="https://dev-boomq.pflb.ru/change-password"
146="YJ4JGWAnMH-JhZ5GT-gOPcA-_Action_358"
147="UC_01_TR_08_Insert_invite_link"
148="modelSchema_2_Action_381"
149="user_3_Action_397"
150="team_3_Action_411"
151="teamContext_2_Action_421"
152="testRunner_2_Action_431"
153="UC_01_TR_09_Input_password"
154="https://dev-boomq.pflb.ru/test-srv/slaReportProfile/slaTypeList"
155="slaTypeList_Action_277"
156="https://dev-boomq.pflb.ru/test-srv/slaReportProfile/previewReport"
157="previewReport_Action_292"
158="UC05_TR06_Next"
159="previewReport_2_Action_312"
160="UC_01_TR_10_Exit"
161="previewReport_3_Action_327"
162="UC05_TR07_Add_Chart"
163="previewReport_4_Action_346"
164="previewReport_5_Action_361"
165="UC05_TR08_Add_table"
166="slaReportProfile_2_Action_380"
167="UC05_TR09_Save"
168="UC05_TR10_Exit"
169="https://dev-boomq.pflb.ru/project-srv/project/2597"
170="https://dev-boomq.pflb.ru/project-srv/project/2597/version/3635"
171="https://dev-boomq.pflb.ru/project-srv/project/2597/version/3635/downloadLink"
172="https://dev-boomq.pflb.ru/minio/boomq/boomq/teams/13/projects/2597/v_3635.yaml?X-Amz-Algorithm=AWS4-HMAC-SHA256&X-Amz-Credential=AKIAIOSFODNN7EXAMPLE/20240618/us-east-1/s3/aws4_request&X-Amz-Date=20240618T165914Z&X-Amz-Expires=604800&X-Amz-SignedHeaders=host&X-Amz-Signature=281f1ce76965215f9f2130c6755ded86f0b23a7e3d13bd4a9c104e9731825271"
173="https://dev-boomq.pflb.ru/project-srv/project/2607"
174="https://dev-boomq.pflb.ru/project-srv/project/2607/version/3647"
175="https://dev-boomq.pflb.ru/project-srv/project/2607/version/3647/downloadLink"
176="https://dev-boomq.pflb.ru/minio/boomq/boomq/teams/13/projects/2607/v_3647.yaml?X-Amz-Algorithm=AWS4-HMAC-SHA256&X-Amz-Credential=AKIAIOSFODNN7EXAMPLE/20240618/us-east-1/s3/aws4_request&X-Amz-Date=20240618T165914Z&X-Amz-Expires=604800&X-Amz-SignedHeaders=host&X-Amz-Signature=281f1ce76965215f9f2130c6755ded86f0b23a7e3d13bd4a9c104e9731825271"
177="https://dev-boomq.pflb.ru/project-srv/project/2592"
178="https://dev-boomq.pflb.ru/project-srv/project/2592/version/3630"
179="https://dev-boomq.pflb.ru/project-srv/project/2592/version/3630/downloadLink"
180="https://dev-boomq.pflb.ru/minio/boomq/boomq/teams/13/projects/2592/v_3630.yaml?X-Amz-Algorithm=AWS4-HMAC-SHA256&X-Amz-Credential=AKIAIOSFODNN7EXAMPLE/20240618/us-east-1/s3/aws4_request&X-Amz-Date=20240618T165914Z&X-Amz-Expires=604800&X-Amz-SignedHeaders=host&X-Amz-Signature=281f1ce76965215f9f2130c6755ded86f0b23a7e3d13bd4a9c104e9731825271"
181="https://dev-boomq.pflb.ru/project-srv/project/2606"
182="https://dev-boomq.pflb.ru/project-srv/project/2606/version/3646"
183="https://dev-boomq.pflb.ru/project-srv/project/2606/version/3646/downloadLink"
184="https://dev-boomq.pflb.ru/minio/boomq/boomq/teams/13/projects/2606/v_3646.yaml?X-Amz-Algorithm=AWS4-HMAC-SHA256&X-Amz-Credential=AKIAIOSFODNN7EXAMPLE/20240618/us-east-1/s3/aws4_request&X-Amz-Date=20240618T165914Z&X-Amz-Expires=604800&X-Amz-SignedHeaders=host&X-Amz-Signature=281f1ce76965215f9f2130c6755ded86f0b23a7e3d13bd4a9c104e9731825271"
185="https://dev-boomq.pflb.ru/report-srv/report/1481"
186="https://dev-boomq.pflb.ru/report-srv/report/1481/content"
187="https://dev-boomq.pflb.ru/project-srv/project/2776"
188="https://dev-boomq.pflb.ru/project-srv/project/2776/version/3817"
189="https://dev-boomq.pflb.ru/project-srv/project/2776/version/3817/downloadLink"
190="https://dev-boomq.pflb.ru/minio/boomq/boomq/teams/13/projects/2776/v_3817.yaml?X-Amz-Algorithm=AWS4-HMAC-SHA256&X-Amz-Credential=AKIAIOSFODNN7EXAMPLE/20240618/us-east-1/s3/aws4_request&X-Amz-Date=20240618T165914Z&X-Amz-Expires=604800&X-Amz-SignedHeaders=host&X-Amz-Signature=281f1ce76965215f9f2130c6755ded86f0b23a7e3d13bd4a9c104e9731825271"
191="https://dev-boomq.pflb.ru/project-srv/project/2772"
192="https://dev-boomq.pflb.ru/project-srv/project/2772/version/3813"
193="https://dev-boomq.pflb.ru/project-srv/project/2772/version/3813/downloadLink"
194="https://dev-boomq.pflb.ru/minio/boomq/boomq/teams/13/projects/2772/v_3813.yaml?X-Amz-Algorithm=AWS4-HMAC-SHA256&X-Amz-Credential=AKIAIOSFODNN7EXAMPLE/20240618/us-east-1/s3/aws4_request&X-Amz-Date=20240618T165914Z&X-Amz-Expires=604800&X-Amz-SignedHeaders=host&X-Amz-Signature=281f1ce76965215f9f2130c6755ded86f0b23a7e3d13bd4a9c104e9731825271"
195="https://dev-boomq.pflb.ru/project-srv/project/2780"
196="https://dev-boomq.pflb.ru/project-srv/project/2780/version/3821"
197="https://dev-boomq.pflb.ru/project-srv/project/2780/version/3821/downloadLink"
198="https://dev-boomq.pflb.ru/minio/boomq/boomq/teams/13/projects/2780/v_3821.yaml?X-Amz-Algorithm=AWS4-HMAC-SHA256&X-Amz-Credential=AKIAIOSFODNN7EXAMPLE/20240618/us-east-1/s3/aws4_request&X-Amz-Date=20240618T165914Z&X-Amz-Expires=604800&X-Amz-SignedHeaders=host&X-Amz-Signature=281f1ce76965215f9f2130c6755ded86f0b23a7e3d13bd4a9c104e9731825271"
199="https://dev-boomq.pflb.ru/project-srv/project/2777"
200="https://dev-boomq.pflb.ru/project-srv/project/2777/version/3818"
201="https://dev-boomq.pflb.ru/project-srv/project/2777/version/3818/downloadLink"
202="https://dev-boomq.pflb.ru/minio/boomq/boomq/teams/13/projects/2777/v_3818.yaml?X-Amz-Algorithm=AWS4-HMAC-SHA256&X-Amz-Credential=AKIAIOSFODNN7EXAMPLE/20240618/us-east-1/s3/aws4_request&X-Amz-Date=20240618T165914Z&X-Amz-Expires=604800&X-Amz-SignedHeaders=host&X-Amz-Signature=281f1ce76965215f9f2130c6755ded86f0b23a7e3d13bd4a9c104e9731825271"
203="https://dev-boomq.pflb.ru/project-srv/project/2775"
204="https://dev-boomq.pflb.ru/project-srv/project/2775/version/3816"
205="https://dev-boomq.pflb.ru/project-srv/project/2775/version/3816/downloadLink"
206="https://dev-boomq.pflb.ru/minio/boomq/boomq/teams/13/projects/2775/v_3816.yaml?X-Amz-Algorithm=AWS4-HMAC-SHA256&X-Amz-Credential=AKIAIOSFODNN7EXAMPLE/20240618/us-east-1/s3/aws4_request&X-Amz-Date=20240618T165914Z&X-Amz-Expires=604800&X-Amz-SignedHeaders=host&X-Amz-Signature=281f1ce76965215f9f2130c6755ded86f0b23a7e3d13bd4a9c104e9731825271"
207="https://dev-boomq.pflb.ru/report-srv/report/1487"
208="https://dev-boomq.pflb.ru/report-srv/report/1487/content"
209="https://dev-boomq.pflb.ru/project-srv/project/2781"
210="https://dev-boomq.pflb.ru/project-srv/project/2781/version/3822"
211="https://dev-boomq.pflb.ru/project-srv/project/2781/version/3822/downloadLink"
212="https://dev-boomq.pflb.ru/minio/boomq/boomq/teams/13/projects/2781/v_3822.yaml?X-Amz-Algorithm=AWS4-HMAC-SHA256&X-Amz-Credential=AKIAIOSFODNN7EXAMPLE/20240618/us-east-1/s3/aws4_request&X-Amz-Date=20240618T165914Z&X-Amz-Expires=604800&X-Amz-SignedHeaders=host&X-Amz-Signature=281f1ce76965215f9f2130c6755ded86f0b23a7e3d13bd4a9c104e9731825271"
213="https://dev-boomq.pflb.ru/project-srv/project/2785"
214="https://dev-boomq.pflb.ru/project-srv/project/2785/version/3826"
215="https://dev-boomq.pflb.ru/project-srv/project/2785/version/3826/downloadLink"
216="https://dev-boomq.pflb.ru/minio/boomq/boomq/teams/13/projects/2785/v_3826.yaml?X-Amz-Algorithm=AWS4-HMAC-SHA256&X-Amz-Credential=AKIAIOSFODNN7EXAMPLE/20240618/us-east-1/s3/aws4_request&X-Amz-Date=20240618T165914Z&X-Amz-Expires=604800&X-Amz-SignedHeaders=host&X-Amz-Signature=281f1ce76965215f9f2130c6755ded86f0b23a7e3d13bd4a9c104e9731825271"
217="https://dev-boomq.pflb.ru/project-srv/project/2784"
218="https://dev-boomq.pflb.ru/project-srv/project/2784/version/3825"
219="https://dev-boomq.pflb.ru/project-srv/project/2784/version/3825/downloadLink"
220="https://dev-boomq.pflb.ru/minio/boomq/boomq/teams/13/projects/2784/v_3825.yaml?X-Amz-Algorithm=AWS4-HMAC-SHA256&X-Amz-Credential=AKIAIOSFODNN7EXAMPLE/20240618/us-east-1/s3/aws4_request&X-Amz-Date=20240618T165914Z&X-Amz-Expires=604800&X-Amz-SignedHeaders=host&X-Amz-Signature=281f1ce76965215f9f2130c6755ded86f0b23a7e3d13bd4a9c104e9731825271"
221="https://dev-boomq.pflb.ru/project-srv/project/2783"
222="https://dev-boomq.pflb.ru/project-srv/project/2783/version/3824"
223="https://dev-boomq.pflb.ru/project-srv/project/2783/version/3824/downloadLink"
224="https://dev-boomq.pflb.ru/minio/boomq/boomq/teams/13/projects/2783/v_3824.yaml?X-Amz-Algorithm=AWS4-HMAC-SHA256&X-Amz-Credential=AKIAIOSFODNN7EXAMPLE/20240618/us-east-1/s3/aws4_request&X-Amz-Date=20240618T165914Z&X-Amz-Expires=604800&X-Amz-SignedHeaders=host&X-Amz-Signature=281f1ce76965215f9f2130c6755ded86f0b23a7e3d13bd4a9c104e9731825271"
225="https://dev-boomq.pflb.ru/project-srv/project/2787"
226="https://dev-boomq.pflb.ru/project-srv/project/2787/version/3828"
227="https://dev-boomq.pflb.ru/project-srv/project/2787/version/3828/downloadLink"
228="https://dev-boomq.pflb.ru/minio/boomq/boomq/teams/13/projects/2787/v_3828.yaml?X-Amz-Algorithm=AWS4-HMAC-SHA256&X-Amz-Credential=AKIAIOSFODNN7EXAMPLE/20240618/us-east-1/s3/aws4_request&X-Amz-Date=20240618T165914Z&X-Amz-Expires=604800&X-Amz-SignedHeaders=host&X-Amz-Signature=281f1ce76965215f9f2130c6755ded86f0b23a7e3d13bd4a9c104e9731825271"
229="https://dev-boomq.pflb.ru/project-srv/project/2786"
230="https://dev-boomq.pflb.ru/project-srv/project/2786/version/3827"
231="https://dev-boomq.pflb.ru/project-srv/project/2786/version/3827/downloadLink"
232="https://dev-boomq.pflb.ru/minio/boomq/boomq/teams/13/projects/2786/v_3827.yaml?X-Amz-Algorithm=AWS4-HMAC-SHA256&X-Amz-Credential=AKIAIOSFODNN7EXAMPLE/20240618/us-east-1/s3/aws4_request&X-Amz-Date=20240618T165914Z&X-Amz-Expires=604800&X-Amz-SignedHeaders=host&X-Amz-Signature=281f1ce76965215f9f2130c6755ded86f0b23a7e3d13bd4a9c104e9731825271"
233="https://dev-boomq.pflb.ru/report-srv/report/1492"
234="https://dev-boomq.pflb.ru/report-srv/report/1492/content"
235="https://dev-boomq.pflb.ru/project-srv/project/2790"
236="https://dev-boomq.pflb.ru/project-srv/project/2790/version/3831"
237="https://dev-boomq.pflb.ru/project-srv/project/2790/version/3831/downloadLink"
238="https://dev-boomq.pflb.ru/minio/boomq/boomq/teams/13/projects/2790/v_3831.yaml?X-Amz-Algorithm=AWS4-HMAC-SHA256&X-Amz-Credential=AKIAIOSFODNN7EXAMPLE/20240618/us-east-1/s3/aws4_request&X-Amz-Date=20240618T165914Z&X-Amz-Expires=604800&X-Amz-SignedHeaders=host&X-Amz-Signature=281f1ce76965215f9f2130c6755ded86f0b23a7e3d13bd4a9c104e9731825271"
239="https://dev-boomq.pflb.ru/project-srv/project/2792"
240="https://dev-boomq.pflb.ru/project-srv/project/2792/version/3833"
241="https://dev-boomq.pflb.ru/project-srv/project/2792/version/3833/downloadLink"
242="https://dev-boomq.pflb.ru/minio/boomq/boomq/teams/13/projects/2792/v_3833.yaml?X-Amz-Algorithm=AWS4-HMAC-SHA256&X-Amz-Credential=AKIAIOSFODNN7EXAMPLE/20240618/us-east-1/s3/aws4_request&X-Amz-Date=20240618T165914Z&X-Amz-Expires=604800&X-Amz-SignedHeaders=host&X-Amz-Signature=281f1ce76965215f9f2130c6755ded86f0b23a7e3d13bd4a9c104e9731825271"
243="https://dev-boomq.pflb.ru/project-srv/project/2793"
244="https://dev-boomq.pflb.ru/project-srv/project/2793/version/3834"
245="https://dev-boomq.pflb.ru/project-srv/project/2793/version/3834/downloadLink"
246="https://dev-boomq.pflb.ru/minio/boomq/boomq/teams/13/projects/2793/v_3834.yaml?X-Amz-Algorithm=AWS4-HMAC-SHA256&X-Amz-Credential=AKIAIOSFODNN7EXAMPLE/20240618/us-east-1/s3/aws4_request&X-Amz-Date=20240618T165914Z&X-Amz-Expires=604800&X-Amz-SignedHeaders=host&X-Amz-Signature=281f1ce76965215f9f2130c6755ded86f0b23a7e3d13bd4a9c104e9731825271"
247="https://dev-boomq.pflb.ru/project-srv/project/2796"
248="https://dev-boomq.pflb.ru/project-srv/project/2796/version/3837"
249="https://dev-boomq.pflb.ru/project-srv/project/2796/version/3837/downloadLink"
250="https://dev-boomq.pflb.ru/minio/boomq/boomq/teams/13/projects/2796/v_3837.yaml?X-Amz-Algorithm=AWS4-HMAC-SHA256&X-Amz-Credential=AKIAIOSFODNN7EXAMPLE/20240618/us-east-1/s3/aws4_request&X-Amz-Date=20240618T165914Z&X-Amz-Expires=604800&X-Amz-SignedHeaders=host&X-Amz-Signature=281f1ce76965215f9f2130c6755ded86f0b23a7e3d13bd4a9c104e9731825271"
251="https://dev-boomq.pflb.ru/project-srv/project/2795"
252="https://dev-boomq.pflb.ru/project-srv/project/2795/version/3836"
253="https://dev-boomq.pflb.ru/project-srv/project/2795/version/3836/downloadLink"
254="https://dev-boomq.pflb.ru/minio/boomq/boomq/teams/13/projects/2795/v_3836.yaml?X-Amz-Algorithm=AWS4-HMAC-SHA256&X-Amz-Credential=AKIAIOSFODNN7EXAMPLE/20240618/us-east-1/s3/aws4_request&X-Amz-Date=20240618T165914Z&X-Amz-Expires=604800&X-Amz-SignedHeaders=host&X-Amz-Signature=281f1ce76965215f9f2130c6755ded86f0b23a7e3d13bd4a9c104e9731825271"
255="https://dev-boomq.pflb.ru/report-srv/report/1497"
256="https://dev-boomq.pflb.ru/report-srv/report/1497/content"
257="https://dev-boomq.pflb.ru/auth-srv/invite/NH6JnSSVw0kH5JOL_r9pI8pFSD6zfEpZCmjLKFjOoqUCbyM-mM9JCLknirC8PczisHReepKdjuqyVw4RlTgJETPCBjaQI4AfQb-PB-_1q-8="
258="https://dev-boomq.pflb.ru/project-srv/project/2800"
259="https://dev-boomq.pflb.ru/project-srv/project/2800/version/3841"
260="https://dev-boomq.pflb.ru/project-srv/project/2800/version/3841/downloadLink"
261="https://dev-boomq.pflb.ru/minio/boomq/boomq/teams/13/projects/2800/v_3841.yaml?X-Amz-Algorithm=AWS4-HMAC-SHA256&X-Amz-Credential=AKIAIOSFODNN7EXAMPLE/20240618/us-east-1/s3/aws4_request&X-Amz-Date=20240618T165914Z&X-Amz-Expires=604800&X-Amz-SignedHeaders=host&X-Amz-Signature=281f1ce76965215f9f2130c6755ded86f0b23a7e3d13bd4a9c104e9731825271"
262="https://dev-boomq.pflb.ru/project-srv/project/2798"
263="https://dev-boomq.pflb.ru/project-srv/project/2798/version/3839"
264="https://dev-boomq.pflb.ru/project-srv/project/2798/version/3839/downloadLink"
265="https://dev-boomq.pflb.ru/minio/boomq/boomq/teams/13/projects/2798/v_3839.yaml?X-Amz-Algorithm=AWS4-HMAC-SHA256&X-Amz-Credential=AKIAIOSFODNN7EXAMPLE/20240618/us-east-1/s3/aws4_request&X-Amz-Date=20240618T165914Z&X-Amz-Expires=604800&X-Amz-SignedHeaders=host&X-Amz-Signature=281f1ce76965215f9f2130c6755ded86f0b23a7e3d13bd4a9c104e9731825271"
266="https://dev-boomq.pflb.ru/project-srv/project/2803"
267="https://dev-boomq.pflb.ru/project-srv/project/2803/version/3844"
268="https://dev-boomq.pflb.ru/project-srv/project/2803/version/3844/downloadLink"
269="https://dev-boomq.pflb.ru/minio/boomq/boomq/teams/13/projects/2803/v_3844.yaml?X-Amz-Algorithm=AWS4-HMAC-SHA256&X-Amz-Credential=AKIAIOSFODNN7EXAMPLE/20240618/us-east-1/s3/aws4_request&X-Amz-Date=20240618T165914Z&X-Amz-Expires=604800&X-Amz-SignedHeaders=host&X-Amz-Signature=281f1ce76965215f9f2130c6755ded86f0b23a7e3d13bd4a9c104e9731825271"
270="https://dev-boomq.pflb.ru/project-srv/project/2797"
271="https://dev-boomq.pflb.ru/project-srv/project/2797/version/3838"
272="https://dev-boomq.pflb.ru/project-srv/project/2797/version/3838/downloadLink"
273="https://dev-boomq.pflb.ru/minio/boomq/boomq/teams/13/projects/2797/v_3838.yaml?X-Amz-Algorithm=AWS4-HMAC-SHA256&X-Amz-Credential=AKIAIOSFODNN7EXAMPLE/20240618/us-east-1/s3/aws4_request&X-Amz-Date=20240618T165914Z&X-Amz-Expires=604800&X-Amz-SignedHeaders=host&X-Amz-Signature=281f1ce76965215f9f2130c6755ded86f0b23a7e3d13bd4a9c104e9731825271"
274="https://dev-boomq.pflb.ru/report-srv/report/1502"
275="https://dev-boomq.pflb.ru/report-srv/report/1502/content"
276="https://dev-boomq.pflb.ru/project-srv/project/2805"
277="https://dev-boomq.pflb.ru/project-srv/project/2805/version/3846"
278="https://dev-boomq.pflb.ru/project-srv/project/2805/version/3846/downloadLink"
279="https://dev-boomq.pflb.ru/minio/boomq/boomq/teams/13/projects/2805/v_3846.yaml?X-Amz-Algorithm=AWS4-HMAC-SHA256&X-Amz-Credential=AKIAIOSFODNN7EXAMPLE/20240618/us-east-1/s3/aws4_request&X-Amz-Date=20240618T165914Z&X-Amz-Expires=604800&X-Amz-SignedHeaders=host&X-Amz-Signature=281f1ce76965215f9f2130c6755ded86f0b23a7e3d13bd4a9c104e9731825271"
280="https://dev-boomq.pflb.ru/project-srv/project/2802"
281="https://dev-boomq.pflb.ru/project-srv/project/2802/version/3843"
282="https://dev-boomq.pflb.ru/project-srv/project/2802/version/3843/downloadLink"
283="https://dev-boomq.pflb.ru/minio/boomq/boomq/teams/13/projects/2802/v_3843.yaml?X-Amz-Algorithm=AWS4-HMAC-SHA256&X-Amz-Credential=AKIAIOSFODNN7EXAMPLE/20240618/us-east-1/s3/aws4_request&X-Amz-Date=20240618T165914Z&X-Amz-Expires=604800&X-Amz-SignedHeaders=host&X-Amz-Signature=281f1ce76965215f9f2130c6755ded86f0b23a7e3d13bd4a9c104e9731825271"
284="https://dev-boomq.pflb.ru/project-srv/project/2808"
285="https://dev-boomq.pflb.ru/project-srv/project/2808/version/3849"
286="https://dev-boomq.pflb.ru/project-srv/project/2808/version/3849/downloadLink"
287="https://dev-boomq.pflb.ru/minio/boomq/boomq/teams/13/projects/2808/v_3849.yaml?X-Amz-Algorithm=AWS4-HMAC-SHA256&X-Amz-Credential=AKIAIOSFODNN7EXAMPLE/20240618/us-east-1/s3/aws4_request&X-Amz-Date=20240618T165914Z&X-Amz-Expires=604800&X-Amz-SignedHeaders=host&X-Amz-Signature=281f1ce76965215f9f2130c6755ded86f0b23a7e3d13bd4a9c104e9731825271"
288="https://dev-boomq.pflb.ru/project-srv/project/2806"
289="https://dev-boomq.pflb.ru/project-srv/project/2806/version/3847"
290="https://dev-boomq.pflb.ru/project-srv/project/2806/version/3847/downloadLink"
291="https://dev-boomq.pflb.ru/minio/boomq/boomq/teams/13/projects/2806/v_3847.yaml?X-Amz-Algorithm=AWS4-HMAC-SHA256&X-Amz-Credential=AKIAIOSFODNN7EXAMPLE/20240618/us-east-1/s3/aws4_request&X-Amz-Date=20240618T165914Z&X-Amz-Expires=604800&X-Amz-SignedHeaders=host&X-Amz-Signature=281f1ce76965215f9f2130c6755ded86f0b23a7e3d13bd4a9c104e9731825271"
292="https://dev-boomq.pflb.ru/project-srv/project/2812"
293="https://dev-boomq.pflb.ru/project-srv/project/2812/version/3853"
294="https://dev-boomq.pflb.ru/project-srv/project/2812/version/3853/downloadLink"
295="https://dev-boomq.pflb.ru/minio/boomq/boomq/teams/13/projects/2812/v_3853.yaml?X-Amz-Algorithm=AWS4-HMAC-SHA256&X-Amz-Credential=AKIAIOSFODNN7EXAMPLE/20240618/us-east-1/s3/aws4_request&X-Amz-Date=20240618T165914Z&X-Amz-Expires=604800&X-Amz-SignedHeaders=host&X-Amz-Signature=281f1ce76965215f9f2130c6755ded86f0b23a7e3d13bd4a9c104e9731825271"
296="https://dev-boomq.pflb.ru/project-srv/project/2809"
297="https://dev-boomq.pflb.ru/project-srv/project/2809/version/3850"
298="https://dev-boomq.pflb.ru/project-srv/project/2809/version/3850/downloadLink"
299="https://dev-boomq.pflb.ru/minio/boomq/boomq/teams/13/projects/2809/v_3850.yaml?X-Amz-Algorithm=AWS4-HMAC-SHA256&X-Amz-Credential=AKIAIOSFODNN7EXAMPLE/20240618/us-east-1/s3/aws4_request&X-Amz-Date=20240618T165914Z&X-Amz-Expires=604800&X-Amz-SignedHeaders=host&X-Amz-Signature=281f1ce76965215f9f2130c6755ded86f0b23a7e3d13bd4a9c104e9731825271"
300="https://dev-boomq.pflb.ru/report-srv/report/1508"
301="https://dev-boomq.pflb.ru/report-srv/report/1508/content"
302="https://dev-boomq.pflb.ru/project-srv/project/2811"
303="https://dev-boomq.pflb.ru/project-srv/project/2811/version/3852"
304="https://dev-boomq.pflb.ru/project-srv/project/2811/version/3852/downloadLink"
305="https://dev-boomq.pflb.ru/minio/boomq/boomq/teams/13/projects/2811/v_3852.yaml?X-Amz-Algorithm=AWS4-HMAC-SHA256&X-Amz-Credential=AKIAIOSFODNN7EXAMPLE/20240618/us-east-1/s3/aws4_request&X-Amz-Date=20240618T165914Z&X-Amz-Expires=604800&X-Amz-SignedHeaders=host&X-Amz-Signature=281f1ce76965215f9f2130c6755ded86f0b23a7e3d13bd4a9c104e9731825271"
306="https://dev-boomq.pflb.ru/project-srv/project/2816"
307="https://dev-boomq.pflb.ru/project-srv/project/2816/version/3857"
308="https://dev-boomq.pflb.ru/project-srv/project/2816/version/3857/downloadLink"
309="https://dev-boomq.pflb.ru/minio/boomq/boomq/teams/13/projects/2816/v_3857.yaml?X-Amz-Algorithm=AWS4-HMAC-SHA256&X-Amz-Credential=AKIAIOSFODNN7EXAMPLE/20240618/us-east-1/s3/aws4_request&X-Amz-Date=20240618T165914Z&X-Amz-Expires=604800&X-Amz-SignedHeaders=host&X-Amz-Signature=281f1ce76965215f9f2130c6755ded86f0b23a7e3d13bd4a9c104e9731825271"
310="https://dev-boomq.pflb.ru/project-srv/project/2814"
311="https://dev-boomq.pflb.ru/project-srv/project/2814/version/3855"
312="https://dev-boomq.pflb.ru/project-srv/project/2814/version/3855/downloadLink"
313="https://dev-boomq.pflb.ru/minio/boomq/boomq/teams/13/projects/2814/v_3855.yaml?X-Amz-Algorithm=AWS4-HMAC-SHA256&X-Amz-Credential=AKIAIOSFODNN7EXAMPLE/20240618/us-east-1/s3/aws4_request&X-Amz-Date=20240618T165914Z&X-Amz-Expires=604800&X-Amz-SignedHeaders=host&X-Amz-Signature=281f1ce76965215f9f2130c6755ded86f0b23a7e3d13bd4a9c104e9731825271"
314="https://dev-boomq.pflb.ru/project-srv/project/2820"
315="https://dev-boomq.pflb.ru/project-srv/project/2820/version/3861"
316="https://dev-boomq.pflb.ru/project-srv/project/2820/version/3861/downloadLink"
317="https://dev-boomq.pflb.ru/minio/boomq/boomq/teams/13/projects/2820/v_3861.yaml?X-Amz-Algorithm=AWS4-HMAC-SHA256&X-Amz-Credential=AKIAIOSFODNN7EXAMPLE/20240618/us-east-1/s3/aws4_request&X-Amz-Date=20240618T165914Z&X-Amz-Expires=604800&X-Amz-SignedHeaders=host&X-Amz-Signature=281f1ce76965215f9f2130c6755ded86f0b23a7e3d13bd4a9c104e9731825271"
318="https://dev-boomq.pflb.ru/project-srv/project/2822"
319="https://dev-boomq.pflb.ru/project-srv/project/2822/version/3863"
320="https://dev-boomq.pflb.ru/project-srv/project/2822/version/3863/downloadLink"
321="https://dev-boomq.pflb.ru/minio/boomq/boomq/teams/13/projects/2822/v_3863.yaml?X-Amz-Algorithm=AWS4-HMAC-SHA256&X-Amz-Credential=AKIAIOSFODNN7EXAMPLE/20240618/us-east-1/s3/aws4_request&X-Amz-Date=20240618T165914Z&X-Amz-Expires=604800&X-Amz-SignedHeaders=host&X-Amz-Signature=281f1ce76965215f9f2130c6755ded86f0b23a7e3d13bd4a9c104e9731825271"
322="https://dev-boomq.pflb.ru/report-srv/report/1514"
323="https://dev-boomq.pflb.ru/report-srv/report/1514/content"
324="https://dev-boomq.pflb.ru/project-srv/project/2824"
325="https://dev-boomq.pflb.ru/project-srv/project/2824/version/3865"
326="https://dev-boomq.pflb.ru/project-srv/project/2824/version/3865/downloadLink"
327="https://dev-boomq.pflb.ru/minio/boomq/boomq/teams/13/projects/2824/v_3865.yaml?X-Amz-Algorithm=AWS4-HMAC-SHA256&X-Amz-Credential=AKIAIOSFODNN7EXAMPLE/20240618/us-east-1/s3/aws4_request&X-Amz-Date=20240618T165914Z&X-Amz-Expires=604800&X-Amz-SignedHeaders=host&X-Amz-Signature=281f1ce76965215f9f2130c6755ded86f0b23a7e3d13bd4a9c104e9731825271"
328="https://dev-boomq.pflb.ru/project-srv/project/2821"
329="https://dev-boomq.pflb.ru/project-srv/project/2821/version/3862"
330="https://dev-boomq.pflb.ru/project-srv/project/2821/version/3862/downloadLink"
331="https://dev-boomq.pflb.ru/minio/boomq/boomq/teams/13/projects/2821/v_3862.yaml?X-Amz-Algorithm=AWS4-HMAC-SHA256&X-Amz-Credential=AKIAIOSFODNN7EXAMPLE/20240618/us-east-1/s3/aws4_request&X-Amz-Date=20240618T165914Z&X-Amz-Expires=604800&X-Amz-SignedHeaders=host&X-Amz-Signature=281f1ce76965215f9f2130c6755ded86f0b23a7e3d13bd4a9c104e9731825271"
332="https://dev-boomq.pflb.ru/project-srv/project/2823"
333="https://dev-boomq.pflb.ru/project-srv/project/2823/version/3864"
334="https://dev-boomq.pflb.ru/project-srv/project/2823/version/3864/downloadLink"
335="https://dev-boomq.pflb.ru/minio/boomq/boomq/teams/13/projects/2823/v_3864.yaml?X-Amz-Algorithm=AWS4-HMAC-SHA256&X-Amz-Credential=AKIAIOSFODNN7EXAMPLE/20240618/us-east-1/s3/aws4_request&X-Amz-Date=20240618T165914Z&X-Amz-Expires=604800&X-Amz-SignedHeaders=host&X-Amz-Signature=281f1ce76965215f9f2130c6755ded86f0b23a7e3d13bd4a9c104e9731825271"
336="https://dev-boomq.pflb.ru/project-srv/project/2825"
337="https://dev-boomq.pflb.ru/project-srv/project/2825/version/3866"
338="https://dev-boomq.pflb.ru/project-srv/project/2825/version/3866/downloadLink"
339="https://dev-boomq.pflb.ru/minio/boomq/boomq/teams/13/projects/2825/v_3866.yaml?X-Amz-Algorithm=AWS4-HMAC-SHA256&X-Amz-Credential=AKIAIOSFODNN7EXAMPLE/20240618/us-east-1/s3/aws4_request&X-Amz-Date=20240618T165914Z&X-Amz-Expires=604800&X-Amz-SignedHeaders=host&X-Amz-Signature=281f1ce76965215f9f2130c6755ded86f0b23a7e3d13bd4a9c104e9731825271"
340="https://dev-boomq.pflb.ru/project-srv/project/2826"
341="https://dev-boomq.pflb.ru/project-srv/project/2826/version/3867"
342="https://dev-boomq.pflb.ru/project-srv/project/2826/version/3867/downloadLink"
343="https://dev-boomq.pflb.ru/minio/boomq/boomq/teams/13/projects/2826/v_3867.yaml?X-Amz-Algorithm=AWS4-HMAC-SHA256&X-Amz-Credential=AKIAIOSFODNN7EXAMPLE/20240618/us-east-1/s3/aws4_request&X-Amz-Date=20240618T165914Z&X-Amz-Expires=604800&X-Amz-SignedHeaders=host&X-Amz-Signature=281f1ce76965215f9f2130c6755ded86f0b23a7e3d13bd4a9c104e9731825271"
344="https://dev-boomq.pflb.ru/report-srv/report/1520"
345="https://dev-boomq.pflb.ru/report-srv/report/1520/content"
346="https://dev-boomq.pflb.ru/project-srv/project/2829"
347="https://dev-boomq.pflb.ru/project-srv/project/2829/version/3870"
348="https://dev-boomq.pflb.ru/project-srv/project/2829/version/3870/downloadLink"
349="https://dev-boomq.pflb.ru/minio/boomq/boomq/teams/13/projects/2829/v_3870.yaml?X-Amz-Algorithm=AWS4-HMAC-SHA256&X-Amz-Credential=AKIAIOSFODNN7EXAMPLE/20240618/us-east-1/s3/aws4_request&X-Amz-Date=20240618T165914Z&X-Amz-Expires=604800&X-Amz-SignedHeaders=host&X-Amz-Signature=281f1ce76965215f9f2130c6755ded86f0b23a7e3d13bd4a9c104e9731825271"
350="https://dev-boomq.pflb.ru/auth-srv/invite/RxxYkgvcHPbHazm9FiZSU_fhjCix_FvxE0y0AwSS1sCE3P77zks8s0-TuegvB5vsbJpE_gu_JTTzuSX3SQxuW3eWimTSpqsJ4nF4m8d9Pwc="
351="https://dev-boomq.pflb.ru/project-srv/project/2835"
352="https://dev-boomq.pflb.ru/project-srv/project/2835/version/3876"
353="https://dev-boomq.pflb.ru/project-srv/project/2835/version/3876/downloadLink"
354="https://dev-boomq.pflb.ru/minio/boomq/boomq/teams/13/projects/2835/v_3876.yaml?X-Amz-Algorithm=AWS4-HMAC-SHA256&X-Amz-Credential=AKIAIOSFODNN7EXAMPLE/20240618/us-east-1/s3/aws4_request&X-Amz-Date=20240618T165914Z&X-Amz-Expires=604800&X-Amz-SignedHeaders=host&X-Amz-Signature=281f1ce76965215f9f2130c6755ded86f0b23a7e3d13bd4a9c104e9731825271"
355="https://dev-boomq.pflb.ru/project-srv/project/2832"
356="https://dev-boomq.pflb.ru/project-srv/project/2832/version/3873"
357="https://dev-boomq.pflb.ru/project-srv/project/2832/version/3873/downloadLink"
358="https://dev-boomq.pflb.ru/minio/boomq/boomq/teams/13/projects/2832/v_3873.yaml?X-Amz-Algorithm=AWS4-HMAC-SHA256&X-Amz-Credential=AKIAIOSFODNN7EXAMPLE/20240618/us-east-1/s3/aws4_request&X-Amz-Date=20240618T165914Z&X-Amz-Expires=604800&X-Amz-SignedHeaders=host&X-Amz-Signature=281f1ce76965215f9f2130c6755ded86f0b23a7e3d13bd4a9c104e9731825271"
359="https://dev-boomq.pflb.ru/project-srv/project/2838"
360="https://dev-boomq.pflb.ru/project-srv/project/2838/version/3879"
361="https://dev-boomq.pflb.ru/project-srv/project/2838/version/3879/downloadLink"
362="https://dev-boomq.pflb.ru/minio/boomq/boomq/teams/13/projects/2838/v_3879.yaml?X-Amz-Algorithm=AWS4-HMAC-SHA256&X-Amz-Credential=AKIAIOSFODNN7EXAMPLE/20240618/us-east-1/s3/aws4_request&X-Amz-Date=20240618T165914Z&X-Amz-Expires=604800&X-Amz-SignedHeaders=host&X-Amz-Signature=281f1ce76965215f9f2130c6755ded86f0b23a7e3d13bd4a9c104e9731825271"
363="https://dev-boomq.pflb.ru/project-srv/project/2833"
364="https://dev-boomq.pflb.ru/project-srv/project/2833/version/3874"
365="https://dev-boomq.pflb.ru/project-srv/project/2833/version/3874/downloadLink"
366="https://dev-boomq.pflb.ru/minio/boomq/boomq/teams/13/projects/2833/v_3874.yaml?X-Amz-Algorithm=AWS4-HMAC-SHA256&X-Amz-Credential=AKIAIOSFODNN7EXAMPLE/20240618/us-east-1/s3/aws4_request&X-Amz-Date=20240618T165914Z&X-Amz-Expires=604800&X-Amz-SignedHeaders=host&X-Amz-Signature=281f1ce76965215f9f2130c6755ded86f0b23a7e3d13bd4a9c104e9731825271"
367="https://dev-boomq.pflb.ru/project-srv/project/2841"
368="https://dev-boomq.pflb.ru/project-srv/project/2841/version/3882"
369="https://dev-boomq.pflb.ru/project-srv/project/2841/version/3882/downloadLink"
370="https://dev-boomq.pflb.ru/minio/boomq/boomq/teams/13/projects/2841/v_3882.yaml?X-Amz-Algorithm=AWS4-HMAC-SHA256&X-Amz-Credential=AKIAIOSFODNN7EXAMPLE/20240618/us-east-1/s3/aws4_request&X-Amz-Date=20240618T165914Z&X-Amz-Expires=604800&X-Amz-SignedHeaders=host&X-Amz-Signature=281f1ce76965215f9f2130c6755ded86f0b23a7e3d13bd4a9c104e9731825271"
371="https://dev-boomq.pflb.ru/project-srv/project/2837"
372="https://dev-boomq.pflb.ru/project-srv/project/2837/version/3878"
373="https://dev-boomq.pflb.ru/project-srv/project/2837/version/3878/downloadLink"
374="https://dev-boomq.pflb.ru/minio/boomq/boomq/teams/13/projects/2837/v_3878.yaml?X-Amz-Algorithm=AWS4-HMAC-SHA256&X-Amz-Credential=AKIAIOSFODNN7EXAMPLE/20240618/us-east-1/s3/aws4_request&X-Amz-Date=20240618T165914Z&X-Amz-Expires=604800&X-Amz-SignedHeaders=host&X-Amz-Signature=281f1ce76965215f9f2130c6755ded86f0b23a7e3d13bd4a9c104e9731825271"
375="https://dev-boomq.pflb.ru/report-srv/report/1528"
376="https://dev-boomq.pflb.ru/report-srv/report/1528/content"
377="https://dev-boomq.pflb.ru/project-srv/project/2845"
378="https://dev-boomq.pflb.ru/project-srv/project/2845/version/3886"
379="https://dev-boomq.pflb.ru/project-srv/project/2845/version/3886/downloadLink"
380="https://dev-boomq.pflb.ru/minio/boomq/boomq/teams/13/projects/2845/v_3886.yaml?X-Amz-Algorithm=AWS4-HMAC-SHA256&X-Amz-Credential=AKIAIOSFODNN7EXAMPLE/20240618/us-east-1/s3/aws4_request&X-Amz-Date=20240618T165914Z&X-Amz-Expires=604800&X-Amz-SignedHeaders=host&X-Amz-Signature=281f1ce76965215f9f2130c6755ded86f0b23a7e3d13bd4a9c104e9731825271"
381="https://dev-boomq.pflb.ru/project-srv/project/2842"
382="https://dev-boomq.pflb.ru/project-srv/project/2842/version/3883"
383="https://dev-boomq.pflb.ru/project-srv/project/2842/version/3883/downloadLink"
384="https://dev-boomq.pflb.ru/minio/boomq/boomq/teams/13/projects/2842/v_3883.yaml?X-Amz-Algorithm=AWS4-HMAC-SHA256&X-Amz-Credential=AKIAIOSFODNN7EXAMPLE/20240618/us-east-1/s3/aws4_request&X-Amz-Date=20240618T165914Z&X-Amz-Expires=604800&X-Amz-SignedHeaders=host&X-Amz-Signature=281f1ce76965215f9f2130c6755ded86f0b23a7e3d13bd4a9c104e9731825271"
385="https://dev-boomq.pflb.ru/project-srv/project/2850"
386="https://dev-boomq.pflb.ru/project-srv/project/2850/version/3891"
387="https://dev-boomq.pflb.ru/project-srv/project/2850/version/3891/downloadLink"
388="https://dev-boomq.pflb.ru/minio/boomq/boomq/teams/13/projects/2850/v_3891.yaml?X-Amz-Algorithm=AWS4-HMAC-SHA256&X-Amz-Credential=AKIAIOSFODNN7EXAMPLE/20240618/us-east-1/s3/aws4_request&X-Amz-Date=20240618T165914Z&X-Amz-Expires=604800&X-Amz-SignedHeaders=host&X-Amz-Signature=281f1ce76965215f9f2130c6755ded86f0b23a7e3d13bd4a9c104e9731825271"
389="https://dev-boomq.pflb.ru/project-srv/project/2849"
390="https://dev-boomq.pflb.ru/project-srv/project/2849/version/3890"
391="https://dev-boomq.pflb.ru/project-srv/project/2849/version/3890/downloadLink"
392="https://dev-boomq.pflb.ru/minio/boomq/boomq/teams/13/projects/2849/v_3890.yaml?X-Amz-Algorithm=AWS4-HMAC-SHA256&X-Amz-Credential=AKIAIOSFODNN7EXAMPLE/20240618/us-east-1/s3/aws4_request&X-Amz-Date=20240618T165914Z&X-Amz-Expires=604800&X-Amz-SignedHeaders=host&X-Amz-Signature=281f1ce76965215f9f2130c6755ded86f0b23a7e3d13bd4a9c104e9731825271"
393="https://dev-boomq.pflb.ru/project-srv/project/2851"
394="https://dev-boomq.pflb.ru/project-srv/project/2851/version/3892"
395="https://dev-boomq.pflb.ru/project-srv/project/2851/version/3892/downloadLink"
396="https://dev-boomq.pflb.ru/minio/boomq/boomq/teams/13/projects/2851/v_3892.yaml?X-Amz-Algorithm=AWS4-HMAC-SHA256&X-Amz-Credential=AKIAIOSFODNN7EXAMPLE/20240618/us-east-1/s3/aws4_request&X-Amz-Date=20240618T165914Z&X-Amz-Expires=604800&X-Amz-SignedHeaders=host&X-Amz-Signature=281f1ce76965215f9f2130c6755ded86f0b23a7e3d13bd4a9c104e9731825271"
397="https://dev-boomq.pflb.ru/report-srv/report/1535"
398="https://dev-boomq.pflb.ru/report-srv/report/1535/content"
399="https://dev-boomq.pflb.ru/project-srv/project/2858"
400="https://dev-boomq.pflb.ru/project-srv/project/2858/version/3899"
401="https://dev-boomq.pflb.ru/project-srv/project/2858/version/3899/downloadLink"
402="https://dev-boomq.pflb.ru/minio/boomq/boomq/teams/13/projects/2858/v_3899.yaml?X-Amz-Algorithm=AWS4-HMAC-SHA256&X-Amz-Credential=AKIAIOSFODNN7EXAMPLE/20240618/us-east-1/s3/aws4_request&X-Amz-Date=20240618T165914Z&X-Amz-Expires=604800&X-Amz-SignedHeaders=host&X-Amz-Signature=281f1ce76965215f9f2130c6755ded86f0b23a7e3d13bd4a9c104e9731825271"
403="https://dev-boomq.pflb.ru/project-srv/project/2853"
404="https://dev-boomq.pflb.ru/project-srv/project/2853/version/3894"
405="https://dev-boomq.pflb.ru/project-srv/project/2853/version/3894/downloadLink"
406="https://dev-boomq.pflb.ru/minio/boomq/boomq/teams/13/projects/2853/v_3894.yaml?X-Amz-Algorithm=AWS4-HMAC-SHA256&X-Amz-Credential=AKIAIOSFODNN7EXAMPLE/20240618/us-east-1/s3/aws4_request&X-Amz-Date=20240618T165914Z&X-Amz-Expires=604800&X-Amz-SignedHeaders=host&X-Amz-Signature=281f1ce76965215f9f2130c6755ded86f0b23a7e3d13bd4a9c104e9731825271"
407="https://dev-boomq.pflb.ru/project-srv/project/2856"
408="https://dev-boomq.pflb.ru/project-srv/project/2856/version/3897"
409="https://dev-boomq.pflb.ru/project-srv/project/2856/version/3897/downloadLink"
410="https://dev-boomq.pflb.ru/minio/boomq/boomq/teams/13/projects/2856/v_3897.yaml?X-Amz-Algorithm=AWS4-HMAC-SHA256&X-Amz-Credential=AKIAIOSFODNN7EXAMPLE/20240618/us-east-1/s3/aws4_request&X-Amz-Date=20240618T165914Z&X-Amz-Expires=604800&X-Amz-SignedHeaders=host&X-Amz-Signature=281f1ce76965215f9f2130c6755ded86f0b23a7e3d13bd4a9c104e9731825271"
411="https://dev-boomq.pflb.ru/project-srv/project/2861"
412="https://dev-boomq.pflb.ru/project-srv/project/2861/version/3902"
413="https://dev-boomq.pflb.ru/project-srv/project/2861/version/3902/downloadLink"
414="https://dev-boomq.pflb.ru/minio/boomq/boomq/teams/13/projects/2861/v_3902.yaml?X-Amz-Algorithm=AWS4-HMAC-SHA256&X-Amz-Credential=AKIAIOSFODNN7EXAMPLE/20240618/us-east-1/s3/aws4_request&X-Amz-Date=20240618T165914Z&X-Amz-Expires=604800&X-Amz-SignedHeaders=host&X-Amz-Signature=281f1ce76965215f9f2130c6755ded86f0b23a7e3d13bd4a9c104e9731825271"
415="https://dev-boomq.pflb.ru/report-srv/report/1543"
416="https://dev-boomq.pflb.ru/report-srv/report/1543/content"
417="https://dev-boomq.pflb.ru/project-srv/project/2864"
418="https://dev-boomq.pflb.ru/project-srv/project/2864/version/3905"
419="https://dev-boomq.pflb.ru/project-srv/project/2864/version/3905/downloadLink"
420="https://dev-boomq.pflb.ru/minio/boomq/boomq/teams/13/projects/2864/v_3905.yaml?X-Amz-Algorithm=AWS4-HMAC-SHA256&X-Amz-Credential=AKIAIOSFODNN7EXAMPLE/20240618/us-east-1/s3/aws4_request&X-Amz-Date=20240618T165914Z&X-Amz-Expires=604800&X-Amz-SignedHeaders=host&X-Amz-Signature=281f1ce76965215f9f2130c6755ded86f0b23a7e3d13bd4a9c104e9731825271"
421="https://dev-boomq.pflb.ru/project-srv/project/2866"
422="https://dev-boomq.pflb.ru/project-srv/project/2866/version/3907"
423="https://dev-boomq.pflb.ru/project-srv/project/2866/version/3907/downloadLink"
424="https://dev-boomq.pflb.ru/minio/boomq/boomq/teams/13/projects/2866/v_3907.yaml?X-Amz-Algorithm=AWS4-HMAC-SHA256&X-Amz-Credential=AKIAIOSFODNN7EXAMPLE/20240618/us-east-1/s3/aws4_request&X-Amz-Date=20240618T165914Z&X-Amz-Expires=604800&X-Amz-SignedHeaders=host&X-Amz-Signature=281f1ce76965215f9f2130c6755ded86f0b23a7e3d13bd4a9c104e9731825271"
425="https://dev-boomq.pflb.ru/project-srv/project/2868"
426="https://dev-boomq.pflb.ru/project-srv/project/2868/version/3909"
427="https://dev-boomq.pflb.ru/project-srv/project/2868/version/3909/downloadLink"
428="https://dev-boomq.pflb.ru/minio/boomq/boomq/teams/13/projects/2868/v_3909.yaml?X-Amz-Algorithm=AWS4-HMAC-SHA256&X-Amz-Credential=AKIAIOSFODNN7EXAMPLE/20240618/us-east-1/s3/aws4_request&X-Amz-Date=20240618T165914Z&X-Amz-Expires=604800&X-Amz-SignedHeaders=host&X-Amz-Signature=281f1ce76965215f9f2130c6755ded86f0b23a7e3d13bd4a9c104e9731825271"
429="https://dev-boomq.pflb.ru/project-srv/project/2869"
430="https://dev-boomq.pflb.ru/project-srv/project/2869/version/3910"
431="https://dev-boomq.pflb.ru/project-srv/project/2869/version/3910/downloadLink"
432="https://dev-boomq.pflb.ru/minio/boomq/boomq/teams/13/projects/2869/v_3910.yaml?X-Amz-Algorithm=AWS4-HMAC-SHA256&X-Amz-Credential=AKIAIOSFODNN7EXAMPLE/20240618/us-east-1/s3/aws4_request&X-Amz-Date=20240618T165914Z&X-Amz-Expires=604800&X-Amz-SignedHeaders=host&X-Amz-Signature=281f1ce76965215f9f2130c6755ded86f0b23a7e3d13bd4a9c104e9731825271"
433="https://dev-boomq.pflb.ru/project-srv/project/2867"
434="https://dev-boomq.pflb.ru/project-srv/project/2867/version/3908"
435="https://dev-boomq.pflb.ru/project-srv/project/2867/version/3908/downloadLink"
436="https://dev-boomq.pflb.ru/minio/boomq/boomq/teams/13/projects/2867/v_3908.yaml?X-Amz-Algorithm=AWS4-HMAC-SHA256&X-Amz-Credential=AKIAIOSFODNN7EXAMPLE/20240618/us-east-1/s3/aws4_request&X-Amz-Date=20240618T165914Z&X-Amz-Expires=604800&X-Amz-SignedHeaders=host&X-Amz-Signature=281f1ce76965215f9f2130c6755ded86f0b23a7e3d13bd4a9c104e9731825271"
437="https://dev-boomq.pflb.ru/report-srv/report/1549"
438="https://dev-boomq.pflb.ru/report-srv/report/1549/content"
439="https://dev-boomq.pflb.ru/auth-srv/invite/qDOGjZr_cy0S34Hg4k5_-I_Kq_IgKXPP9drFp4lLk2zUX6c4jK3smd_D5HUFq0E_6wGK5_69_UMkmfreuv-3d4M_EDQYdLW41DfgiUR9D2M="
440="https://dev-boomq.pflb.ru/project-srv/project/2879"
441="https://dev-boomq.pflb.ru/project-srv/project/2879/version/3920"
442="https://dev-boomq.pflb.ru/project-srv/project/2879/version/3920/downloadLink"
443="https://dev-boomq.pflb.ru/minio/boomq/boomq/teams/13/projects/2879/v_3920.yaml?X-Amz-Algorithm=AWS4-HMAC-SHA256&X-Amz-Credential=AKIAIOSFODNN7EXAMPLE/20240618/us-east-1/s3/aws4_request&X-Amz-Date=20240618T165914Z&X-Amz-Expires=604800&X-Amz-SignedHeaders=host&X-Amz-Signature=281f1ce76965215f9f2130c6755ded86f0b23a7e3d13bd4a9c104e9731825271"
444="https://dev-boomq.pflb.ru/project-srv/project/2880"
445="https://dev-boomq.pflb.ru/project-srv/project/2880/version/3921"
446="https://dev-boomq.pflb.ru/project-srv/project/2880/version/3921/downloadLink"
447="https://dev-boomq.pflb.ru/minio/boomq/boomq/teams/13/projects/2880/v_3921.yaml?X-Amz-Algorithm=AWS4-HMAC-SHA256&X-Amz-Credential=AKIAIOSFODNN7EXAMPLE/20240618/us-east-1/s3/aws4_request&X-Amz-Date=20240618T165914Z&X-Amz-Expires=604800&X-Amz-SignedHeaders=host&X-Amz-Signature=281f1ce76965215f9f2130c6755ded86f0b23a7e3d13bd4a9c104e9731825271"
448="https://dev-boomq.pflb.ru/project-srv/project/2881"
449="https://dev-boomq.pflb.ru/project-srv/project/2881/version/3922"
450="https://dev-boomq.pflb.ru/project-srv/project/2881/version/3922/downloadLink"
451="https://dev-boomq.pflb.ru/minio/boomq/boomq/teams/13/projects/2881/v_3922.yaml?X-Amz-Algorithm=AWS4-HMAC-SHA256&X-Amz-Credential=AKIAIOSFODNN7EXAMPLE/20240618/us-east-1/s3/aws4_request&X-Amz-Date=20240618T165914Z&X-Amz-Expires=604800&X-Amz-SignedHeaders=host&X-Amz-Signature=281f1ce76965215f9f2130c6755ded86f0b23a7e3d13bd4a9c104e9731825271"
452="https://dev-boomq.pflb.ru/project-srv/project/2882"
453="https://dev-boomq.pflb.ru/project-srv/project/2882/version/3923"
454="https://dev-boomq.pflb.ru/project-srv/project/2882/version/3923/downloadLink"
455="https://dev-boomq.pflb.ru/minio/boomq/boomq/teams/13/projects/2882/v_3923.yaml?X-Amz-Algorithm=AWS4-HMAC-SHA256&X-Amz-Credential=AKIAIOSFODNN7EXAMPLE/20240618/us-east-1/s3/aws4_request&X-Amz-Date=20240618T165914Z&X-Amz-Expires=604800&X-Amz-SignedHeaders=host&X-Amz-Signature=281f1ce76965215f9f2130c6755ded86f0b23a7e3d13bd4a9c104e9731825271"
456="https://dev-boomq.pflb.ru/project-srv/project/2883"
457="https://dev-boomq.pflb.ru/project-srv/project/2883/version/3924"
458="https://dev-boomq.pflb.ru/project-srv/project/2883/version/3924/downloadLink"
459="https://dev-boomq.pflb.ru/minio/boomq/boomq/teams/13/projects/2883/v_3924.yaml?X-Amz-Algorithm=AWS4-HMAC-SHA256&X-Amz-Credential=AKIAIOSFODNN7EXAMPLE/20240618/us-east-1/s3/aws4_request&X-Amz-Date=20240618T165914Z&X-Amz-Expires=604800&X-Amz-SignedHeaders=host&X-Amz-Signature=281f1ce76965215f9f2130c6755ded86f0b23a7e3d13bd4a9c104e9731825271"
460="https://dev-boomq.pflb.ru/project-srv/project/2885"
461="https://dev-boomq.pflb.ru/project-srv/project/2885/version/3926"
462="https://dev-boomq.pflb.ru/project-srv/project/2885/version/3926/downloadLink"
463="https://dev-boomq.pflb.ru/minio/boomq/boomq/teams/13/projects/2885/v_3926.yaml?X-Amz-Algorithm=AWS4-HMAC-SHA256&X-Amz-Credential=AKIAIOSFODNN7EXAMPLE/20240618/us-east-1/s3/aws4_request&X-Amz-Date=20240618T165914Z&X-Amz-Expires=604800&X-Amz-SignedHeaders=host&X-Amz-Signature=281f1ce76965215f9f2130c6755ded86f0b23a7e3d13bd4a9c104e9731825271"
464="https://dev-boomq.pflb.ru/report-srv/report/1557"
465="https://dev-boomq.pflb.ru/report-srv/report/1557/content"
466="https://dev-boomq.pflb.ru/project-srv/project/2889"
467="https://dev-boomq.pflb.ru/project-srv/project/2889/version/3930"
468="https://dev-boomq.pflb.ru/project-srv/project/2889/version/3930/downloadLink"
469="https://dev-boomq.pflb.ru/minio/boomq/boomq/teams/13/projects/2889/v_3930.yaml?X-Amz-Algorithm=AWS4-HMAC-SHA256&X-Amz-Credential=AKIAIOSFODNN7EXAMPLE/20240618/us-east-1/s3/aws4_request&X-Amz-Date=20240618T165914Z&X-Amz-Expires=604800&X-Amz-SignedHeaders=host&X-Amz-Signature=281f1ce76965215f9f2130c6755ded86f0b23a7e3d13bd4a9c104e9731825271"
470="https://dev-boomq.pflb.ru/project-srv/project/2887"
471="https://dev-boomq.pflb.ru/project-srv/project/2887/version/3928"
472="https://dev-boomq.pflb.ru/project-srv/project/2887/version/3928/downloadLink"
473="https://dev-boomq.pflb.ru/minio/boomq/boomq/teams/13/projects/2887/v_3928.yaml?X-Amz-Algorithm=AWS4-HMAC-SHA256&X-Amz-Credential=AKIAIOSFODNN7EXAMPLE/20240618/us-east-1/s3/aws4_request&X-Amz-Date=20240618T165914Z&X-Amz-Expires=604800&X-Amz-SignedHeaders=host&X-Amz-Signature=281f1ce76965215f9f2130c6755ded86f0b23a7e3d13bd4a9c104e9731825271"
474="https://dev-boomq.pflb.ru/project-srv/project/2892"
475="https://dev-boomq.pflb.ru/project-srv/project/2892/version/3933"
476="https://dev-boomq.pflb.ru/project-srv/project/2892/version/3933/downloadLink"
477="https://dev-boomq.pflb.ru/minio/boomq/boomq/teams/13/projects/2892/v_3933.yaml?X-Amz-Algorithm=AWS4-HMAC-SHA256&X-Amz-Credential=AKIAIOSFODNN7EXAMPLE/20240618/us-east-1/s3/aws4_request&X-Amz-Date=20240618T165914Z&X-Amz-Expires=604800&X-Amz-SignedHeaders=host&X-Amz-Signature=281f1ce76965215f9f2130c6755ded86f0b23a7e3d13bd4a9c104e9731825271"
478="https://dev-boomq.pflb.ru/project-srv/project/2893"
479="https://dev-boomq.pflb.ru/project-srv/project/2893/version/3934"
480="https://dev-boomq.pflb.ru/project-srv/project/2893/version/3934/downloadLink"
481="https://dev-boomq.pflb.ru/minio/boomq/boomq/teams/13/projects/2893/v_3934.yaml?X-Amz-Algorithm=AWS4-HMAC-SHA256&X-Amz-Credential=AKIAIOSFODNN7EXAMPLE/20240618/us-east-1/s3/aws4_request&X-Amz-Date=20240618T165914Z&X-Amz-Expires=604800&X-Amz-SignedHeaders=host&X-Amz-Signature=281f1ce76965215f9f2130c6755ded86f0b23a7e3d13bd4a9c104e9731825271"
482="https://dev-boomq.pflb.ru/project-srv/project/2897"
483="https://dev-boomq.pflb.ru/project-srv/project/2897/version/3938"
484="https://dev-boomq.pflb.ru/project-srv/project/2897/version/3938/downloadLink"
485="https://dev-boomq.pflb.ru/minio/boomq/boomq/teams/13/projects/2897/v_3938.yaml?X-Amz-Algorithm=AWS4-HMAC-SHA256&X-Amz-Credential=AKIAIOSFODNN7EXAMPLE/20240618/us-east-1/s3/aws4_request&X-Amz-Date=20240618T165914Z&X-Amz-Expires=604800&X-Amz-SignedHeaders=host&X-Amz-Signature=281f1ce76965215f9f2130c6755ded86f0b23a7e3d13bd4a9c104e9731825271"
486="https://dev-boomq.pflb.ru/project-srv/project/2900"
487="https://dev-boomq.pflb.ru/project-srv/project/2900/version/3941"
488="https://dev-boomq.pflb.ru/project-srv/project/2900/version/3941/downloadLink"
489="https://dev-boomq.pflb.ru/minio/boomq/boomq/teams/13/projects/2900/v_3941.yaml?X-Amz-Algorithm=AWS4-HMAC-SHA256&X-Amz-Credential=AKIAIOSFODNN7EXAMPLE/20240618/us-east-1/s3/aws4_request&X-Amz-Date=20240618T165914Z&X-Amz-Expires=604800&X-Amz-SignedHeaders=host&X-Amz-Signature=281f1ce76965215f9f2130c6755ded86f0b23a7e3d13bd4a9c104e9731825271"
490="https://dev-boomq.pflb.ru/project-srv/project/2896"
